Apr 15 18:14:02 seang1c rsyslogd: [origin software="rsyslogd" swVersion="8.24.0-41.el7_7.4" x-pid="12975" x-info="http://www.rsyslog.com"] rsyslogd was HUPed
Apr 15 18:14:46 seang1c dhclient[1478]: PRC: Renewing lease on ens5.
Apr 15 18:14:46 seang1c dhclient[1478]: XMT: Renew on ens5, interval 9300ms.
Apr 15 18:14:46 seang1c dhclient[1478]: RCV: Reply message on ens5 from fe80::c05:26ff:fe5a:f8da.
Apr 15 18:14:46 seang1c NetworkManager[791]: <info>  [1586974486.7896] dhcp6 (ens5):   valid_lft 450
Apr 15 18:14:46 seang1c NetworkManager[791]: <info>  [1586974486.7900] dhcp6 (ens5):   preferred_lft 150
Apr 15 18:14:46 seang1c NetworkManager[791]: <info>  [1586974486.7900] dhcp6 (ens5):   address 2600:1f14:ec4:9803:ee1b:31c5:7864:892d
Apr 15 18:14:46 seang1c NetworkManager[791]: <info>  [1586974486.7900] dhcp6 (ens5): state changed bound -> bound, event ID="94:a6:a2:fc|1586974486"
Apr 15 18:14:46 seang1c dbus[679]: [system] Activating via systemd: service name='org.freedesktop.nm_dispatcher' unit='dbus-org.freedesktop.nm-dispatcher.service'
Apr 15 18:14:46 seang1c systemd: Starting Network Manager Script Dispatcher Service...
Apr 15 18:14:46 seang1c dbus[679]: [system] Successfully activated service 'org.freedesktop.nm_dispatcher'
Apr 15 18:14:46 seang1c systemd: Started Network Manager Script Dispatcher Service.
Apr 15 18:14:46 seang1c nm-dispatcher: req:1 'dhcp6-change' [ens5]: new request (5 scripts)
Apr 15 18:14:46 seang1c nm-dispatcher: req:1 'dhcp6-change' [ens5]: start running ordered scripts...
Apr 15 18:15:01 seang1c systemd: Started Session 39 of user root.
Apr 15 18:15:10 seang1c chronyd[682]: Source 144.172.126.201 replaced with 142.147.92.5
Apr 15 18:15:57 seang1c amazon-ssm-agent: 2020-04-15 18:15:57 INFO [LongRunningPluginsManager] There are no long running plugins currently getting executed - skipping their healthcheck
Apr 15 18:16:01 seang1c systemd: Started Session 40 of user root.
Apr 15 18:16:01 seang1c dhclient[1478]: PRC: Renewing lease on ens5.
Apr 15 18:16:01 seang1c dhclient[1478]: XMT: Renew on ens5, interval 10250ms.
Apr 15 18:16:01 seang1c dhclient[1478]: RCV: Reply message on ens5 from fe80::c05:26ff:fe5a:f8da.
Apr 15 18:16:01 seang1c NetworkManager[791]: <info>  [1586974561.8105] dhcp6 (ens5):   valid_lft 450
Apr 15 18:16:01 seang1c NetworkManager[791]: <info>  [1586974561.8107] dhcp6 (ens5):   preferred_lft 150
Apr 15 18:16:01 seang1c NetworkManager[791]: <info>  [1586974561.8107] dhcp6 (ens5):   address 2600:1f14:ec4:9803:ee1b:31c5:7864:892d
Apr 15 18:16:01 seang1c NetworkManager[791]: <info>  [1586974561.8107] dhcp6 (ens5): state changed bound -> bound, event ID="94:a6:a2:fc|1586974561"
Apr 15 18:16:01 seang1c dbus[679]: [system] Activating via systemd: service name='org.freedesktop.nm_dispatcher' unit='dbus-org.freedesktop.nm-dispatcher.service'
Apr 15 18:16:01 seang1c systemd: Starting Network Manager Script Dispatcher Service...
Apr 15 18:16:01 seang1c dbus[679]: [system] Successfully activated service 'org.freedesktop.nm_dispatcher'
Apr 15 18:16:01 seang1c systemd: Started Network Manager Script Dispatcher Service.
Apr 15 18:16:01 seang1c nm-dispatcher: req:1 'dhcp6-change' [ens5]: new request (5 scripts)
Apr 15 18:16:01 seang1c nm-dispatcher: req:1 'dhcp6-change' [ens5]: start running ordered scripts...
Apr 15 18:17:01 seang1c systemd: Started Session 41 of user root.
Apr 15 18:17:16 seang1c dhclient[1478]: PRC: Renewing lease on ens5.
Apr 15 18:17:16 seang1c dhclient[1478]: XMT: Renew on ens5, interval 9270ms.
Apr 15 18:17:16 seang1c dhclient[1478]: RCV: Reply message on ens5 from fe80::c05:26ff:fe5a:f8da.
Apr 15 18:17:16 seang1c NetworkManager[791]: <info>  [1586974636.8945] dhcp6 (ens5):   valid_lft 450
Apr 15 18:17:16 seang1c systemd: Starting Network Manager Script Dispatcher Service...
Apr 15 18:17:16 seang1c NetworkManager[791]: <info>  [1586974636.8947] dhcp6 (ens5):   preferred_lft 150
Apr 15 18:17:16 seang1c NetworkManager[791]: <info>  [1586974636.8947] dhcp6 (ens5):   address 2600:1f14:ec4:9803:ee1b:31c5:7864:892d
Apr 15 18:17:16 seang1c NetworkManager[791]: <info>  [1586974636.8947] dhcp6 (ens5): state changed bound -> bound, event ID="94:a6:a2:fc|1586974636"
Apr 15 18:17:16 seang1c dbus[679]: [system] Activating via systemd: service name='org.freedesktop.nm_dispatcher' unit='dbus-org.freedesktop.nm-dispatcher.service'
Apr 15 18:17:16 seang1c dbus[679]: [system] Successfully activated service 'org.freedesktop.nm_dispatcher'
Apr 15 18:17:16 seang1c systemd: Started Network Manager Script Dispatcher Service.
Apr 15 18:17:16 seang1c nm-dispatcher: req:1 'dhcp6-change' [ens5]: new request (5 scripts)
Apr 15 18:17:16 seang1c nm-dispatcher: req:1 'dhcp6-change' [ens5]: start running ordered scripts...
Apr 15 18:18:01 seang1c systemd: Started Session 42 of user root.
Apr 15 18:18:31 seang1c amazon-ssm-agent: 2020-04-15 18:18:31 INFO [HealthCheck] HealthCheck reporting agent health.
Apr 15 18:18:31 seang1c dhclient[1478]: PRC: Renewing lease on ens5.
Apr 15 18:18:31 seang1c dhclient[1478]: XMT: Renew on ens5, interval 10350ms.
Apr 15 18:18:31 seang1c dhclient[1478]: RCV: Reply message on ens5 from fe80::c05:26ff:fe5a:f8da.
Apr 15 18:18:31 seang1c NetworkManager[791]: <info>  [1586974711.9538] dhcp6 (ens5):   valid_lft 450
Apr 15 18:18:31 seang1c NetworkManager[791]: <info>  [1586974711.9540] dhcp6 (ens5):   preferred_lft 150
Apr 15 18:18:31 seang1c NetworkManager[791]: <info>  [1586974711.9540] dhcp6 (ens5):   address 2600:1f14:ec4:9803:ee1b:31c5:7864:892d
Apr 15 18:18:31 seang1c NetworkManager[791]: <info>  [1586974711.9540] dhcp6 (ens5): state changed bound -> bound, event ID="94:a6:a2:fc|1586974711"
Apr 15 18:18:31 seang1c dbus[679]: [system] Activating via systemd: service name='org.freedesktop.nm_dispatcher' unit='dbus-org.freedesktop.nm-dispatcher.service'
Apr 15 18:18:31 seang1c systemd: Starting Network Manager Script Dispatcher Service...
Apr 15 18:18:31 seang1c dbus[679]: [system] Successfully activated service 'org.freedesktop.nm_dispatcher'
Apr 15 18:18:31 seang1c systemd: Started Network Manager Script Dispatcher Service.
Apr 15 18:18:31 seang1c nm-dispatcher: req:1 'dhcp6-change' [ens5]: new request (5 scripts)
Apr 15 18:18:31 seang1c nm-dispatcher: req:1 'dhcp6-change' [ens5]: start running ordered scripts...
Apr 15 18:18:53 seang1c systemd-logind: Power key pressed.
Apr 15 18:18:53 seang1c systemd-logind: Powering Off...
Apr 15 18:18:53 seang1c systemd-logind: System is powering down.
Apr 15 18:18:53 seang1c systemd: Stopping RealtimeKit Scheduling Policy Service...
Apr 15 18:18:53 seang1c systemd: Stopping Daemon for power management...
Apr 15 18:18:53 seang1c systemd: Stopping Manage, Install and Generate Color Profiles...
Apr 15 18:18:53 seang1c systemd: Stopping Session 25 of user root.
Apr 15 18:18:53 seang1c systemd: Stopping NFS server and services...
Apr 15 18:18:53 seang1c systemd: Stopped target RPC Port Mapper.
Apr 15 18:18:53 seang1c systemd: Stopping Thunderbolt system service...
Apr 15 18:18:53 seang1c systemd: Stopped target Timers.
Apr 15 18:18:53 seang1c systemd: Stopped Daily Cleanup of Temporary Directories.
Apr 15 18:18:53 seang1c systemd: Removed slice system-selinux\x2dpolicy\x2dmigrate\x2dlocal\x2dchanges.slice.
Apr 15 18:18:53 seang1c systemd: Stopping Availability of block devices...
Apr 15 18:18:53 seang1c systemd: Removed slice system-vncserver.slice.
Apr 15 18:18:53 seang1c systemd: Closed LVM2 poll daemon socket.
Apr 15 18:18:53 seang1c systemd: Stopped Dump dmesg to /var/log/dmesg.
Apr 15 18:18:53 seang1c systemd: Stopping RPC bind service...
Apr 15 18:18:53 seang1c systemd: Stopped target Multi-User System.
Apr 15 18:18:53 seang1c chronyd[682]: chronyd exiting
Apr 15 18:18:53 seang1c systemd: Stopping NTP client/server...
Apr 15 18:18:53 seang1c systemd: Stopped Apply the settings specified in cloud-config.
Apr 15 18:18:53 seang1c systemd: Stopping irqbalance daemon...
Apr 15 18:18:53 seang1c systemd: Stopped target Login Prompts.
Apr 15 18:18:53 seang1c systemd: Stopping Serial Getty on ttyS0...
Apr 15 18:18:53 seang1c systemd: Stopping Playground Web Terminal...
Apr 15 18:18:53 seang1c systemd: Stopping OpenSSH server daemon...
Apr 15 18:18:53 seang1c systemd: Stopping Dynamic System Tuning Daemon...
Apr 15 18:18:53 seang1c systemd: Stopping Avahi mDNS/DNS-SD Stack...
Apr 15 18:18:53 seang1c systemd: Stopping Session c2 of user cloud_user.
Apr 15 18:18:53 seang1c systemd: Stopping Getty on tty1...
Apr 15 18:27:36 ip-172-31-24-75 kernel: Initializing cgroup subsys cpuset
Apr 15 18:27:36 ip-172-31-24-75 kernel: Initializing cgroup subsys cpu
Apr 15 18:27:36 ip-172-31-24-75 kernel: Initializing cgroup subsys cpuacct
Apr 15 18:27:36 ip-172-31-24-75 kernel: Linux version 3.10.0-1062.18.1.el7.x86_64 (mockbuild@kbuilder.bsys.centos.org) (gcc version 4.8.5 20150623 (Red Hat 4.8.5-39) (GCC) ) #1 SMP Tue Mar 17 23:49:17 UTC 2020
Apr 15 18:27:36 ip-172-31-24-75 kernel: Command line: BOOT_IMAGE=/boot/vmlinuz-3.10.0-1062.18.1.el7.x86_64 root=UUID=0f790447-ebef-4ca0-b229-d0aa1985d57f ro console=ttyS0,115200 console=tty0 console=ttyS0,115200n8 vconsole.font=latarcyrheb-sun16 crashkernel=auto vconsole.keymap=us LANG=en_US.UTF-8
Apr 15 18:27:36 ip-172-31-24-75 kernel: e820: BIOS-provided physical RAM map:
Apr 15 18:27:36 ip-172-31-24-75 kernel: BIOS-e820: [mem 0x0000000000000000-0x000000000009fbff] usable
Apr 15 18:27:36 ip-172-31-24-75 kernel: BIOS-e820: [mem 0x000000000009fc00-0x000000000009ffff] reserved
Apr 15 18:27:36 ip-172-31-24-75 kernel: BIOS-e820: [mem 0x00000000000f0000-0x00000000000fffff] reserved
Apr 15 18:27:36 ip-172-31-24-75 kernel: BIOS-e820: [mem 0x0000000000100000-0x000000003e3f9fff] usable
Apr 15 18:27:36 ip-172-31-24-75 kernel: BIOS-e820: [mem 0x000000003e3fa000-0x000000003fffffff] reserved
Apr 15 18:27:36 ip-172-31-24-75 kernel: BIOS-e820: [mem 0x00000000e0000000-0x00000000e03fffff] reserved
Apr 15 18:27:36 ip-172-31-24-75 kernel: BIOS-e820: [mem 0x00000000fffc0000-0x00000000ffffffff] reserved
Apr 15 18:27:36 ip-172-31-24-75 kernel: NX (Execute Disable) protection: active
Apr 15 18:27:36 ip-172-31-24-75 kernel: SMBIOS 2.7 present.
Apr 15 18:27:36 ip-172-31-24-75 kernel: DMI: Amazon EC2 t3.micro/, BIOS 1.0 10/16/2017
Apr 15 18:27:36 ip-172-31-24-75 kernel: Hypervisor detected: KVM
Apr 15 18:27:36 ip-172-31-24-75 kernel: e820: last_pfn = 0x3e3fa max_arch_pfn = 0x400000000
Apr 15 18:27:36 ip-172-31-24-75 kernel: PAT configuration [0-7]: WB  WC  UC- UC  WB  WP  UC- UC  
Apr 15 18:27:36 ip-172-31-24-75 kernel: Using GB pages for direct mapping
Apr 15 18:27:36 ip-172-31-24-75 kernel: RAMDISK: [mem 0x2fd7c000-0x33eb5fff]
Apr 15 18:27:36 ip-172-31-24-75 kernel: Early table checksum verification disabled
Apr 15 18:27:36 ip-172-31-24-75 kernel: ACPI: RSDP 00000000000f8fa0 00014 (v00 AMAZON)
Apr 15 18:27:36 ip-172-31-24-75 kernel: ACPI: RSDT 000000003e3fe360 0003C (v01 AMAZON AMZNRSDT 00000001 AMZN 00000001)
Apr 15 18:27:36 ip-172-31-24-75 kernel: ACPI: FACP 000000003e3fff80 00074 (v01 AMAZON AMZNFACP 00000001 AMZN 00000001)
Apr 15 18:27:36 ip-172-31-24-75 kernel: ACPI: DSDT 000000003e3fe3a0 010E9 (v01 AMAZON AMZNDSDT 00000001 AMZN 00000001)
Apr 15 18:27:36 ip-172-31-24-75 kernel: ACPI: FACS 000000003e3fff40 00040
Apr 15 18:27:36 ip-172-31-24-75 kernel: ACPI: SSDT 000000003e3ff6c0 0087A (v01 AMAZON AMZNSSDT 00000001 AMZN 00000001)
Apr 15 18:27:36 ip-172-31-24-75 kernel: ACPI: APIC 000000003e3ff5d0 00076 (v01 AMAZON AMZNAPIC 00000001 AMZN 00000001)
Apr 15 18:27:36 ip-172-31-24-75 kernel: ACPI: SRAT 000000003e3ff530 000A0 (v01 AMAZON AMZNSRAT 00000001 AMZN 00000001)
Apr 15 18:27:36 ip-172-31-24-75 kernel: ACPI: SLIT 000000003e3ff4c0 0006C (v01 AMAZON AMZNSLIT 00000001 AMZN 00000001)
Apr 15 18:27:36 ip-172-31-24-75 kernel: ACPI: WAET 000000003e3ff490 00028 (v01 AMAZON AMZNWAET 00000001 AMZN 00000001)
Apr 15 18:27:36 ip-172-31-24-75 kernel: SRAT: PXM 0 -> APIC 0x00 -> Node 0
Apr 15 18:27:36 ip-172-31-24-75 kernel: SRAT: PXM 0 -> APIC 0x01 -> Node 0
Apr 15 18:27:36 ip-172-31-24-75 kernel: SRAT: Node 0 PXM 0 [mem 0x00000000-0x3fffffff]
Apr 15 18:27:36 ip-172-31-24-75 kernel: NODE_DATA(0) allocated [mem 0x3e3d2000-0x3e3f8fff]
Apr 15 18:27:36 ip-172-31-24-75 kernel: crashkernel=auto resulted in zero bytes of reserved memory.
Apr 15 18:27:36 ip-172-31-24-75 kernel: kvm-clock: cpu 0, msr 0:3e381001, primary cpu clock
Apr 15 18:27:36 ip-172-31-24-75 kernel: kvm-clock: Using msrs 4b564d01 and 4b564d00
Apr 15 18:27:36 ip-172-31-24-75 kernel: kvm-clock: using sched offset of 36860088360 cycles
Apr 15 18:27:36 ip-172-31-24-75 kernel: Zone ranges:
Apr 15 18:27:36 ip-172-31-24-75 kernel:  DMA      [mem 0x00001000-0x00ffffff]
Apr 15 18:27:36 ip-172-31-24-75 kernel:  DMA32    [mem 0x01000000-0xffffffff]
Apr 15 18:27:36 ip-172-31-24-75 kernel:  Normal   empty
Apr 15 18:27:36 ip-172-31-24-75 kernel: Movable zone start for each node
Apr 15 18:27:36 ip-172-31-24-75 kernel: Early memory node ranges
Apr 15 18:27:36 ip-172-31-24-75 kernel:  node   0: [mem 0x00001000-0x0009efff]
Apr 15 18:27:36 ip-172-31-24-75 kernel:  node   0: [mem 0x00100000-0x3e3f9fff]
Apr 15 18:27:36 ip-172-31-24-75 kernel: Initmem setup node 0 [mem 0x00001000-0x3e3f9fff]
Apr 15 18:27:36 ip-172-31-24-75 kernel: ACPI: PM-Timer IO Port: 0xb008
Apr 15 18:27:36 ip-172-31-24-75 kernel: ACPI: LAPIC (acpi_id[0x00] lapic_id[0x00] enabled)
Apr 15 18:27:36 ip-172-31-24-75 kernel: ACPI: LAPIC (acpi_id[0x01] lapic_id[0x01] enabled)
Apr 15 18:27:36 ip-172-31-24-75 kernel: ACPI: LAPIC_NMI (acpi_id[0xff] dfl dfl lint[0x1])
Apr 15 18:27:36 ip-172-31-24-75 kernel: ACPI: IOAPIC (id[0x00] address[0xfec00000] gsi_base[0])
Apr 15 18:27:36 ip-172-31-24-75 kernel: IOAPIC[0]: apic_id 0, version 17, address 0xfec00000, GSI 0-23
Apr 15 18:27:36 ip-172-31-24-75 kernel: ACPI: INT_SRC_OVR (bus 0 bus_irq 5 global_irq 5 high level)
Apr 15 18:27:36 ip-172-31-24-75 kernel: ACPI: INT_SRC_OVR (bus 0 bus_irq 9 global_irq 9 high level)
Apr 15 18:27:36 ip-172-31-24-75 kernel: ACPI: INT_SRC_OVR (bus 0 bus_irq 10 global_irq 10 high level)
Apr 15 18:27:36 ip-172-31-24-75 kernel: ACPI: INT_SRC_OVR (bus 0 bus_irq 11 global_irq 11 high level)
Apr 15 18:27:36 ip-172-31-24-75 kernel: Using ACPI (MADT) for SMP configuration information
Apr 15 18:27:36 ip-172-31-24-75 kernel: smpboot: Allowing 2 CPUs, 0 hotplug CPUs
Apr 15 18:27:36 ip-172-31-24-75 kernel: PM: Registered nosave memory: [mem 0x0009f000-0x0009ffff]
Apr 15 18:27:36 ip-172-31-24-75 kernel: PM: Registered nosave memory: [mem 0x000a0000-0x000effff]
Apr 15 18:27:36 ip-172-31-24-75 kernel: PM: Registered nosave memory: [mem 0x000f0000-0x000fffff]
Apr 15 18:27:36 ip-172-31-24-75 kernel: e820: [mem 0x40000000-0xdfffffff] available for PCI devices
Apr 15 18:27:36 ip-172-31-24-75 kernel: Booting paravirtualized kernel on KVM
Apr 15 18:27:36 ip-172-31-24-75 kernel: setup_percpu: NR_CPUS:5120 nr_cpumask_bits:2 nr_cpu_ids:2 nr_node_ids:1
Apr 15 18:27:36 ip-172-31-24-75 kernel: PERCPU: Embedded 38 pages/cpu @ffff93aa7e000000 s118784 r8192 d28672 u1048576
Apr 15 18:27:36 ip-172-31-24-75 kernel: KVM setup async PF for cpu 0
Apr 15 18:27:36 ip-172-31-24-75 kernel: kvm-stealtime: cpu 0, msr 3e01c040
Apr 15 18:27:36 ip-172-31-24-75 kernel: PV qspinlock hash table entries: 256 (order: 0, 4096 bytes)
Apr 15 18:27:36 ip-172-31-24-75 kernel: Built 1 zonelists in Node order, mobility grouping on.  Total pages: 250867
Apr 15 18:27:36 ip-172-31-24-75 kernel: Policy zone: DMA32
Apr 15 18:27:36 ip-172-31-24-75 kernel: Kernel command line: BOOT_IMAGE=/boot/vmlinuz-3.10.0-1062.18.1.el7.x86_64 root=UUID=0f790447-ebef-4ca0-b229-d0aa1985d57f ro console=ttyS0,115200 console=tty0 console=ttyS0,115200n8 vconsole.font=latarcyrheb-sun16 crashkernel=auto vconsole.keymap=us LANG=en_US.UTF-8
Apr 15 18:27:36 ip-172-31-24-75 kernel: PID hash table entries: 4096 (order: 3, 32768 bytes)
Apr 15 18:27:36 ip-172-31-24-75 kernel: x86/fpu: xstate_offset[2]: 0240, xstate_sizes[2]: 0100
Apr 15 18:27:36 ip-172-31-24-75 kernel: x86/fpu: xstate_offset[3]: 03c0, xstate_sizes[3]: 0040
Apr 15 18:27:36 ip-172-31-24-75 kernel: x86/fpu: xstate_offset[4]: 0400, xstate_sizes[4]: 0040
Apr 15 18:27:36 ip-172-31-24-75 kernel: x86/fpu: xstate_offset[5]: 0440, xstate_sizes[5]: 0040
Apr 15 18:27:36 ip-172-31-24-75 kernel: x86/fpu: xstate_offset[6]: 0480, xstate_sizes[6]: 0200
Apr 15 18:27:36 ip-172-31-24-75 kernel: x86/fpu: xstate_offset[7]: 0680, xstate_sizes[7]: 0400
Apr 15 18:27:36 ip-172-31-24-75 kernel: x86/fpu: xstate_offset[8]: 0000, xstate_sizes[8]: 0000
Apr 15 18:27:36 ip-172-31-24-75 kernel: x86/fpu: xstate_offset[9]: 0a80, xstate_sizes[9]: 0008
Apr 15 18:27:36 ip-172-31-24-75 kernel: xsave: enabled xstate_bv 0x2ff, cntxt size 0xa88 using standard form
Apr 15 18:27:36 ip-172-31-24-75 kernel: Memory: 916256k/1019880k available (7764k kernel code, 392k absent, 103232k reserved, 5967k data, 1980k init)
Apr 15 18:27:36 ip-172-31-24-75 kernel: SLUB: HWalign=64, Order=0-3, MinObjects=0, CPUs=2, Nodes=1
Apr 15 18:27:36 ip-172-31-24-75 kernel: x86/pti: Unmapping kernel while in userspace
Apr 15 18:27:36 ip-172-31-24-75 kernel: Hierarchical RCU implementation.
Apr 15 18:27:36 ip-172-31-24-75 kernel: #011RCU restricting CPUs from NR_CPUS=5120 to nr_cpu_ids=2.
Apr 15 18:27:36 ip-172-31-24-75 kernel: NR_IRQS:327936 nr_irqs:440 0
Apr 15 18:27:36 ip-172-31-24-75 kernel: Console: colour VGA+ 80x25
Apr 15 18:27:36 ip-172-31-24-75 kernel: console [tty0] enabled
Apr 15 18:27:36 ip-172-31-24-75 kernel: console [ttyS0] enabled
Apr 15 18:27:36 ip-172-31-24-75 kernel: allocated 4194304 bytes of page_cgroup
Apr 15 18:27:36 ip-172-31-24-75 kernel: please try 'cgroup_disable=memory' option if you don't want memory cgroups
Apr 15 18:27:36 ip-172-31-24-75 kernel: tsc: Detected 2499.998 MHz processor
Apr 15 18:27:36 ip-172-31-24-75 kernel: Calibrating delay loop (skipped) preset value.. 4999.99 BogoMIPS (lpj=2499998)
Apr 15 18:27:36 ip-172-31-24-75 kernel: pid_max: default: 32768 minimum: 301
Apr 15 18:27:36 ip-172-31-24-75 kernel: Security Framework initialized
Apr 15 18:27:36 ip-172-31-24-75 kernel: SELinux:  Initializing.
Apr 15 18:27:36 ip-172-31-24-75 kernel: Yama: becoming mindful.
Apr 15 18:27:36 ip-172-31-24-75 kernel: Dentry cache hash table entries: 131072 (order: 8, 1048576 bytes)
Apr 15 18:27:36 ip-172-31-24-75 kernel: Inode-cache hash table entries: 65536 (order: 7, 524288 bytes)
Apr 15 18:27:36 ip-172-31-24-75 kernel: Mount-cache hash table entries: 2048 (order: 2, 16384 bytes)
Apr 15 18:27:36 ip-172-31-24-75 kernel: Mountpoint-cache hash table entries: 2048 (order: 2, 16384 bytes)
Apr 15 18:27:36 ip-172-31-24-75 kernel: Initializing cgroup subsys memory
Apr 15 18:27:36 ip-172-31-24-75 kernel: Initializing cgroup subsys devices
Apr 15 18:27:36 ip-172-31-24-75 kernel: Initializing cgroup subsys freezer
Apr 15 18:27:36 ip-172-31-24-75 kernel: Initializing cgroup subsys net_cls
Apr 15 18:27:36 ip-172-31-24-75 kernel: Initializing cgroup subsys blkio
Apr 15 18:27:36 ip-172-31-24-75 kernel: Initializing cgroup subsys perf_event
Apr 15 18:27:36 ip-172-31-24-75 kernel: Initializing cgroup subsys hugetlb
Apr 15 18:27:36 ip-172-31-24-75 kernel: Initializing cgroup subsys pids
Apr 15 18:27:36 ip-172-31-24-75 kernel: Initializing cgroup subsys net_prio
Apr 15 18:27:36 ip-172-31-24-75 kernel: Last level iTLB entries: 4KB 0, 2MB 0, 4MB 0
Apr 15 18:27:36 ip-172-31-24-75 kernel: Last level dTLB entries: 4KB 64, 2MB 0, 4MB 0
Apr 15 18:27:36 ip-172-31-24-75 kernel: tlb_flushall_shift: 6
Apr 15 18:27:36 ip-172-31-24-75 kernel: FEATURE SPEC_CTRL Not Present
Apr 15 18:27:36 ip-172-31-24-75 kernel: FEATURE IBPB_SUPPORT Not Present
Apr 15 18:27:36 ip-172-31-24-75 kernel: Spectre V1 : Mitigation: Load fences, usercopy/swapgs barriers and __user pointer sanitization
Apr 15 18:27:36 ip-172-31-24-75 kernel: Spectre V2 : Vulnerable: Retpoline without IBPB
Apr 15 18:27:36 ip-172-31-24-75 kernel: Speculative Store Bypass: Vulnerable
Apr 15 18:27:36 ip-172-31-24-75 kernel: MDS: Vulnerable: Clear CPU buffers attempted, no microcode
Apr 15 18:27:36 ip-172-31-24-75 kernel: TAA: Vulnerable: Clear CPU buffers attempted, no microcode
Apr 15 18:27:36 ip-172-31-24-75 kernel: Freeing SMP alternatives: 28k freed
Apr 15 18:27:36 ip-172-31-24-75 kernel: ACPI: Core revision 20130517
Apr 15 18:27:36 ip-172-31-24-75 kernel: ACPI: All ACPI Tables successfully acquired
Apr 15 18:27:36 ip-172-31-24-75 kernel: ftrace: allocating 29565 entries in 116 pages
Apr 15 18:27:36 ip-172-31-24-75 kernel: Enabling x2apic
Apr 15 18:27:36 ip-172-31-24-75 kernel: Enabled x2apic
Apr 15 18:27:36 ip-172-31-24-75 kernel: Switched APIC routing to physical x2apic.
Apr 15 18:27:36 ip-172-31-24-75 kernel: ..TIMER: vector=0x30 apic1=0 pin1=0 apic2=-1 pin2=-1
Apr 15 18:27:36 ip-172-31-24-75 kernel: smpboot: CPU0: Intel(R) Xeon(R) Platinum 8175M CPU @ 2.50GHz (fam: 06, model: 55, stepping: 04)
Apr 15 18:27:36 ip-172-31-24-75 kernel: Performance Events: unsupported p6 CPU model 85 no PMU driver, software events only.
Apr 15 18:27:36 ip-172-31-24-75 kernel: KVM setup paravirtual spinlock
Apr 15 18:27:36 ip-172-31-24-75 kernel: smpboot: Booting Node   0, Processors  #1 OK
Apr 15 18:27:36 ip-172-31-24-75 kernel: kvm-clock: cpu 1, msr 0:3e381041, secondary cpu clock
Apr 15 18:27:36 ip-172-31-24-75 kernel: KVM setup async PF for cpu 1
Apr 15 18:27:36 ip-172-31-24-75 kernel: kvm-stealtime: cpu 1, msr 3e11c040
Apr 15 18:27:36 ip-172-31-24-75 kernel: Brought up 2 CPUs
Apr 15 18:27:36 ip-172-31-24-75 kernel: smpboot: Max logical packages: 1
Apr 15 18:27:36 ip-172-31-24-75 kernel: smpboot: Total of 2 processors activated (9999.99 BogoMIPS)
Apr 15 18:27:36 ip-172-31-24-75 kernel: devtmpfs: initialized
Apr 15 18:27:36 ip-172-31-24-75 kernel: x86/mm: Memory block size: 128MB
Apr 15 18:27:36 ip-172-31-24-75 kernel: EVM: security.selinux
Apr 15 18:27:36 ip-172-31-24-75 kernel: EVM: security.ima
Apr 15 18:27:36 ip-172-31-24-75 kernel: EVM: security.capability
Apr 15 18:27:36 ip-172-31-24-75 kernel: atomic64 test passed for x86-64 platform with CX8 and with SSE
Apr 15 18:27:36 ip-172-31-24-75 kernel: pinctrl core: initialized pinctrl subsystem
Apr 15 18:27:36 ip-172-31-24-75 kernel: RTC time: 18:27:35, date: 04/15/20
Apr 15 18:27:36 ip-172-31-24-75 kernel: NET: Registered protocol family 16
Apr 15 18:27:36 ip-172-31-24-75 kernel: cpuidle: using governor haltpoll
Apr 15 18:27:36 ip-172-31-24-75 kernel: ACPI: bus type PCI registered
Apr 15 18:27:36 ip-172-31-24-75 kernel: acpiphp: ACPI Hot Plug PCI Controller Driver version: 0.5
Apr 15 18:27:36 ip-172-31-24-75 kernel: PCI: Using configuration type 1 for base access
Apr 15 18:27:36 ip-172-31-24-75 kernel: ACPI: Added _OSI(Module Device)
Apr 15 18:27:36 ip-172-31-24-75 kernel: ACPI: Added _OSI(Processor Device)
Apr 15 18:27:36 ip-172-31-24-75 kernel: ACPI: Added _OSI(3.0 _SCP Extensions)
Apr 15 18:27:36 ip-172-31-24-75 kernel: ACPI: Added _OSI(Processor Aggregator Device)
Apr 15 18:27:36 ip-172-31-24-75 kernel: ACPI: Added _OSI(Linux-Dell-Video)
Apr 15 18:27:36 ip-172-31-24-75 kernel: ACPI: Interpreter enabled
Apr 15 18:27:36 ip-172-31-24-75 kernel: ACPI: (supports S0 S4 S5)
Apr 15 18:27:36 ip-172-31-24-75 kernel: ACPI: Using IOAPIC for interrupt routing
Apr 15 18:27:36 ip-172-31-24-75 kernel: PCI: Using host bridge windows from ACPI; if necessary, use "pci=nocrs" and report a bug
Apr 15 18:27:36 ip-172-31-24-75 kernel: ACPI: Enabled 16 GPEs in block 00 to 0F
Apr 15 18:27:36 ip-172-31-24-75 kernel: ACPI: PCI Root Bridge [PCI0] (domain 0000 [bus 00-ff])
Apr 15 18:27:36 ip-172-31-24-75 kernel: acpi PNP0A03:00: _OSC: OS supports [ASPM ClockPM Segments MSI]
Apr 15 18:27:36 ip-172-31-24-75 kernel: acpi PNP0A03:00: _OSC failed (AE_NOT_FOUND); disabling ASPM
Apr 15 18:27:36 ip-172-31-24-75 kernel: acpi PNP0A03:00: fail to add MMCONFIG information, can't access extended PCI configuration space under this bridge.
Apr 15 18:27:36 ip-172-31-24-75 kernel: acpiphp: Slot [3] registered
Apr 15 18:27:36 ip-172-31-24-75 kernel: acpiphp: Slot [4] registered
Apr 15 18:27:36 ip-172-31-24-75 kernel: acpiphp: Slot [5] registered
Apr 15 18:27:36 ip-172-31-24-75 kernel: acpiphp: Slot [6] registered
Apr 15 18:27:36 ip-172-31-24-75 kernel: acpiphp: Slot [7] registered
Apr 15 18:27:36 ip-172-31-24-75 kernel: acpiphp: Slot [8] registered
Apr 15 18:27:36 ip-172-31-24-75 kernel: acpiphp: Slot [9] registered
Apr 15 18:27:36 ip-172-31-24-75 kernel: acpiphp: Slot [10] registered
Apr 15 18:27:36 ip-172-31-24-75 kernel: acpiphp: Slot [11] registered
Apr 15 18:27:36 ip-172-31-24-75 kernel: acpiphp: Slot [12] registered
Apr 15 18:27:36 ip-172-31-24-75 kernel: acpiphp: Slot [13] registered
Apr 15 18:27:36 ip-172-31-24-75 kernel: acpiphp: Slot [14] registered
Apr 15 18:27:36 ip-172-31-24-75 kernel: acpiphp: Slot [15] registered
Apr 15 18:27:36 ip-172-31-24-75 kernel: acpiphp: Slot [16] registered
Apr 15 18:27:36 ip-172-31-24-75 kernel: acpiphp: Slot [17] registered
Apr 15 18:27:36 ip-172-31-24-75 kernel: acpiphp: Slot [18] registered
Apr 15 18:27:36 ip-172-31-24-75 kernel: acpiphp: Slot [19] registered
Apr 15 18:27:36 ip-172-31-24-75 kernel: acpiphp: Slot [20] registered
Apr 15 18:27:36 ip-172-31-24-75 kernel: acpiphp: Slot [21] registered
Apr 15 18:27:36 ip-172-31-24-75 kernel: acpiphp: Slot [22] registered
Apr 15 18:27:36 ip-172-31-24-75 kernel: acpiphp: Slot [23] registered
Apr 15 18:27:36 ip-172-31-24-75 kernel: acpiphp: Slot [24] registered
Apr 15 18:27:36 ip-172-31-24-75 kernel: acpiphp: Slot [25] registered
Apr 15 18:27:36 ip-172-31-24-75 kernel: acpiphp: Slot [26] registered
Apr 15 18:27:36 ip-172-31-24-75 kernel: acpiphp: Slot [27] registered
Apr 15 18:27:36 ip-172-31-24-75 kernel: acpiphp: Slot [28] registered
Apr 15 18:27:36 ip-172-31-24-75 kernel: acpiphp: Slot [29] registered
Apr 15 18:27:36 ip-172-31-24-75 kernel: acpiphp: Slot [30] registered
Apr 15 18:27:36 ip-172-31-24-75 kernel: acpiphp: Slot [31] registered
Apr 15 18:27:36 ip-172-31-24-75 kernel: PCI host bridge to bus 0000:00
Apr 15 18:27:36 ip-172-31-24-75 kernel: pci_bus 0000:00: root bus resource [io  0x0000-0x0cf7 window]
Apr 15 18:27:36 ip-172-31-24-75 kernel: pci_bus 0000:00: root bus resource [io  0x0d00-0xffff window]
Apr 15 18:27:36 ip-172-31-24-75 kernel: pci_bus 0000:00: root bus resource [mem 0x000a0000-0x000bffff window]
Apr 15 18:27:36 ip-172-31-24-75 kernel: pci_bus 0000:00: root bus resource [mem 0x80000000-0xfebfffff window]
Apr 15 18:27:36 ip-172-31-24-75 kernel: pci_bus 0000:00: root bus resource [bus 00-ff]
Apr 15 18:27:36 ip-172-31-24-75 kernel: pci 0000:00:01.3: quirk: [io  0xb000-0xb03f] claimed by PIIX4 ACPI
Apr 15 18:27:36 ip-172-31-24-75 kernel: pci 0000:00:01.3: quirk: [io  0xb100-0xb10f] claimed by PIIX4 SMB
Apr 15 18:27:36 ip-172-31-24-75 kernel: pci 0000:00:01.3: PIIX4 devres E PIO at fff0-ffff
Apr 15 18:27:36 ip-172-31-24-75 kernel: pci 0000:00:01.3: PIIX4 devres F MMIO at ffc00000-ffffffff
Apr 15 18:27:36 ip-172-31-24-75 kernel: pci 0000:00:01.3: PIIX4 devres G PIO at fff0-ffff
Apr 15 18:27:36 ip-172-31-24-75 kernel: pci 0000:00:01.3: PIIX4 devres H MMIO at ffc00000-ffffffff
Apr 15 18:27:36 ip-172-31-24-75 kernel: pci 0000:00:01.3: PIIX4 devres I PIO at fff0-ffff
Apr 15 18:27:36 ip-172-31-24-75 kernel: pci 0000:00:01.3: PIIX4 devres J PIO at fff0-ffff
Apr 15 18:27:36 ip-172-31-24-75 kernel: ACPI: PCI Interrupt Link [LNKA] (IRQs 5 *10 11)
Apr 15 18:27:36 ip-172-31-24-75 kernel: ACPI: PCI Interrupt Link [LNKB] (IRQs 5 *10 11)
Apr 15 18:27:36 ip-172-31-24-75 kernel: ACPI: PCI Interrupt Link [LNKC] (IRQs 5 10 *11)
Apr 15 18:27:36 ip-172-31-24-75 kernel: ACPI: PCI Interrupt Link [LNKD] (IRQs 5 10 *11)
Apr 15 18:27:36 ip-172-31-24-75 kernel: ACPI: PCI Interrupt Link [LNKS] (IRQs *9)
Apr 15 18:27:36 ip-172-31-24-75 kernel: vgaarb: device added: PCI:0000:00:03.0,decodes=io+mem,owns=io+mem,locks=none
Apr 15 18:27:36 ip-172-31-24-75 kernel: vgaarb: loaded
Apr 15 18:27:36 ip-172-31-24-75 kernel: vgaarb: bridge control possible 0000:00:03.0
Apr 15 18:27:36 ip-172-31-24-75 kernel: SCSI subsystem initialized
Apr 15 18:27:36 ip-172-31-24-75 kernel: ACPI: bus type USB registered
Apr 15 18:27:36 ip-172-31-24-75 kernel: usbcore: registered new interface driver usbfs
Apr 15 18:27:36 ip-172-31-24-75 kernel: usbcore: registered new interface driver hub
Apr 15 18:27:36 ip-172-31-24-75 kernel: usbcore: registered new device driver usb
Apr 15 18:27:36 ip-172-31-24-75 kernel: EDAC MC: Ver: 3.0.0
Apr 15 18:27:36 ip-172-31-24-75 kernel: PCI: Using ACPI for IRQ routing
Apr 15 18:27:36 ip-172-31-24-75 kernel: NetLabel: Initializing
Apr 15 18:27:36 ip-172-31-24-75 kernel: NetLabel:  domain hash size = 128
Apr 15 18:27:36 ip-172-31-24-75 kernel: NetLabel:  protocols = UNLABELED CIPSOv4
Apr 15 18:27:36 ip-172-31-24-75 kernel: NetLabel:  unlabeled traffic allowed by default
Apr 15 18:27:36 ip-172-31-24-75 kernel: amd_nb: Cannot enumerate AMD northbridges
Apr 15 18:27:36 ip-172-31-24-75 kernel: Switched to clocksource kvm-clock
Apr 15 18:27:36 ip-172-31-24-75 kernel: pnp: PnP ACPI init
Apr 15 18:27:36 ip-172-31-24-75 kernel: ACPI: bus type PNP registered
Apr 15 18:27:36 ip-172-31-24-75 kernel: pnp: PnP ACPI: found 5 devices
Apr 15 18:27:36 ip-172-31-24-75 kernel: ACPI: bus type PNP unregistered
Apr 15 18:27:36 ip-172-31-24-75 kernel: NET: Registered protocol family 2
Apr 15 18:27:36 ip-172-31-24-75 kernel: TCP established hash table entries: 8192 (order: 4, 65536 bytes)
Apr 15 18:27:36 ip-172-31-24-75 kernel: TCP bind hash table entries: 8192 (order: 5, 131072 bytes)
Apr 15 18:27:36 ip-172-31-24-75 kernel: TCP: Hash tables configured (established 8192 bind 8192)
Apr 15 18:27:36 ip-172-31-24-75 kernel: TCP: reno registered
Apr 15 18:27:36 ip-172-31-24-75 kernel: UDP hash table entries: 512 (order: 2, 16384 bytes)
Apr 15 18:27:36 ip-172-31-24-75 kernel: UDP-Lite hash table entries: 512 (order: 2, 16384 bytes)
Apr 15 18:27:36 ip-172-31-24-75 kernel: NET: Registered protocol family 1
Apr 15 18:27:36 ip-172-31-24-75 kernel: pci 0000:00:00.0: Limiting direct PCI/PCI transfers
Apr 15 18:27:36 ip-172-31-24-75 kernel: pci 0000:00:01.0: Activating ISA DMA hang workarounds
Apr 15 18:27:36 ip-172-31-24-75 kernel: Unpacking initramfs...
Apr 15 18:27:36 ip-172-31-24-75 kernel: Freeing initrd memory: 66792k freed
Apr 15 18:27:36 ip-172-31-24-75 kernel: RAPL PMU: API unit is 2^-32 Joules, 3 fixed counters, 10737418240 ms ovfl timer
Apr 15 18:27:36 ip-172-31-24-75 kernel: RAPL PMU: hw unit of domain pp0-core 2^-0 Joules
Apr 15 18:27:36 ip-172-31-24-75 kernel: RAPL PMU: hw unit of domain package 2^-0 Joules
Apr 15 18:27:36 ip-172-31-24-75 kernel: RAPL PMU: hw unit of domain dram 2^-16 Joules
Apr 15 18:27:36 ip-172-31-24-75 kernel: sha1_ssse3: Using AVX2 optimized SHA-1 implementation
Apr 15 18:27:36 ip-172-31-24-75 kernel: sha256_ssse3: Using AVX2 optimized SHA-256 implementation
Apr 15 18:27:36 ip-172-31-24-75 kernel: futex hash table entries: 512 (order: 3, 32768 bytes)
Apr 15 18:27:36 ip-172-31-24-75 kernel: Initialise system trusted keyring
Apr 15 18:27:36 ip-172-31-24-75 kernel: audit: initializing netlink socket (disabled)
Apr 15 18:27:36 ip-172-31-24-75 kernel: type=2000 audit(1586975255.442:1): initialized
Apr 15 18:27:36 ip-172-31-24-75 kernel: HugeTLB registered 1 GB page size, pre-allocated 0 pages
Apr 15 18:27:36 ip-172-31-24-75 kernel: HugeTLB registered 2 MB page size, pre-allocated 0 pages
Apr 15 18:27:36 ip-172-31-24-75 kernel: zpool: loaded
Apr 15 18:27:36 ip-172-31-24-75 kernel: zbud: loaded
Apr 15 18:27:36 ip-172-31-24-75 kernel: VFS: Disk quotas dquot_6.5.2
Apr 15 18:27:36 ip-172-31-24-75 kernel: Dquot-cache hash table entries: 512 (order 0, 4096 bytes)
Apr 15 18:27:36 ip-172-31-24-75 kernel: msgmni has been set to 1920
Apr 15 18:27:36 ip-172-31-24-75 kernel: Key type big_key registered
Apr 15 18:27:36 ip-172-31-24-75 kernel: NET: Registered protocol family 38
Apr 15 18:27:36 ip-172-31-24-75 kernel: Key type asymmetric registered
Apr 15 18:27:36 ip-172-31-24-75 kernel: Asymmetric key parser 'x509' registered
Apr 15 18:27:36 ip-172-31-24-75 kernel: Block layer SCSI generic (bsg) driver version 0.4 loaded (major 248)
Apr 15 18:27:36 ip-172-31-24-75 kernel: io scheduler noop registered
Apr 15 18:27:36 ip-172-31-24-75 kernel: io scheduler deadline registered (default)
Apr 15 18:27:36 ip-172-31-24-75 kernel: io scheduler cfq registered
Apr 15 18:27:36 ip-172-31-24-75 kernel: io scheduler mq-deadline registered
Apr 15 18:27:36 ip-172-31-24-75 kernel: io scheduler kyber registered
Apr 15 18:27:36 ip-172-31-24-75 kernel: pci_hotplug: PCI Hot Plug PCI Core version: 0.5
Apr 15 18:27:36 ip-172-31-24-75 kernel: pciehp: PCI Express Hot Plug Controller Driver version: 0.4
Apr 15 18:27:36 ip-172-31-24-75 kernel: shpchp: Standard Hot Plug PCI Controller Driver version: 0.4
Apr 15 18:27:36 ip-172-31-24-75 kernel: input: Power Button as /devices/LNXSYSTM:00/LNXPWRBN:00/input/input0
Apr 15 18:27:36 ip-172-31-24-75 kernel: ACPI: Power Button [PWRF]
Apr 15 18:27:36 ip-172-31-24-75 kernel: input: Sleep Button as /devices/LNXSYSTM:00/LNXSLPBN:00/input/input1
Apr 15 18:27:36 ip-172-31-24-75 kernel: ACPI: Sleep Button [SLPF]
Apr 15 18:27:36 ip-172-31-24-75 kernel: GHES: HEST is not enabled!
Apr 15 18:27:36 ip-172-31-24-75 kernel: Serial: 8250/16550 driver, 4 ports, IRQ sharing enabled
Apr 15 18:27:36 ip-172-31-24-75 kernel: 00:04: ttyS0 at I/O 0x3f8 (irq = 4) is a 16550A
Apr 15 18:27:36 ip-172-31-24-75 kernel: Non-volatile memory driver v1.3
Apr 15 18:27:36 ip-172-31-24-75 kernel: Linux agpgart interface v0.103
Apr 15 18:27:36 ip-172-31-24-75 kernel: crash memory driver: version 1.1
Apr 15 18:27:36 ip-172-31-24-75 kernel: rdac: device handler registered
Apr 15 18:27:36 ip-172-31-24-75 kernel: hp_sw: device handler registered
Apr 15 18:27:36 ip-172-31-24-75 kernel: emc: device handler registered
Apr 15 18:27:36 ip-172-31-24-75 kernel: alua: device handler registered
Apr 15 18:27:36 ip-172-31-24-75 kernel: libphy: Fixed MDIO Bus: probed
Apr 15 18:27:36 ip-172-31-24-75 kernel: ehci_hcd: USB 2.0 'Enhanced' Host Controller (EHCI) Driver
Apr 15 18:27:36 ip-172-31-24-75 kernel: ehci-pci: EHCI PCI platform driver
Apr 15 18:27:36 ip-172-31-24-75 kernel: ohci_hcd: USB 1.1 'Open' Host Controller (OHCI) Driver
Apr 15 18:27:36 ip-172-31-24-75 kernel: ohci-pci: OHCI PCI platform driver
Apr 15 18:27:36 ip-172-31-24-75 kernel: uhci_hcd: USB Universal Host Controller Interface driver
Apr 15 18:27:36 ip-172-31-24-75 kernel: usbcore: registered new interface driver usbserial_generic
Apr 15 18:27:36 ip-172-31-24-75 kernel: usbserial: USB Serial support registered for generic
Apr 15 18:27:36 ip-172-31-24-75 kernel: i8042: PNP: PS/2 Controller [PNP0303:KBD,PNP0f13:MOU] at 0x60,0x64 irq 1,12
Apr 15 18:27:36 ip-172-31-24-75 kernel: i8042: Warning: Keylock active
Apr 15 18:27:36 ip-172-31-24-75 kernel: serio: i8042 KBD port at 0x60,0x64 irq 1
Apr 15 18:27:36 ip-172-31-24-75 kernel: serio: i8042 AUX port at 0x60,0x64 irq 12
Apr 15 18:27:36 ip-172-31-24-75 kernel: mousedev: PS/2 mouse device common for all mice
Apr 15 18:27:36 ip-172-31-24-75 kernel: rtc_cmos 00:00: RTC can wake from S4
Apr 15 18:27:36 ip-172-31-24-75 kernel: rtc_cmos 00:00: rtc core: registered rtc_cmos as rtc0
Apr 15 18:27:36 ip-172-31-24-75 kernel: rtc_cmos 00:00: alarms up to one day, 114 bytes nvram
Apr 15 18:27:36 ip-172-31-24-75 kernel: hidraw: raw HID events driver (C) Jiri Kosina
Apr 15 18:27:36 ip-172-31-24-75 kernel: usbcore: registered new interface driver usbhid
Apr 15 18:27:36 ip-172-31-24-75 kernel: usbhid: USB HID core driver
Apr 15 18:27:36 ip-172-31-24-75 kernel: drop_monitor: Initializing network drop monitor service
Apr 15 18:27:36 ip-172-31-24-75 kernel: TCP: cubic registered
Apr 15 18:27:36 ip-172-31-24-75 kernel: Initializing XFRM netlink socket
Apr 15 18:27:36 ip-172-31-24-75 kernel: NET: Registered protocol family 10
Apr 15 18:27:36 ip-172-31-24-75 kernel: NET: Registered protocol family 17
Apr 15 18:27:36 ip-172-31-24-75 kernel: mpls_gso: MPLS GSO support
Apr 15 18:27:36 ip-172-31-24-75 kernel: mce: Using 32 MCE banks
Apr 15 18:27:36 ip-172-31-24-75 kernel: Loading compiled-in X.509 certificates
Apr 15 18:27:36 ip-172-31-24-75 kernel: Loaded X.509 cert 'CentOS Linux kpatch signing key: ea0413152cde1d98ebdca3fe6f0230904c9ef717'
Apr 15 18:27:36 ip-172-31-24-75 kernel: Loaded X.509 cert 'CentOS Linux Driver update signing key: 7f421ee0ab69461574bb358861dbe77762a4201b'
Apr 15 18:27:36 ip-172-31-24-75 kernel: Loaded X.509 cert 'CentOS Linux kernel signing key: 7cba6e562accbed52580e739324e8ad41092cf1f'
Apr 15 18:27:36 ip-172-31-24-75 kernel: registered taskstats version 1
Apr 15 18:27:36 ip-172-31-24-75 kernel: Key type trusted registered
Apr 15 18:27:36 ip-172-31-24-75 kernel: Key type encrypted registered
Apr 15 18:27:36 ip-172-31-24-75 kernel: IMA: No TPM chip found, activating TPM-bypass! (rc=-19)
Apr 15 18:27:36 ip-172-31-24-75 kernel:  Magic number: 0:949:493
Apr 15 18:27:36 ip-172-31-24-75 kernel: rtc_cmos 00:00: setting system clock to 2020-04-15 18:27:36 UTC (1586975256)
Apr 15 18:27:36 ip-172-31-24-75 kernel: Freeing unused kernel memory: 1980k freed
Apr 15 18:27:36 ip-172-31-24-75 kernel: Write protecting the kernel read-only data: 12288k
Apr 15 18:27:36 ip-172-31-24-75 kernel: Freeing unused kernel memory: 416k freed
Apr 15 18:27:36 ip-172-31-24-75 kernel: Freeing unused kernel memory: 552k freed
Apr 15 18:27:36 ip-172-31-24-75 kernel: random: systemd: uninitialized urandom read (16 bytes read)
Apr 15 18:27:36 ip-172-31-24-75 kernel: random: systemd: uninitialized urandom read (16 bytes read)
Apr 15 18:27:36 ip-172-31-24-75 kernel: random: systemd: uninitialized urandom read (16 bytes read)
Apr 15 18:27:36 ip-172-31-24-75 systemd[1]: systemd 219 running in system mode. (+PAM +AUDIT +SELINUX +IMA -APPARMOR +SMACK +SYSVINIT +UTMP +LIBCRYPTSETUP +GCRYPT +GNUTLS +ACL +XZ +LZ4 -SECCOMP +BLKID +ELFUTILS +KMOD +IDN)
Apr 15 18:27:36 ip-172-31-24-75 systemd[1]: Detected virtualization kvm.
Apr 15 18:27:36 ip-172-31-24-75 systemd[1]: Detected architecture x86-64.
Apr 15 18:27:36 ip-172-31-24-75 systemd[1]: Running in initial RAM disk.
Apr 15 18:27:36 ip-172-31-24-75 systemd[1]: No hostname configured.
Apr 15 18:27:36 ip-172-31-24-75 systemd[1]: Set hostname to <localhost>.
Apr 15 18:27:36 ip-172-31-24-75 systemd[1]: Initializing machine ID from KVM UUID.
Apr 15 18:27:36 ip-172-31-24-75 kernel: random: systemd: uninitialized urandom read (16 bytes read)
Apr 15 18:27:36 ip-172-31-24-75 kernel: random: systemd: uninitialized urandom read (16 bytes read)
Apr 15 18:27:36 ip-172-31-24-75 kernel: random: systemd: uninitialized urandom read (16 bytes read)
Apr 15 18:27:36 ip-172-31-24-75 kernel: random: systemd: uninitialized urandom read (16 bytes read)
Apr 15 18:27:36 ip-172-31-24-75 kernel: random: systemd: uninitialized urandom read (16 bytes read)
Apr 15 18:27:36 ip-172-31-24-75 kernel: random: systemd: uninitialized urandom read (16 bytes read)
Apr 15 18:27:36 ip-172-31-24-75 kernel: random: systemd: uninitialized urandom read (16 bytes read)
Apr 15 18:27:36 ip-172-31-24-75 systemd[1]: [/run/systemd/generator/dev-disk-by\x2duuid-0f790447\x2debef\x2d4ca0\x2db229\x2dd0aa1985d57f.device.d/timeout.conf:3] Unknown lvalue 'JobRunningTimeoutSec' in section 'Unit'
Apr 15 18:27:36 ip-172-31-24-75 systemd[1]: Cannot add dependency job for unit blk-availability.service, ignoring: Unit not found.
Apr 15 18:27:36 ip-172-31-24-75 systemd[1]: Reached target Local File Systems.
Apr 15 18:27:36 ip-172-31-24-75 systemd[1]: Reached target Timers.
Apr 15 18:27:36 ip-172-31-24-75 systemd[1]: Reached target Swap.
Apr 15 18:27:36 ip-172-31-24-75 systemd[1]: Created slice Root Slice.
Apr 15 18:27:36 ip-172-31-24-75 systemd[1]: Listening on udev Kernel Socket.
Apr 15 18:27:36 ip-172-31-24-75 systemd[1]: Created slice System Slice.
Apr 15 18:27:36 ip-172-31-24-75 systemd[1]: Listening on udev Control Socket.
Apr 15 18:27:36 ip-172-31-24-75 systemd[1]: Reached target Slices.
Apr 15 18:27:36 ip-172-31-24-75 systemd[1]: Listening on Journal Socket.
Apr 15 18:27:36 ip-172-31-24-75 systemd[1]: Starting Setup Virtual Console...
Apr 15 18:27:36 ip-172-31-24-75 systemd[1]: Starting Journal Service...
Apr 15 18:27:36 ip-172-31-24-75 journal: Journal started
Apr 15 18:27:37 ip-172-31-24-75 kernel: input: AT Translated Set 2 keyboard as /devices/platform/i8042/serio0/input/input2
Apr 15 18:27:37 ip-172-31-24-75 systemd[1]: Starting Apply Kernel Variables...
Apr 15 18:27:37 ip-172-31-24-75 systemd[1]: Starting dracut cmdline hook...
Apr 15 18:27:37 ip-172-31-24-75 systemd[1]: Starting Create list of required static device nodes for the current kernel...
Apr 15 18:27:37 ip-172-31-24-75 systemd[1]: Started Journal Service.
Apr 15 18:27:37 ip-172-31-24-75 systemd: Started Apply Kernel Variables.
Apr 15 18:27:37 ip-172-31-24-75 systemd: Started Create list of required static device nodes for the current kernel.
Apr 15 18:27:37 ip-172-31-24-75 systemd: Starting Create Static Device Nodes in /dev...
Apr 15 18:27:37 ip-172-31-24-75 systemd: Started Create Static Device Nodes in /dev.
Apr 15 18:27:37 ip-172-31-24-75 systemd: Started Setup Virtual Console.
Apr 15 18:27:37 ip-172-31-24-75 systemd: Started dracut cmdline hook.
Apr 15 18:27:37 ip-172-31-24-75 systemd: Starting dracut pre-udev hook...
Apr 15 18:27:37 ip-172-31-24-75 kernel: device-mapper: uevent: version 1.0.3
Apr 15 18:27:37 ip-172-31-24-75 kernel: device-mapper: ioctl: 4.37.1-ioctl (2018-04-03) initialised: dm-devel@redhat.com
Apr 15 18:27:37 ip-172-31-24-75 kernel: psmouse serio1: alps: Unknown ALPS touchpad: E7=10 00 64, EC=10 00 64
Apr 15 18:27:37 ip-172-31-24-75 kernel: RPC: Registered named UNIX socket transport module.
Apr 15 18:27:37 ip-172-31-24-75 kernel: RPC: Registered udp transport module.
Apr 15 18:27:37 ip-172-31-24-75 kernel: RPC: Registered tcp transport module.
Apr 15 18:27:37 ip-172-31-24-75 kernel: RPC: Registered tcp NFSv4.1 backchannel transport module.
Apr 15 18:27:37 ip-172-31-24-75 rpc.statd[243]: Version 1.3.0 starting
Apr 15 18:27:37 ip-172-31-24-75 rpc.statd[243]: Initializing NSM state
Apr 15 18:27:37 ip-172-31-24-75 rpc.statd[243]: Running as root.  chown /var/lib/nfs/statd to choose different user
Apr 15 18:27:37 ip-172-31-24-75 systemd: Started dracut pre-udev hook.
Apr 15 18:27:37 ip-172-31-24-75 systemd: Starting udev Kernel Device Manager...
Apr 15 18:27:37 ip-172-31-24-75 systemd-udevd: starting version 219
Apr 15 18:27:37 ip-172-31-24-75 systemd: Started udev Kernel Device Manager.
Apr 15 18:27:37 ip-172-31-24-75 systemd: Starting dracut pre-trigger hook...
Apr 15 18:27:37 ip-172-31-24-75 kernel: random: fast init done
Apr 15 18:27:37 ip-172-31-24-75 systemd: Started dracut pre-trigger hook.
Apr 15 18:27:37 ip-172-31-24-75 systemd: Starting udev Coldplug all Devices...
Apr 15 18:27:37 ip-172-31-24-75 systemd: Mounting Configuration File System...
Apr 15 18:27:37 ip-172-31-24-75 systemd: Started udev Coldplug all Devices.
Apr 15 18:27:37 ip-172-31-24-75 systemd: Starting Show Plymouth Boot Screen...
Apr 15 18:27:37 ip-172-31-24-75 systemd: Starting Open-iSCSI...
Apr 15 18:27:37 ip-172-31-24-75 systemd: Mounted Configuration File System.
Apr 15 18:27:37 ip-172-31-24-75 systemd: Reached target System Initialization.
Apr 15 18:27:37 ip-172-31-24-75 systemd: Listening on Open-iSCSI iscsiuio Socket.
Apr 15 18:27:37 ip-172-31-24-75 iscsid: iSCSI logger with pid=335 started!
Apr 15 18:27:37 ip-172-31-24-75 systemd: Reached target Sockets.
Apr 15 18:27:37 ip-172-31-24-75 iscsid: iSCSI daemon with pid=336 started!
Apr 15 18:27:37 ip-172-31-24-75 systemd: Failed to parse PID from file /var/run/iscsid.pid: Invalid argument
Apr 15 18:27:37 ip-172-31-24-75 kernel: Loading iSCSI transport class v2.0-870.
Apr 15 18:27:37 ip-172-31-24-75 systemd: Received SIGRTMIN+20 from PID 337 (plymouthd).
Apr 15 18:27:37 ip-172-31-24-75 systemd: Started Show Plymouth Boot Screen.
Apr 15 18:27:37 ip-172-31-24-75 systemd: Reached target Paths.
Apr 15 18:27:37 ip-172-31-24-75 systemd: Started Forward Password Requests to Plymouth Directory Watch.
Apr 15 18:27:37 ip-172-31-24-75 systemd: Reached target Basic System.
Apr 15 18:27:37 ip-172-31-24-75 systemd: Started Open-iSCSI.
Apr 15 18:27:37 ip-172-31-24-75 kernel: ena: Elastic Network Adapter (ENA) v2.0.3K
Apr 15 18:27:37 ip-172-31-24-75 systemd: Starting dracut initqueue hook...
Apr 15 18:27:37 ip-172-31-24-75 kernel: ena 0000:00:05.0: Elastic Network Adapter (ENA) v2.0.3K
Apr 15 18:27:37 ip-172-31-24-75 kernel: ena: ena device version: 0.10
Apr 15 18:27:37 ip-172-31-24-75 kernel: ena: ena controller version: 0.0.1 implementation version 1
Apr 15 18:27:38 ip-172-31-24-75 systemd: Found device Amazon Elastic Block Store 1.
Apr 15 18:27:38 ip-172-31-24-75 kernel: ena 0000:00:05.0: LLQ is not supported Fallback to host mode policy.
Apr 15 18:27:38 ip-172-31-24-75 kernel: ena 0000:00:05.0: creating 2 io queues. queue size: 1024. LLQ is DISABLED
Apr 15 18:27:38 ip-172-31-24-75 kernel: ena 0000:00:05.0: Elastic Network Adapter (ENA) found at mem febf4000, mac addr 0e:9a:94:a6:a2:fc Queues 2, Placement policy: Regular
Apr 15 18:27:38 ip-172-31-24-75 kernel: nvme nvme0: pci function 0000:00:04.0
Apr 15 18:27:38 ip-172-31-24-75 kernel: ACPI: PCI Interrupt Link [LNKD] enabled at IRQ 11
Apr 15 18:27:38 ip-172-31-24-75 kernel: nvme0n1: p1
Apr 15 18:27:38 ip-172-31-24-75 kernel: input: ImPS/2 Generic Wheel Mouse as /devices/platform/i8042/serio1/input/input3
Apr 15 18:27:38 ip-172-31-24-75 systemd: Starting File System Check on /dev/disk/by-uuid/0f790447-ebef-4ca0-b229-d0aa1985d57f...
Apr 15 18:27:38 ip-172-31-24-75 systemd: Started dracut initqueue hook.
Apr 15 18:27:38 ip-172-31-24-75 systemd: Starting dracut pre-mount hook...
Apr 15 18:27:38 ip-172-31-24-75 systemd: Reached target Remote File Systems (Pre).
Apr 15 18:27:38 ip-172-31-24-75 systemd: Reached target Remote File Systems.
Apr 15 18:27:38 ip-172-31-24-75 systemd: Started dracut pre-mount hook.
Apr 15 18:27:38 ip-172-31-24-75 systemd-fsck: /sbin/fsck.xfs: XFS file system.
Apr 15 18:27:38 ip-172-31-24-75 systemd: Started File System Check on /dev/disk/by-uuid/0f790447-ebef-4ca0-b229-d0aa1985d57f.
Apr 15 18:27:38 ip-172-31-24-75 systemd: Mounting /sysroot...
Apr 15 18:27:38 ip-172-31-24-75 kernel: SGI XFS with ACLs, security attributes, no debug enabled
Apr 15 18:27:38 ip-172-31-24-75 kernel: XFS (nvme0n1p1): Mounting V4 Filesystem
Apr 15 18:27:38 ip-172-31-24-75 iscsid: can't open InitiatorName configuration file /etc/iscsi/initiatorname.iscsi
Apr 15 18:27:38 ip-172-31-24-75 iscsid: Warning: InitiatorName file /etc/iscsi/initiatorname.iscsi does not exist or does not contain a properly formatted InitiatorName. If using software iscsi (iscsi_tcp or ib_iser) or partial offload (bnx2i or cxgbi iscsi), you may not be able to log into or
Apr 15 18:27:38 ip-172-31-24-75 iscsid: can't open InitiatorAlias configuration file /etc/iscsi/initiatorname.iscsi
Apr 15 18:27:38 ip-172-31-24-75 iscsid: can't open iscsid.safe_logout configuration file /etc/iscsi/iscsid.conf
Apr 15 18:27:39 ip-172-31-24-75 kernel: tsc: Refined TSC clocksource calibration: 2499.984 MHz
Apr 15 18:27:39 ip-172-31-24-75 kernel: XFS (nvme0n1p1): Ending clean mount
Apr 15 18:27:39 ip-172-31-24-75 systemd: Mounted /sysroot.
Apr 15 18:27:39 ip-172-31-24-75 systemd: Reached target Initrd Root File System.
Apr 15 18:27:39 ip-172-31-24-75 systemd: Starting Reload Configuration from the Real Root...
Apr 15 18:27:39 ip-172-31-24-75 systemd: Reloading.
Apr 15 18:27:39 ip-172-31-24-75 systemd: [/run/systemd/generator/dev-disk-by\x2duuid-0f790447\x2debef\x2d4ca0\x2db229\x2dd0aa1985d57f.device.d/timeout.conf:3] Unknown lvalue 'JobRunningTimeoutSec' in section 'Unit'
Apr 15 18:27:39 ip-172-31-24-75 systemd: Started Reload Configuration from the Real Root.
Apr 15 18:27:39 ip-172-31-24-75 systemd: Reached target Initrd File Systems.
Apr 15 18:27:39 ip-172-31-24-75 systemd: Reached target Initrd Default Target.
Apr 15 18:27:39 ip-172-31-24-75 systemd: Starting dracut pre-pivot and cleanup hook...
Apr 15 18:27:39 ip-172-31-24-75 rpcbind[239]: cannot open file = /run/rpcbind/rpcbind.xdr for writing
Apr 15 18:27:39 ip-172-31-24-75 rpcbind[239]: cannot save any registration
Apr 15 18:27:39 ip-172-31-24-75 rpcbind[239]: cannot open file = /run/rpcbind/portmap.xdr for writing
Apr 15 18:27:39 ip-172-31-24-75 rpcbind[239]: cannot save any registration
Apr 15 18:27:39 ip-172-31-24-75 systemd: Started dracut pre-pivot and cleanup hook.
Apr 15 18:27:39 ip-172-31-24-75 systemd: Starting Cleaning Up and Shutting Down Daemons...
Apr 15 18:27:39 ip-172-31-24-75 systemd: Starting Plymouth switch root service...
Apr 15 18:27:39 ip-172-31-24-75 systemd: Stopped target Timers.
Apr 15 18:27:39 ip-172-31-24-75 systemd: Stopped Cleaning Up and Shutting Down Daemons.
Apr 15 18:27:39 ip-172-31-24-75 systemd: Stopped dracut pre-pivot and cleanup hook.
Apr 15 18:27:39 ip-172-31-24-75 systemd: Stopped target Remote File Systems.
Apr 15 18:27:39 ip-172-31-24-75 systemd: Stopped target Remote File Systems (Pre).
Apr 15 18:27:39 ip-172-31-24-75 systemd: Stopped dracut pre-mount hook.
Apr 15 18:27:39 ip-172-31-24-75 systemd: Stopped dracut initqueue hook.
Apr 15 18:27:39 ip-172-31-24-75 systemd: Stopping Open-iSCSI...
Apr 15 18:27:39 ip-172-31-24-75 systemd: Stopped target Initrd Default Target.
Apr 15 18:27:39 ip-172-31-24-75 systemd: Stopped target Basic System.
Apr 15 18:27:39 ip-172-31-24-75 systemd: Stopped target Sockets.
Apr 15 18:27:39 ip-172-31-24-75 systemd: Closed Open-iSCSI iscsiuio Socket.
Apr 15 18:27:39 ip-172-31-24-75 systemd: Stopped target System Initialization.
Apr 15 18:27:39 ip-172-31-24-75 systemd: Stopped target Local File Systems.
Apr 15 18:27:39 ip-172-31-24-75 systemd: Stopped Apply Kernel Variables.
Apr 15 18:27:39 ip-172-31-24-75 systemd: Stopped target Swap.
Apr 15 18:27:39 ip-172-31-24-75 systemd: Stopped udev Coldplug all Devices.
Apr 15 18:27:39 ip-172-31-24-75 systemd: Stopped dracut pre-trigger hook.
Apr 15 18:27:39 ip-172-31-24-75 systemd: Stopping udev Kernel Device Manager...
Apr 15 18:27:39 ip-172-31-24-75 systemd: Stopped target Slices.
Apr 15 18:27:39 ip-172-31-24-75 systemd: Stopped target Paths.
Apr 15 18:27:39 ip-172-31-24-75 systemd: Stopped udev Kernel Device Manager.
Apr 15 18:27:39 ip-172-31-24-75 systemd: Stopped dracut pre-udev hook.
Apr 15 18:27:39 ip-172-31-24-75 systemd: Stopped Create Static Device Nodes in /dev.
Apr 15 18:27:39 ip-172-31-24-75 systemd: Stopped Create list of required static device nodes for the current kernel.
Apr 15 18:27:39 ip-172-31-24-75 systemd: Closed udev Control Socket.
Apr 15 18:27:39 ip-172-31-24-75 systemd: Closed udev Kernel Socket.
Apr 15 18:27:39 ip-172-31-24-75 systemd: Starting Cleanup udevd DB...
Apr 15 18:27:39 ip-172-31-24-75 iscsid: iscsid shutting down.
Apr 15 18:27:39 ip-172-31-24-75 systemd: Stopped Open-iSCSI.
Apr 15 18:27:39 ip-172-31-24-75 systemd: Stopped dracut cmdline hook.
Apr 15 18:27:39 ip-172-31-24-75 systemd: Started Cleanup udevd DB.
Apr 15 18:27:39 ip-172-31-24-75 systemd: Reached target Switch Root.
Apr 15 18:27:39 ip-172-31-24-75 systemd: Started Plymouth switch root service.
Apr 15 18:27:39 ip-172-31-24-75 systemd: Starting Switch Root...
Apr 15 18:27:39 ip-172-31-24-75 systemd: Switching root.
Apr 15 18:27:39 ip-172-31-24-75 journal: Journal stopped
Apr 15 18:27:41 ip-172-31-24-75 journal: Runtime journal is using 6.0M (max allowed 48.1M, trying to leave 72.2M free of 469.3M available  current limit 48.1M).
Apr 15 18:27:41 ip-172-31-24-75 systemd-journald[98]: Received SIGTERM from PID 1 (systemd).
Apr 15 18:27:41 ip-172-31-24-75 kernel: type=1404 audit(1586975260.211:2): enforcing=1 old_enforcing=0 auid=4294967295 ses=4294967295
Apr 15 18:27:41 ip-172-31-24-75 kernel: type=1403 audit(1586975260.545:3): policy loaded auid=4294967295 ses=4294967295
Apr 15 18:27:41 ip-172-31-24-75 systemd[1]: Successfully loaded SELinux policy in 367.606ms.
Apr 15 18:27:41 ip-172-31-24-75 kernel: ip_tables: (C) 2000-2006 Netfilter Core Team
Apr 15 18:27:41 ip-172-31-24-75 systemd[1]: Inserted module 'ip_tables'
Apr 15 18:27:41 ip-172-31-24-75 systemd[1]: Relabelled /dev, /run and /sys/fs/cgroup in 11.952ms.
Apr 15 18:27:41 ip-172-31-24-75 journal: Journal started
Apr 15 18:27:41 ip-172-31-24-75 systemd: systemd 219 running in system mode. (+PAM +AUDIT +SELINUX +IMA -APPARMOR +SMACK +SYSVINIT +UTMP +LIBCRYPTSETUP +GCRYPT +GNUTLS +ACL +XZ +LZ4 -SECCOMP +BLKID +ELFUTILS +KMOD +IDN)
Apr 15 18:27:41 ip-172-31-24-75 systemd: Detected virtualization kvm.
Apr 15 18:27:41 ip-172-31-24-75 systemd: Detected architecture x86-64.
Apr 15 18:27:41 ip-172-31-24-75 systemd: Set hostname to <seang1c.mylabserver.com>.
Apr 15 18:27:41 ip-172-31-24-75 systemd: Cannot add dependency job for unit linux-academy-websh.service, ignoring: Unit not found.
Apr 15 18:27:41 ip-172-31-24-75 systemd: Started Create list of required static device nodes for the current kernel.
Apr 15 18:27:41 ip-172-31-24-75 systemd: Started Apply Kernel Variables.
Apr 15 18:27:41 ip-172-31-24-75 systemd: Starting Create Static Device Nodes in /dev...
Apr 15 18:27:41 ip-172-31-24-75 systemd: Starting Configure read-only root support...
Apr 15 18:27:41 ip-172-31-24-75 systemd: Activating swap /root/swap...
Apr 15 18:27:41 ip-172-31-24-75 systemd: Starting udev Coldplug all Devices...
Apr 15 18:27:41 ip-172-31-24-75 systemd: Starting Flush Journal to Persistent Storage...
Apr 15 18:27:41 ip-172-31-24-75 swapon: swapon: /root/swap: insecure permissions 0644, 0600 suggested.
Apr 15 18:27:41 ip-172-31-24-75 systemd: Started LVM2 metadata daemon.
Apr 15 18:27:41 ip-172-31-24-75 systemd: Started Flush Journal to Persistent Storage.
Apr 15 18:27:41 ip-172-31-24-75 kernel: Installing knfsd (copyright (C) 1996 okir@monad.swb.de).
Apr 15 18:27:41 ip-172-31-24-75 systemd: Mounted NFSD configuration filesystem.
Apr 15 18:27:41 ip-172-31-24-75 systemd: Started Configure read-only root support.
Apr 15 18:27:41 ip-172-31-24-75 systemd: Starting Load/Save Random Seed...
Apr 15 18:27:41 ip-172-31-24-75 systemd: Started Create Static Device Nodes in /dev.
Apr 15 18:27:41 ip-172-31-24-75 systemd: Starting udev Kernel Device Manager...
Apr 15 18:27:41 ip-172-31-24-75 systemd: Started Load/Save Random Seed.
Apr 15 18:27:41 ip-172-31-24-75 systemd: Started udev Coldplug all Devices.
Apr 15 18:27:41 ip-172-31-24-75 systemd-udevd: starting version 219
Apr 15 18:27:41 ip-172-31-24-75 systemd: Activated swap /root/swap.
Apr 15 18:27:41 ip-172-31-24-75 kernel: Adding 2097148k swap on /root/swap.  Priority:-2 extents:2 across:3037200k SSFS
Apr 15 18:27:41 ip-172-31-24-75 systemd: Reached target Swap.
Apr 15 18:27:42 ip-172-31-24-75 systemd: Started udev Kernel Device Manager.
Apr 15 18:27:42 ip-172-31-24-75 systemd: Found device /dev/ttyS0.
Apr 15 18:27:42 ip-172-31-24-75 kernel: input: PC Speaker as /devices/platform/pcspkr/input/input4
Apr 15 18:27:42 ip-172-31-24-75 kernel: cryptd: max_cpu_qlen set to 1000
Apr 15 18:27:42 ip-172-31-24-75 kernel: AVX2 version of gcm_enc/dec engaged.
Apr 15 18:27:42 ip-172-31-24-75 kernel: AES CTR mode by8 optimization enabled
Apr 15 18:27:42 ip-172-31-24-75 kernel: alg: No test for __gcm-aes-aesni (__driver-gcm-aes-aesni)
Apr 15 18:27:42 ip-172-31-24-75 kernel: alg: No test for __generic-gcm-aes-aesni (__driver-generic-gcm-aes-aesni)
Apr 15 18:27:42 ip-172-31-24-75 kernel: piix4_smbus 0000:00:01.3: SMBus Host Controller at 0xb100, revision 255
Apr 15 18:27:42 ip-172-31-24-75 kernel: parport_pc 00:03: reported by Plug and Play ACPI
Apr 15 18:27:42 ip-172-31-24-75 kernel: ppdev: user-space parallel port driver
Apr 15 18:27:42 ip-172-31-24-75 systemd: Started Monitoring of LVM2 mirrors, snapshots etc. using dmeventd or progress polling.
Apr 15 18:27:42 ip-172-31-24-75 systemd: Reached target Local File Systems (Pre).
Apr 15 18:27:42 ip-172-31-24-75 systemd: Reached target Local File Systems.
Apr 15 18:27:42 ip-172-31-24-75 systemd: Starting Tell Plymouth To Write Out Runtime Data...
Apr 15 18:27:42 ip-172-31-24-75 systemd: Starting Preprocess NFS configuration...
Apr 15 18:27:42 ip-172-31-24-75 systemd: Starting Import network configuration from initramfs...
Apr 15 18:27:42 ip-172-31-24-75 systemd: Started Tell Plymouth To Write Out Runtime Data.
Apr 15 18:27:42 ip-172-31-24-75 systemd: Started Preprocess NFS configuration.
Apr 15 18:27:42 ip-172-31-24-75 systemd: Starting NFSv4 ID-name mapping service...
Apr 15 18:27:42 ip-172-31-24-75 systemd: Started Import network configuration from initramfs.
Apr 15 18:27:42 ip-172-31-24-75 systemd: Starting Create Volatile Files and Directories...
Apr 15 18:27:43 ip-172-31-24-75 systemd: Started Create Volatile Files and Directories.
Apr 15 18:27:43 ip-172-31-24-75 systemd: Starting Security Auditing Service...
Apr 15 18:27:43 ip-172-31-24-75 systemd: Started NFSv4 ID-name mapping service.
Apr 15 18:27:43 ip-172-31-24-75 auditd: /var/log/audit/audit.log permissions should be 0600 or 0640
Apr 15 18:27:43 ip-172-31-24-75 auditd[650]: Started dispatcher: /sbin/audispd pid: 652
Apr 15 18:27:43 ip-172-31-24-75 kernel: type=1305 audit(1586975263.173:4): audit_pid=650 old=0 auid=4294967295 ses=4294967295 subj=system_u:system_r:auditd_t:s0 res=1
Apr 15 18:27:43 ip-172-31-24-75 audispd: No plugins found, exiting
Apr 15 18:27:43 ip-172-31-24-75 auditd[650]: Init complete, auditd 2.8.5 listening for events (startup state enable)
Apr 15 18:27:43 ip-172-31-24-75 augenrules: /sbin/augenrules: No change
Apr 15 18:27:43 ip-172-31-24-75 augenrules: No rules
Apr 15 18:27:43 ip-172-31-24-75 augenrules: enabled 1
Apr 15 18:27:43 ip-172-31-24-75 augenrules: failure 1
Apr 15 18:27:43 ip-172-31-24-75 augenrules: pid 650
Apr 15 18:27:43 ip-172-31-24-75 augenrules: rate_limit 0
Apr 15 18:27:43 ip-172-31-24-75 augenrules: backlog_limit 320
Apr 15 18:27:43 ip-172-31-24-75 augenrules: lost 0
Apr 15 18:27:43 ip-172-31-24-75 augenrules: backlog 0
Apr 15 18:27:43 ip-172-31-24-75 systemd: Started Security Auditing Service.
Apr 15 18:27:43 ip-172-31-24-75 systemd: Starting Update UTMP about System Boot/Shutdown...
Apr 15 18:27:43 ip-172-31-24-75 systemd: Started Update UTMP about System Boot/Shutdown.
Apr 15 18:27:43 ip-172-31-24-75 systemd: Reached target System Initialization.
Apr 15 18:27:43 ip-172-31-24-75 systemd: Started Flexible branding.
Apr 15 18:27:43 ip-172-31-24-75 systemd: Reached target Paths.
Apr 15 18:27:43 ip-172-31-24-75 systemd: Started Daily Cleanup of Temporary Directories.
Apr 15 18:27:43 ip-172-31-24-75 systemd: Reached target Timers.
Apr 15 18:27:43 ip-172-31-24-75 systemd: Listening on Avahi mDNS/DNS-SD Stack Activation Socket.
Apr 15 18:27:43 ip-172-31-24-75 systemd: Listening on Open-iSCSI iscsiuio Socket.
Apr 15 18:27:43 ip-172-31-24-75 systemd: Listening on D-Bus System Message Bus Socket.
Apr 15 18:27:43 ip-172-31-24-75 systemd: Starting Initial cloud-init job (pre-networking)...
Apr 15 18:27:43 ip-172-31-24-75 systemd: Listening on Open-iSCSI iscsid Socket.
Apr 15 18:27:43 ip-172-31-24-75 systemd: Listening on RPCbind Server Activation Socket.
Apr 15 18:27:43 ip-172-31-24-75 systemd: Reached target Sockets.
Apr 15 18:27:43 ip-172-31-24-75 systemd: Starting RPC bind service...
Apr 15 18:27:43 ip-172-31-24-75 systemd: Reached target Basic System.
Apr 15 18:27:43 ip-172-31-24-75 systemd: Starting NTP client/server...
Apr 15 18:27:43 ip-172-31-24-75 systemd: Started irqbalance daemon.
Apr 15 18:27:43 ip-172-31-24-75 systemd: Starting Avahi mDNS/DNS-SD Stack...
Apr 15 18:27:43 ip-172-31-24-75 systemd: Starting Dump dmesg to /var/log/dmesg...
Apr 15 18:27:43 ip-172-31-24-75 systemd: Starting Authorization Manager...
Apr 15 18:27:43 ip-172-31-24-75 systemd: Started D-Bus System Message Bus.
Apr 15 18:27:43 ip-172-31-24-75 chronyd[684]: chronyd version 3.4 starting (+CMDMON +NTP +REFCLOCK +RTC +PRIVDROP +SCFILTER +SIGND +ASYNCDNS +SECHASH +IPV6 +DEBUG)
Apr 15 18:27:43 ip-172-31-24-75 chronyd[684]: Frequency -18.220 +/- 0.365 ppm read from /var/lib/chrony/drift
Apr 15 18:27:43 ip-172-31-24-75 avahi-daemon[677]: Found user 'avahi' (UID 70) and group 'avahi' (GID 70).
Apr 15 18:27:43 ip-172-31-24-75 avahi-daemon[677]: Successfully dropped root privileges.
Apr 15 18:27:43 ip-172-31-24-75 avahi-daemon[677]: avahi-daemon 0.6.31 starting up.
Apr 15 18:27:43 ip-172-31-24-75 avahi-daemon[677]: WARNING: No NSS support for mDNS detected, consider installing nss-mdns!
Apr 15 18:27:43 ip-172-31-24-75 avahi-daemon[677]: Successfully called chroot().
Apr 15 18:27:43 ip-172-31-24-75 avahi-daemon[677]: Successfully dropped remaining capabilities.
Apr 15 18:27:43 ip-172-31-24-75 avahi-daemon[677]: No service file found in /etc/avahi/services.
Apr 15 18:27:43 ip-172-31-24-75 avahi-daemon[677]: Network interface enumeration completed.
Apr 15 18:27:43 ip-172-31-24-75 avahi-daemon[677]: Registering HINFO record with values 'X86_64'/'LINUX'.
Apr 15 18:27:43 ip-172-31-24-75 avahi-daemon[677]: Server startup complete. Host name is seang1c.local. Local service cookie is 357842222.
Apr 15 18:27:43 ip-172-31-24-75 systemd: Started Avahi mDNS/DNS-SD Stack.
Apr 15 18:27:43 ip-172-31-24-75 systemd: Starting Login Service...
Apr 15 18:27:43 ip-172-31-24-75 systemd: Starting GSSAPI Proxy Daemon...
Apr 15 18:27:43 ip-172-31-24-75 systemd: Started RPC bind service.
Apr 15 18:27:43 ip-172-31-24-75 systemd: Started Dump dmesg to /var/log/dmesg.
Apr 15 18:27:43 ip-172-31-24-75 systemd: Started Login Service.
Apr 15 18:27:43 ip-172-31-24-75 systemd-logind: Watching system buttons on /dev/input/event0 (Power Button)
Apr 15 18:27:43 ip-172-31-24-75 systemd-logind: Watching system buttons on /dev/input/event1 (Sleep Button)
Apr 15 18:27:43 ip-172-31-24-75 systemd: Started NTP client/server.
Apr 15 18:27:43 ip-172-31-24-75 systemd-logind: New seat seat0.
Apr 15 18:27:43 ip-172-31-24-75 polkitd[679]: Started polkitd version 0.112
Apr 15 18:27:43 ip-172-31-24-75 systemd: Started GSSAPI Proxy Daemon.
Apr 15 18:27:43 ip-172-31-24-75 systemd: Reached target NFS client services.
Apr 15 18:27:44 ip-172-31-24-75 systemd: Started Authorization Manager.
Apr 15 18:27:46 ip-172-31-24-75 cloud-init: Cloud-init v. 18.5 running 'init-local' at Wed, 15 Apr 2020 18:27:46 +0000. Up 12.47 seconds.
Apr 15 18:27:47 ip-172-31-24-75 dhclient[770]: Internet Systems Consortium DHCP Client 4.2.5
Apr 15 18:27:47 ip-172-31-24-75 dhclient[770]: Copyright 2004-2013 Internet Systems Consortium.
Apr 15 18:27:47 ip-172-31-24-75 dhclient[770]: All rights reserved.
Apr 15 18:27:47 ip-172-31-24-75 dhclient[770]: For info, please visit https://www.isc.org/software/dhcp/
Apr 15 18:27:47 ip-172-31-24-75 dhclient[770]: 
Apr 15 18:27:47 ip-172-31-24-75 dhclient[770]: Listening on LPF/ens5/0e:9a:94:a6:a2:fc
Apr 15 18:27:47 ip-172-31-24-75 dhclient[770]: Sending on   LPF/ens5/0e:9a:94:a6:a2:fc
Apr 15 18:27:47 ip-172-31-24-75 dhclient[770]: Sending on   Socket/fallback
Apr 15 18:27:47 ip-172-31-24-75 dhclient[770]: DHCPDISCOVER on ens5 to 255.255.255.255 port 67 interval 5 (xid=0x2cc0fb19)
Apr 15 18:27:47 ip-172-31-24-75 dhclient[770]: DHCPREQUEST on ens5 to 255.255.255.255 port 67 (xid=0x2cc0fb19)
Apr 15 18:27:47 ip-172-31-24-75 dhclient[770]: DHCPOFFER from 172.31.16.1
Apr 15 18:27:47 ip-172-31-24-75 dhclient[770]: DHCPACK from 172.31.16.1 (xid=0x2cc0fb19)
Apr 15 18:27:47 ip-172-31-24-75 dhclient[770]: bound to 172.31.24.75 -- renewal in 1688 seconds.
Apr 15 18:27:47 ip-172-31-24-75 avahi-daemon[677]: Joining mDNS multicast group on interface ens5.IPv4 with address 172.31.24.75.
Apr 15 18:27:47 ip-172-31-24-75 avahi-daemon[677]: New relevant interface ens5.IPv4 for mDNS.
Apr 15 18:27:47 ip-172-31-24-75 avahi-daemon[677]: Registering new address record for 172.31.24.75 on ens5.IPv4.
Apr 15 18:27:48 ip-172-31-24-75 kernel: random: crng init done
Apr 15 18:27:48 ip-172-31-24-75 avahi-daemon[677]: Interface ens5.IPv4 no longer relevant for mDNS.
Apr 15 18:27:48 ip-172-31-24-75 avahi-daemon[677]: Leaving mDNS multicast group on interface ens5.IPv4 with address 172.31.24.75.
Apr 15 18:27:48 ip-172-31-24-75 avahi-daemon[677]: Withdrawing address record for 172.31.24.75 on ens5.
Apr 15 18:27:48 ip-172-31-24-75 dbus[680]: [system] Activating via systemd: service name='org.freedesktop.hostname1' unit='dbus-org.freedesktop.hostname1.service'
Apr 15 18:27:48 ip-172-31-24-75 systemd: Starting Hostname Service...
Apr 15 18:27:48 ip-172-31-24-75 dbus[680]: [system] Successfully activated service 'org.freedesktop.hostname1'
Apr 15 18:27:48 ip-172-31-24-75 systemd: Started Hostname Service.
Apr 15 18:27:48 ip-172-31-24-75 systemd-hostnamed: Changed static host name to 'ip-172-31-24-75.us-west-2.compute.internal'
Apr 15 18:27:48 ip-172-31-24-75 systemd-hostnamed: Changed host name to 'ip-172-31-24-75.us-west-2.compute.internal'
Apr 15 18:27:48 ip-172-31-24-75 systemd: Started Initial cloud-init job (pre-networking).
Apr 15 18:27:48 ip-172-31-24-75 systemd: Reached target Network (Pre).
Apr 15 18:27:48 ip-172-31-24-75 systemd: Starting Network Manager...
Apr 15 18:27:48 ip-172-31-24-75 NetworkManager[791]: <info>  [1586975268.6649] NetworkManager (version 1.18.0-5.el7_7.2) is starting... (for the first time)
Apr 15 18:27:48 ip-172-31-24-75 NetworkManager[791]: <info>  [1586975268.6657] Read config: /etc/NetworkManager/NetworkManager.conf (lib: 10-slaves-order.conf)
Apr 15 18:27:48 ip-172-31-24-75 systemd: Started Network Manager.
Apr 15 18:27:48 ip-172-31-24-75 NetworkManager[791]: <info>  [1586975268.6753] bus-manager: acquired D-Bus service "org.freedesktop.NetworkManager"
Apr 15 18:27:48 ip-172-31-24-75 systemd: Starting Network Manager Wait Online...
Apr 15 18:27:48 ip-172-31-24-75 NetworkManager[791]: <info>  [1586975268.6809] manager[0x56448df010a0]: monitoring kernel firmware directory '/lib/firmware'.
Apr 15 18:27:48 ip-172-31-24-75 NetworkManager[791]: <info>  [1586975268.6866] hostname: hostname: using hostnamed
Apr 15 18:27:48 ip-172-31-24-75 NetworkManager[791]: <info>  [1586975268.6869] hostname: hostname changed from (none) to "ip-172-31-24-75.us-west-2.compute.internal"
Apr 15 18:27:48 ip-172-31-24-75 NetworkManager[791]: <info>  [1586975268.6877] dns-mgr[0x56448dee9220]: init: dns=default,systemd-resolved rc-manager=file
Apr 15 18:27:48 ip-172-31-24-75 dbus[680]: [system] Activating via systemd: service name='org.freedesktop.nm_dispatcher' unit='dbus-org.freedesktop.nm-dispatcher.service'
Apr 15 18:27:48 ip-172-31-24-75 systemd: Starting Network Manager Script Dispatcher Service...
Apr 15 18:27:48 ip-172-31-24-75 dbus[680]: [system] Successfully activated service 'org.freedesktop.nm_dispatcher'
Apr 15 18:27:48 ip-172-31-24-75 systemd: Started Network Manager Script Dispatcher Service.
Apr 15 18:27:48 ip-172-31-24-75 NetworkManager[791]: <info>  [1586975268.7430] settings: Loaded settings plugin: SettingsPluginIfcfg ("/usr/lib64/NetworkManager/1.18.0-5.el7_7.2/libnm-settings-plugin-ifcfg-rh.so")
Apr 15 18:27:48 ip-172-31-24-75 NetworkManager[791]: <info>  [1586975268.7449] settings: Loaded settings plugin: NMSIbftPlugin ("/usr/lib64/NetworkManager/1.18.0-5.el7_7.2/libnm-settings-plugin-ibft.so")
Apr 15 18:27:48 ip-172-31-24-75 NetworkManager[791]: <info>  [1586975268.7450] settings: Loaded settings plugin: NMSKeyfilePlugin (internal)
Apr 15 18:27:48 ip-172-31-24-75 NetworkManager[791]: <info>  [1586975268.7487] ifcfg-rh: new connection /etc/sysconfig/network-scripts/ifcfg-ens5 (8126c120-a964-e959-ff98-ac4973344505,"System ens5")
Apr 15 18:27:48 ip-172-31-24-75 NetworkManager[791]: <info>  [1586975268.7493] ifcfg-rh: new connection /etc/sysconfig/network-scripts/ifcfg-eth0 (5fb06bd0-0bb0-7ffb-45f1-d6edd65f3e03,"System eth0")
Apr 15 18:27:48 ip-172-31-24-75 NetworkManager[791]: <info>  [1586975268.7984] manager: rfkill: Wi-Fi enabled by radio killswitch; enabled by state file
Apr 15 18:27:48 ip-172-31-24-75 NetworkManager[791]: <info>  [1586975268.7985] manager: rfkill: WWAN enabled by radio killswitch; enabled by state file
Apr 15 18:27:48 ip-172-31-24-75 NetworkManager[791]: <info>  [1586975268.7986] manager: Networking is enabled by state file
Apr 15 18:27:48 ip-172-31-24-75 NetworkManager[791]: <info>  [1586975268.8001] dhcp-init: Using DHCP client 'dhclient'
Apr 15 18:27:48 ip-172-31-24-75 nm-dispatcher: req:1 'hostname': new request (5 scripts)
Apr 15 18:27:48 ip-172-31-24-75 nm-dispatcher: req:1 'hostname': start running ordered scripts...
Apr 15 18:27:48 ip-172-31-24-75 NetworkManager[791]: <info>  [1586975268.8235] Loaded device plugin: NMWifiFactory (/usr/lib64/NetworkManager/1.18.0-5.el7_7.2/libnm-device-plugin-wifi.so)
Apr 15 18:27:48 ip-172-31-24-75 NetworkManager[791]: <info>  [1586975268.8257] device (lo): carrier: link connected
Apr 15 18:27:48 ip-172-31-24-75 NetworkManager[791]: <info>  [1586975268.8261] manager: (lo): new Generic device (/org/freedesktop/NetworkManager/Devices/1)
Apr 15 18:27:48 ip-172-31-24-75 NetworkManager[791]: <info>  [1586975268.8271] manager: (ens5): new Ethernet device (/org/freedesktop/NetworkManager/Devices/2)
Apr 15 18:27:48 ip-172-31-24-75 NetworkManager[791]: <info>  [1586975268.8327] device (ens5): state change: unmanaged -> unavailable (reason 'managed', sys-iface-state: 'external')
Apr 15 18:27:48 ip-172-31-24-75 kernel: IPv6: ADDRCONF(NETDEV_UP): ens5: link is not ready
Apr 15 18:27:48 ip-172-31-24-75 NetworkManager[791]: <info>  [1586975268.8481] device (ens5): carrier: link connected
Apr 15 18:27:48 ip-172-31-24-75 kernel: IPv6: ADDRCONF(NETDEV_UP): ens5: link is not ready
Apr 15 18:27:48 ip-172-31-24-75 nm-dispatcher: req:2 'connectivity-change': new request (5 scripts)
Apr 15 18:27:48 ip-172-31-24-75 nm-dispatcher: req:2 'connectivity-change': start running ordered scripts...
Apr 15 18:27:48 ip-172-31-24-75 NetworkManager[791]: <info>  [1586975268.8597] device (ens5): state change: unavailable -> disconnected (reason 'none', sys-iface-state: 'managed')
Apr 15 18:27:48 ip-172-31-24-75 kernel: IPv6: ADDRCONF(NETDEV_UP): ens5: link is not ready
Apr 15 18:27:48 ip-172-31-24-75 NetworkManager[791]: <info>  [1586975268.8826] policy: auto-activating connection 'System ens5' (8126c120-a964-e959-ff98-ac4973344505)
Apr 15 18:27:48 ip-172-31-24-75 NetworkManager[791]: <info>  [1586975268.8874] device (ens5): Activation: starting connection 'System ens5' (8126c120-a964-e959-ff98-ac4973344505)
Apr 15 18:27:48 ip-172-31-24-75 NetworkManager[791]: <info>  [1586975268.8879] device (ens5): state change: disconnected -> prepare (reason 'none', sys-iface-state: 'managed')
Apr 15 18:27:48 ip-172-31-24-75 NetworkManager[791]: <info>  [1586975268.8882] manager: NetworkManager state is now CONNECTING
Apr 15 18:27:48 ip-172-31-24-75 NetworkManager[791]: <info>  [1586975268.8887] device (ens5): state change: prepare -> config (reason 'none', sys-iface-state: 'managed')
Apr 15 18:27:48 ip-172-31-24-75 NetworkManager[791]: <info>  [1586975268.8894] device (ens5): state change: config -> ip-config (reason 'none', sys-iface-state: 'managed')
Apr 15 18:27:48 ip-172-31-24-75 NetworkManager[791]: <info>  [1586975268.8906] dhcp4 (ens5): activation: beginning transaction (timeout in 45 seconds)
Apr 15 18:27:48 ip-172-31-24-75 NetworkManager[791]: <info>  [1586975268.8939] dhcp4 (ens5): dhclient started with pid 831
Apr 15 18:27:48 ip-172-31-24-75 kernel: IPv6: ADDRCONF(NETDEV_UP): ens5: link is not ready
Apr 15 18:27:48 ip-172-31-24-75 avahi-daemon[677]: Registering new address record for fe80::c9a:94ff:fea6:a2fc on ens5.*.
Apr 15 18:27:48 ip-172-31-24-75 dhclient[831]: DHCPREQUEST on ens5 to 255.255.255.255 port 67 (xid=0x3a712ee5)
Apr 15 18:27:48 ip-172-31-24-75 dhclient[831]: DHCPACK from 172.31.16.1 (xid=0x3a712ee5)
Apr 15 18:27:48 ip-172-31-24-75 NetworkManager[791]: <info>  [1586975268.9230] dhcp4 (ens5):   address 172.31.24.75
Apr 15 18:27:48 ip-172-31-24-75 NetworkManager[791]: <info>  [1586975268.9230] dhcp4 (ens5):   plen 20 (255.255.240.0)
Apr 15 18:27:48 ip-172-31-24-75 NetworkManager[791]: <info>  [1586975268.9230] dhcp4 (ens5):   gateway 172.31.16.1
Apr 15 18:27:48 ip-172-31-24-75 NetworkManager[791]: <info>  [1586975268.9231] dhcp4 (ens5):   lease time 3600
Apr 15 18:27:48 ip-172-31-24-75 NetworkManager[791]: <info>  [1586975268.9231] dhcp4 (ens5):   hostname 'ip-172-31-24-75'
Apr 15 18:27:48 ip-172-31-24-75 NetworkManager[791]: <info>  [1586975268.9231] dhcp4 (ens5):   nameserver '172.31.0.2'
Apr 15 18:27:48 ip-172-31-24-75 NetworkManager[791]: <info>  [1586975268.9231] dhcp4 (ens5):   domain name 'us-west-2.compute.internal'
Apr 15 18:27:48 ip-172-31-24-75 NetworkManager[791]: <info>  [1586975268.9231] dhcp4 (ens5): state changed unknown -> bound
Apr 15 18:27:48 ip-172-31-24-75 NetworkManager[791]: <info>  [1586975268.9242] device (ens5): state change: ip-config -> ip-check (reason 'none', sys-iface-state: 'managed')
Apr 15 18:27:48 ip-172-31-24-75 avahi-daemon[677]: Joining mDNS multicast group on interface ens5.IPv4 with address 172.31.24.75.
Apr 15 18:27:48 ip-172-31-24-75 avahi-daemon[677]: New relevant interface ens5.IPv4 for mDNS.
Apr 15 18:27:48 ip-172-31-24-75 avahi-daemon[677]: Registering new address record for 172.31.24.75 on ens5.IPv4.
Apr 15 18:27:48 ip-172-31-24-75 dhclient[831]: bound to 172.31.24.75 -- renewal in 1661 seconds.
Apr 15 18:27:48 ip-172-31-24-75 NetworkManager[791]: <info>  [1586975268.9283] device (ens5): state change: ip-check -> secondaries (reason 'none', sys-iface-state: 'managed')
Apr 15 18:27:48 ip-172-31-24-75 NetworkManager[791]: <info>  [1586975268.9286] device (ens5): state change: secondaries -> activated (reason 'none', sys-iface-state: 'managed')
Apr 15 18:27:48 ip-172-31-24-75 NetworkManager[791]: <info>  [1586975268.9295] manager: NetworkManager state is now CONNECTED_LOCAL
Apr 15 18:27:48 ip-172-31-24-75 NetworkManager[791]: <info>  [1586975268.9334] manager: NetworkManager state is now CONNECTED_SITE
Apr 15 18:27:48 ip-172-31-24-75 NetworkManager[791]: <info>  [1586975268.9345] policy: set 'System ens5' (ens5) as default for IPv4 routing and DNS
Apr 15 18:27:48 ip-172-31-24-75 NetworkManager[791]: <info>  [1586975268.9366] device (ens5): Activation: successful, device activated.
Apr 15 18:27:48 ip-172-31-24-75 NetworkManager[791]: <info>  [1586975268.9376] manager: NetworkManager state is now CONNECTED_GLOBAL
Apr 15 18:27:48 ip-172-31-24-75 NetworkManager[791]: <info>  [1586975268.9382] manager: startup complete
Apr 15 18:27:48 ip-172-31-24-75 nm-dispatcher: req:3 'up' [ens5]: new request (5 scripts)
Apr 15 18:27:48 ip-172-31-24-75 nm-dispatcher: req:3 'up' [ens5]: start running ordered scripts...
Apr 15 18:27:48 ip-172-31-24-75 nm-dispatcher: req:4 'connectivity-change': new request (5 scripts)
Apr 15 18:27:48 ip-172-31-24-75 systemd: Started Network Manager Wait Online.
Apr 15 18:27:48 ip-172-31-24-75 systemd: Starting LSB: Bring up/down networking...
Apr 15 18:27:49 ip-172-31-24-75 nm-dispatcher: req:4 'connectivity-change': start running ordered scripts...
Apr 15 18:27:49 ip-172-31-24-75 kernel: IPv6: ADDRCONF(NETDEV_CHANGE): ens5: link becomes ready
Apr 15 18:27:49 ip-172-31-24-75 network: Bringing up loopback interface:  [  OK  ]
Apr 15 18:27:49 ip-172-31-24-75 network: Bringing up interface ens5:  [  OK  ]
Apr 15 18:27:49 ip-172-31-24-75 NetworkManager[791]: <info>  [1586975269.4394] agent-manager: req[0x56448df552b0, :1.24/nmcli-connect/0]: agent registered
Apr 15 18:27:49 ip-172-31-24-75 NetworkManager[791]: <info>  [1586975269.4413] audit: op="connection-activate" uuid="5fb06bd0-0bb0-7ffb-45f1-d6edd65f3e03" name="System eth0" result="fail" reason="No suitable device found for this connection (device ens5 not available because profile is not compatible with device (mismatching interface name))."
Apr 15 18:27:49 ip-172-31-24-75 network: Bringing up interface eth0:  Error: Connection activation failed: No suitable device found for this connection (device ens5 not available because profile is not compatible with device (mismatching interface name)).
Apr 15 18:27:49 ip-172-31-24-75 network: [FAILED]
Apr 15 18:27:49 ip-172-31-24-75 systemd: network.service: control process exited, code=exited status=1
Apr 15 18:27:49 ip-172-31-24-75 systemd: Failed to start LSB: Bring up/down networking.
Apr 15 18:27:49 ip-172-31-24-75 systemd: Unit network.service entered failed state.
Apr 15 18:27:49 ip-172-31-24-75 systemd: network.service failed.
Apr 15 18:27:49 ip-172-31-24-75 systemd: Reached target Network.
Apr 15 18:27:49 ip-172-31-24-75 systemd: Starting Logout off all iSCSI sessions on shutdown...
Apr 15 18:27:49 ip-172-31-24-75 systemd: Started Playground Web Terminal.
Apr 15 18:27:49 ip-172-31-24-75 systemd: Starting Postfix Mail Transport Agent...
Apr 15 18:27:49 ip-172-31-24-75 systemd: Starting Remote desktop service (VNC)...
Apr 15 18:27:49 ip-172-31-24-75 systemd: Starting Dynamic System Tuning Daemon...
Apr 15 18:27:49 ip-172-31-24-75 systemd: Starting Initial cloud-init job (metadata service crawler)...
Apr 15 18:27:49 ip-172-31-24-75 systemd: Started Logout off all iSCSI sessions on shutdown.
Apr 15 18:27:49 ip-172-31-24-75 systemd: Reached target Remote File Systems (Pre).
Apr 15 18:27:49 ip-172-31-24-75 systemd: Reached target Remote File Systems.
Apr 15 18:27:49 ip-172-31-24-75 systemd: Starting Availability of block devices...
Apr 15 18:27:49 ip-172-31-24-75 systemd: Started Availability of block devices.
Apr 15 18:27:49 ip-172-31-24-75 cloud-init: Cloud-init v. 18.5 running 'init' at Wed, 15 Apr 2020 18:27:49 +0000. Up 15.48 seconds.
Apr 15 18:27:50 ip-172-31-24-75 cloud-init: ci-info: ++++++++++++++++++++++++++++++++++++++Net device info+++++++++++++++++++++++++++++++++++++++
Apr 15 18:27:50 ip-172-31-24-75 cloud-init: ci-info: +--------+------+-----------------------------+---------------+--------+-------------------+
Apr 15 18:27:50 ip-172-31-24-75 cloud-init: ci-info: | Device |  Up  |           Address           |      Mask     | Scope  |     Hw-Address    |
Apr 15 18:27:50 ip-172-31-24-75 cloud-init: ci-info: +--------+------+-----------------------------+---------------+--------+-------------------+
Apr 15 18:27:50 ip-172-31-24-75 cloud-init: ci-info: |  ens5  | True |         172.31.24.75        | 255.255.240.0 | global | 0e:9a:94:a6:a2:fc |
Apr 15 18:27:50 ip-172-31-24-75 cloud-init: ci-info: |  ens5  | True | fe80::c9a:94ff:fea6:a2fc/64 |       .       |  link  | 0e:9a:94:a6:a2:fc |
Apr 15 18:27:50 ip-172-31-24-75 cloud-init: ci-info: |   lo   | True |          127.0.0.1          |   255.0.0.0   |  host  |         .         |
Apr 15 18:27:50 ip-172-31-24-75 cloud-init: ci-info: |   lo   | True |           ::1/128           |       .       |  host  |         .         |
Apr 15 18:27:50 ip-172-31-24-75 cloud-init: ci-info: +--------+------+-----------------------------+---------------+--------+-------------------+
Apr 15 18:27:50 ip-172-31-24-75 cloud-init: ci-info: +++++++++++++++++++++++++++++Route IPv4 info+++++++++++++++++++++++++++++
Apr 15 18:27:50 ip-172-31-24-75 cloud-init: ci-info: +-------+-------------+-------------+---------------+-----------+-------+
Apr 15 18:27:50 ip-172-31-24-75 cloud-init: ci-info: | Route | Destination |   Gateway   |    Genmask    | Interface | Flags |
Apr 15 18:27:50 ip-172-31-24-75 cloud-init: ci-info: +-------+-------------+-------------+---------------+-----------+-------+
Apr 15 18:27:50 ip-172-31-24-75 cloud-init: ci-info: |   0   |   0.0.0.0   | 172.31.16.1 |    0.0.0.0    |    ens5   |   UG  |
Apr 15 18:27:50 ip-172-31-24-75 cloud-init: ci-info: |   1   | 172.31.16.0 |   0.0.0.0   | 255.255.240.0 |    ens5   |   U   |
Apr 15 18:27:50 ip-172-31-24-75 cloud-init: ci-info: +-------+-------------+-------------+---------------+-----------+-------+
Apr 15 18:27:50 ip-172-31-24-75 cloud-init: ci-info: +++++++++++++++++++Route IPv6 info+++++++++++++++++++
Apr 15 18:27:50 ip-172-31-24-75 cloud-init: ci-info: +-------+-------------+---------+-----------+-------+
Apr 15 18:27:50 ip-172-31-24-75 cloud-init: ci-info: | Route | Destination | Gateway | Interface | Flags |
Apr 15 18:27:50 ip-172-31-24-75 cloud-init: ci-info: +-------+-------------+---------+-----------+-------+
Apr 15 18:27:50 ip-172-31-24-75 cloud-init: ci-info: |   9   |  fe80::/64  |    ::   |    ens5   |   U   |
Apr 15 18:27:50 ip-172-31-24-75 cloud-init: ci-info: |   12  |   ff00::/8  |    ::   |    ens5   |   U   |
Apr 15 18:27:50 ip-172-31-24-75 cloud-init: ci-info: +-------+-------------+---------+-----------+-------+
Apr 15 18:27:50 ip-172-31-24-75 systemd: Started Dynamic System Tuning Daemon.
Apr 15 18:27:50 ip-172-31-24-75 systemd: Started Postfix Mail Transport Agent.
Apr 15 18:27:50 ip-172-31-24-75 systemd: Started Initial cloud-init job (metadata service crawler).
Apr 15 18:27:50 ip-172-31-24-75 systemd: Starting OpenSSH Server Key Generation...
Apr 15 18:27:50 ip-172-31-24-75 systemd: Reached target Cloud-config availability.
Apr 15 18:27:50 ip-172-31-24-75 systemd: Starting Permit User Sessions...
Apr 15 18:27:50 ip-172-31-24-75 systemd: Reached target Network is Online.
Apr 15 18:27:50 ip-172-31-24-75 systemd: Starting System Logging Service...
Apr 15 18:27:50 ip-172-31-24-75 systemd: Started amazon-ssm-agent.
Apr 15 18:27:50 ip-172-31-24-75 systemd: Starting Apply the settings specified in cloud-config...
Apr 15 18:27:50 ip-172-31-24-75 systemd: Starting NFS status monitor for NFSv2/3 locking....
Apr 15 18:27:50 ip-172-31-24-75 systemd: Starting NFS Mount Daemon...
Apr 15 18:27:50 ip-172-31-24-75 systemd: Started Permit User Sessions.
Apr 15 18:27:50 ip-172-31-24-75 systemd: Created slice User Slice of cloud_user.
Apr 15 18:27:50 ip-172-31-24-75 systemd: Starting Terminate Plymouth Boot Screen...
Apr 15 18:27:50 ip-172-31-24-75 systemd: Starting Wait for Plymouth Boot Screen to Quit...
Apr 15 18:27:50 ip-172-31-24-75 systemd: Started Session c1 of user cloud_user.
Apr 15 18:27:50 ip-172-31-24-75 systemd: Started Command Scheduler.
Apr 15 18:27:50 ip-172-31-24-75 rpc.statd[1392]: Version 1.3.0 starting
Apr 15 18:27:50 ip-172-31-24-75 rpc.statd[1392]: Flags: TI-RPC
Apr 15 18:27:50 ip-172-31-24-75 systemd: Started NFS status monitor for NFSv2/3 locking..
Apr 15 18:27:51 ip-172-31-24-75 systemd: Received SIGRTMIN+21 from PID 337 (plymouthd).
Apr 15 18:27:51 ip-172-31-24-75 systemd: Started NFS Mount Daemon.
Apr 15 18:27:51 ip-172-31-24-75 systemd: Starting NFS server and services...
Apr 15 18:27:51 ip-172-31-24-75 systemd: Started Terminate Plymouth Boot Screen.
Apr 15 18:27:51 ip-172-31-24-75 rsyslogd: [origin software="rsyslogd" swVersion="8.24.0-41.el7_7.4" x-pid="1382" x-info="http://www.rsyslog.com"] start
Apr 15 18:27:51 ip-172-31-24-75 systemd: Started Wait for Plymouth Boot Screen to Quit.
Apr 15 18:27:51 ip-172-31-24-75 systemd: Started System Logging Service.
Apr 15 18:27:51 ip-172-31-24-75 systemd: Started Serial Getty on ttyS0.
Apr 15 18:27:51 ip-172-31-24-75 systemd: Started Getty on tty1.
Apr 15 18:27:51 ip-172-31-24-75 systemd: Reached target Login Prompts.
Apr 15 18:27:51 ip-172-31-24-75 rpc.mountd[1399]: Version 1.3.0 starting
Apr 15 18:27:51 ip-172-31-24-75 sshd-keygen: Generating SSH2 RSA host key: [  OK  ]
Apr 15 18:27:51 ip-172-31-24-75 sshd-keygen: Generating SSH2 ECDSA host key: [  OK  ]
Apr 15 18:27:51 ip-172-31-24-75 kernel: NFSD: starting 90-second grace period (net ffffffffa7313a80)
Apr 15 18:27:51 ip-172-31-24-75 cloud-init: Cloud-init v. 18.5 running 'modules:config' at Wed, 15 Apr 2020 18:27:51 +0000. Up 16.86 seconds.
Apr 15 18:27:51 ip-172-31-24-75 systemd: Started OpenSSH Server Key Generation.
Apr 15 18:27:51 ip-172-31-24-75 sshd-keygen: Generating SSH2 ED25519 host key: [  OK  ]
Apr 15 18:27:51 ip-172-31-24-75 systemd: Starting OpenSSH server daemon...
Apr 15 18:27:51 ip-172-31-24-75 systemd: Reloading GSSAPI Proxy Daemon.
Apr 15 18:27:51 ip-172-31-24-75 systemd: Reloaded GSSAPI Proxy Daemon.
Apr 15 18:27:51 ip-172-31-24-75 systemd: Started NFS server and services.
Apr 15 18:27:51 ip-172-31-24-75 systemd: Starting Notify NFS peers of a restart...
Apr 15 18:27:51 ip-172-31-24-75 sm-notify[1479]: Version 1.3.0 starting
Apr 15 18:27:51 ip-172-31-24-75 systemd: Started Notify NFS peers of a restart.
Apr 15 18:27:51 ip-172-31-24-75 systemd: Started Apply the settings specified in cloud-config.
Apr 15 18:27:51 ip-172-31-24-75 systemd: Starting Execute cloud user/final scripts...
Apr 15 18:27:51 ip-172-31-24-75 systemd: Started OpenSSH server daemon.
Apr 15 18:27:52 ip-172-31-24-75 cloud-init: Cloud-init v. 18.5 running 'modules:final' at Wed, 15 Apr 2020 18:27:51 +0000. Up 17.48 seconds.
Apr 15 18:27:52 ip-172-31-24-75 cloud-init: % Total    % Received % Xferd  Average Speed   Time    Time     Time  Current
Apr 15 18:27:52 ip-172-31-24-75 cloud-init: Dload  Upload   Total   Spent    Left  Speed
Apr 15 18:27:52 ip-172-31-24-75 cloud-init: 0     0    0     0    0     0      0      0 --:--:-- --:--:-- --:--:--     0#015100    12  100    12    0     0   7130      0 --:--:-- --:--:-- --:--:-- 12000
Apr 15 18:27:52 ip-172-31-24-75 systemd-hostnamed: Changed static host name to 'seang1c.mylabserver.com'
Apr 15 18:27:52 ip-172-31-24-75 NetworkManager[791]: <info>  [1586975272.0903] hostname: hostname changed from "ip-172-31-24-75.us-west-2.compute.internal" to "seang1c.mylabserver.com"
Apr 15 18:27:52 ip-172-31-24-75 systemd-hostnamed: Changed host name to 'seang1c.mylabserver.com'
Apr 15 18:27:52 ip-172-31-24-75 nm-dispatcher: req:5 'hostname': new request (5 scripts)
Apr 15 18:27:52 ip-172-31-24-75 nm-dispatcher: req:5 'hostname': start running ordered scripts...
Apr 15 18:27:52 ip-172-31-24-75 systemd: Reloading.
Apr 15 18:27:52 ip-172-31-24-75 NetworkManager[791]: <info>  [1586975272.1082] policy: set-hostname: set hostname to 'seang1c.mylabserver.com' (from system configuration)
Apr 15 18:27:52 ip-172-31-24-75 nm-dispatcher: req:6 'hostname': new request (5 scripts)
Apr 15 18:27:52 ip-172-31-24-75 nm-dispatcher: req:6 'hostname': start running ordered scripts...
Apr 15 18:27:52 ip-172-31-24-75 cloud-init: Failed to restart linux-academy-websh.service: Unit not found.
Apr 15 18:27:52 ip-172-31-24-75 amazon-ssm-agent: 2020/04/15 18:27:52 Failed to load instance info from vault. RegistrationKey does not exist.
Apr 15 18:27:52 ip-172-31-24-75 amazon-ssm-agent: Error occurred fetching the seelog config file path:  open /etc/amazon/ssm/seelog.xml: no such file or directory
Apr 15 18:27:52 ip-172-31-24-75 amazon-ssm-agent: Initializing new seelog logger
Apr 15 18:27:52 ip-172-31-24-75 amazon-ssm-agent: New Seelog Logger Creation Complete
Apr 15 18:27:52 ip-172-31-24-75 amazon-ssm-agent: 2020-04-15 18:27:52 INFO Create new startup processor
Apr 15 18:27:52 ip-172-31-24-75 amazon-ssm-agent: 2020-04-15 18:27:52 INFO [LongRunningPluginsManager] registered plugins: {}
Apr 15 18:27:52 ip-172-31-24-75 amazon-ssm-agent: 2020-04-15 18:27:52 INFO Initializing bookkeeping folders
Apr 15 18:27:52 ip-172-31-24-75 amazon-ssm-agent: 2020-04-15 18:27:52 INFO removing the completed state files
Apr 15 18:27:52 ip-172-31-24-75 amazon-ssm-agent: 2020-04-15 18:27:52 INFO Initializing bookkeeping folders for long running plugins
Apr 15 18:27:52 ip-172-31-24-75 amazon-ssm-agent: 2020-04-15 18:27:52 INFO Initializing replies folder for MDS reply requests that couldn't reach the service
Apr 15 18:27:52 ip-172-31-24-75 amazon-ssm-agent: 2020-04-15 18:27:52 INFO Initializing healthcheck folders for long running plugins
Apr 15 18:27:52 ip-172-31-24-75 amazon-ssm-agent: 2020-04-15 18:27:52 INFO Initializing locations for inventory plugin
Apr 15 18:27:52 ip-172-31-24-75 amazon-ssm-agent: 2020-04-15 18:27:52 INFO Initializing default location for custom inventory
Apr 15 18:27:52 ip-172-31-24-75 amazon-ssm-agent: 2020-04-15 18:27:52 INFO Initializing default location for file inventory
Apr 15 18:27:52 ip-172-31-24-75 amazon-ssm-agent: 2020-04-15 18:27:52 INFO Initializing default location for role inventory
Apr 15 18:27:52 ip-172-31-24-75 amazon-ssm-agent: 2020-04-15 18:27:52 INFO Init the cloudwatchlogs publisher
Apr 15 18:27:52 ip-172-31-24-75 amazon-ssm-agent: 2020-04-15 18:27:52 INFO [instanceID=i-072ebddc359f350aa] Successfully loaded platform independent plugin aws:softwareInventory
Apr 15 18:27:52 ip-172-31-24-75 amazon-ssm-agent: 2020-04-15 18:27:52 INFO [instanceID=i-072ebddc359f350aa] Successfully loaded platform independent plugin aws:runPowerShellScript
Apr 15 18:27:52 ip-172-31-24-75 amazon-ssm-agent: 2020-04-15 18:27:52 INFO [instanceID=i-072ebddc359f350aa] Successfully loaded platform independent plugin aws:updateSsmAgent
Apr 15 18:27:52 ip-172-31-24-75 amazon-ssm-agent: 2020-04-15 18:27:52 INFO [instanceID=i-072ebddc359f350aa] Successfully loaded platform independent plugin aws:refreshAssociation
Apr 15 18:27:52 ip-172-31-24-75 amazon-ssm-agent: 2020-04-15 18:27:52 INFO [instanceID=i-072ebddc359f350aa] Successfully loaded platform independent plugin aws:configurePackage
Apr 15 18:27:52 ip-172-31-24-75 amazon-ssm-agent: 2020-04-15 18:27:52 INFO [instanceID=i-072ebddc359f350aa] Successfully loaded platform independent plugin aws:configureDocker
Apr 15 18:27:52 ip-172-31-24-75 amazon-ssm-agent: 2020-04-15 18:27:52 INFO [instanceID=i-072ebddc359f350aa] Successfully loaded platform independent plugin aws:runDockerAction
Apr 15 18:27:52 ip-172-31-24-75 amazon-ssm-agent: 2020-04-15 18:27:52 INFO [instanceID=i-072ebddc359f350aa] Successfully loaded platform independent plugin aws:downloadContent
Apr 15 18:27:52 ip-172-31-24-75 amazon-ssm-agent: 2020-04-15 18:27:52 INFO [instanceID=i-072ebddc359f350aa] Successfully loaded platform independent plugin aws:runDocument
Apr 15 18:27:52 ip-172-31-24-75 amazon-ssm-agent: 2020-04-15 18:27:52 INFO [instanceID=i-072ebddc359f350aa] Successfully loaded platform dependent plugin aws:runShellScript
Apr 15 18:27:52 ip-172-31-24-75 amazon-ssm-agent: 2020-04-15 18:27:52 INFO Starting Agent: amazon-ssm-agent - v2.3.978.0
Apr 15 18:27:52 ip-172-31-24-75 amazon-ssm-agent: 2020-04-15 18:27:52 INFO OS: linux, Arch: amd64
Apr 15 18:27:52 ip-172-31-24-75 amazon-ssm-agent: datastore file /var/lib/amazon/ssm/i-072ebddc359f350aa/longrunningplugins/datastore/store doesn't exist - no long running plugins to execute
Apr 15 18:27:52 ip-172-31-24-75 amazon-ssm-agent: 2020-04-15 18:27:52 INFO [MessagingDeliveryService] Starting document processing engine...
Apr 15 18:27:52 ip-172-31-24-75 amazon-ssm-agent: 2020-04-15 18:27:52 INFO [MessagingDeliveryService] [EngineProcessor] Starting
Apr 15 18:27:52 ip-172-31-24-75 amazon-ssm-agent: 2020-04-15 18:27:52 INFO [MessagingDeliveryService] [EngineProcessor] Initial processing
Apr 15 18:27:53 ip-172-31-24-75 amazon-ssm-agent: 2020-04-15 18:27:52 INFO [MessagingDeliveryService] Starting message polling
Apr 15 18:27:53 ip-172-31-24-75 amazon-ssm-agent: 2020-04-15 18:27:52 INFO [MessagingDeliveryService] Starting send replies to MDS
Apr 15 18:27:53 ip-172-31-24-75 amazon-ssm-agent: 2020-04-15 18:27:52 INFO [instanceID=i-072ebddc359f350aa] Starting association polling
Apr 15 18:27:53 ip-172-31-24-75 amazon-ssm-agent: 2020-04-15 18:27:52 INFO [MessagingDeliveryService] [Association] [EngineProcessor] Starting
Apr 15 18:27:53 ip-172-31-24-75 amazon-ssm-agent: 2020-04-15 18:27:52 INFO [MessagingDeliveryService] [Association] Launching response handler
Apr 15 18:27:53 ip-172-31-24-75 amazon-ssm-agent: 2020-04-15 18:27:52 INFO [MessagingDeliveryService] [Association] [EngineProcessor] Initial processing
Apr 15 18:27:53 ip-172-31-24-75 amazon-ssm-agent: 2020-04-15 18:27:52 INFO [MessagingDeliveryService] [Association] Initializing association scheduling service
Apr 15 18:27:53 ip-172-31-24-75 amazon-ssm-agent: 2020-04-15 18:27:52 INFO [MessagingDeliveryService] [Association] Association scheduling service initialized
Apr 15 18:27:53 ip-172-31-24-75 amazon-ssm-agent: 2020-04-15 18:27:52 INFO [MessageGatewayService] Starting session document processing engine...
Apr 15 18:27:53 ip-172-31-24-75 amazon-ssm-agent: 2020-04-15 18:27:52 INFO [MessageGatewayService] [EngineProcessor] Starting
Apr 15 18:27:53 ip-172-31-24-75 NetworkManager[791]: <info>  [1586975273.9827] dhcp6 (ens5): activation: beginning transaction (timeout in 45 seconds)
Apr 15 18:27:53 ip-172-31-24-75 NetworkManager[791]: <info>  [1586975273.9905] dhcp6 (ens5): dhclient started with pid 1629
Apr 15 18:27:53 ip-172-31-24-75 NetworkManager[791]: <info>  [1586975273.9921] policy: set 'System ens5' (ens5) as default for IPv6 routing and DNS
Apr 15 18:27:53 ip-172-31-24-75 amazon-ssm-agent: 2020-04-15 18:27:52 INFO [MessageGatewayService] SSM Agent is trying to setup control channel for Session Manager module.
Apr 15 18:27:54 ip-172-31-24-75 start-websh.sh: 
Apr 15 18:27:54 ip-172-31-24-75 start-websh.sh:               npm update check failed              
Apr 15 18:27:54 ip-172-31-24-75 start-websh.sh:         Try running with sudo or get access        
Apr 15 18:27:54 ip-172-31-24-75 start-websh.sh:        to the local update config store via        
Apr 15 18:27:54 ip-172-31-24-75 start-websh.sh:  sudo chown -R $USER:$(id -gn $USER) /root/.config 
Apr 15 18:27:54 ip-172-31-24-75 start-websh.sh: 
Apr 15 18:27:54 ip-172-31-24-75 dhclient[1629]: PRC: Previous lease is devoid of active addresses.  Re-initializing.
Apr 15 18:27:54 ip-172-31-24-75 amazon-ssm-agent: 2020-04-15 18:27:52 INFO [MessageGatewayService] Setting up websocket for controlchannel for instance: i-072ebddc359f350aa, requestId: 8c451056-e245-4fa6-89e7-169e1a2b517a
Apr 15 18:27:54 ip-172-31-24-75 amazon-ssm-agent: 2020-04-15 18:27:52 INFO [OfflineService] Starting document processing engine...
Apr 15 18:27:54 ip-172-31-24-75 runuser: Session terminated, killing shell... ...killed.
Apr 15 18:27:54 ip-172-31-24-75 systemd: vncserver@:1.service: control process exited, code=exited status=1
Apr 15 18:27:54 ip-172-31-24-75 systemd: Stopped Remote desktop service (VNC).
Apr 15 18:27:54 ip-172-31-24-75 systemd: Unit vncserver@:1.service entered failed state.
Apr 15 18:27:54 ip-172-31-24-75 systemd: vncserver@:1.service failed.
Apr 15 18:27:54 ip-172-31-24-75 systemd: Starting Remote desktop service (VNC)...
Apr 15 18:27:54 ip-172-31-24-75 dhclient[1629]: XMT: Solicit on ens5, interval 1090ms.
Apr 15 18:27:54 ip-172-31-24-75 dhclient[1629]: RCV: Advertise message on ens5 from fe80::c05:26ff:fe5a:f8da.
Apr 15 18:27:54 ip-172-31-24-75 dhclient[1629]: XMT: Request on ens5, interval 1020ms.
Apr 15 18:27:54 ip-172-31-24-75 dhclient[1629]: RCV: Reply message on ens5 from fe80::c05:26ff:fe5a:f8da.
Apr 15 18:27:54 ip-172-31-24-75 NetworkManager[791]: <info>  [1586975274.2649] dhcp6 (ens5):   valid_lft 450
Apr 15 18:27:54 ip-172-31-24-75 NetworkManager[791]: <info>  [1586975274.2651] dhcp6 (ens5):   preferred_lft 150
Apr 15 18:27:54 ip-172-31-24-75 NetworkManager[791]: <info>  [1586975274.2651] dhcp6 (ens5):   address 2600:1f14:ec4:9803:ee1b:31c5:7864:892d
Apr 15 18:27:54 ip-172-31-24-75 NetworkManager[791]: <info>  [1586975274.2652] dhcp6 (ens5): state changed unknown -> bound, event ID="94:a6:a2:fc|1586975274"
Apr 15 18:27:54 ip-172-31-24-75 nm-dispatcher: req:7 'dhcp6-change' [ens5]: new request (5 scripts)
Apr 15 18:27:54 ip-172-31-24-75 nm-dispatcher: req:7 'dhcp6-change' [ens5]: start running ordered scripts...
Apr 15 18:27:54 ip-172-31-24-75 avahi-daemon[677]: Registering new address record for 2600:1f14:ec4:9803:ee1b:31c5:7864:892d on ens5.*.
Apr 15 18:27:54 ip-172-31-24-75 avahi-daemon[677]: Withdrawing address record for fe80::c9a:94ff:fea6:a2fc on ens5.
Apr 15 18:27:54 ip-172-31-24-75 amazon-ssm-agent: 2020-04-15 18:27:52 INFO [OfflineService] [EngineProcessor] Starting
Apr 15 18:27:54 ip-172-31-24-75 systemd: Removed slice User Slice of cloud_user.
Apr 15 18:27:54 ip-172-31-24-75 systemd: Created slice User Slice of cloud_user.
Apr 15 18:27:54 ip-172-31-24-75 systemd: Started Session c2 of user cloud_user.
Apr 15 18:27:54 ip-172-31-24-75 amazon-ssm-agent: 2020-04-15 18:27:52 INFO [OfflineService] [EngineProcessor] Initial processing
Apr 15 18:27:54 ip-172-31-24-75 amazon-ssm-agent: 2020-04-15 18:27:52 INFO [OfflineService] Starting message polling
Apr 15 18:27:54 ip-172-31-24-75 amazon-ssm-agent: 2020-04-15 18:27:52 INFO [OfflineService] Starting send replies to MDS
Apr 15 18:27:54 ip-172-31-24-75 amazon-ssm-agent: 2020-04-15 18:27:52 INFO [LongRunningPluginsManager] starting long running plugin manager
Apr 15 18:27:54 ip-172-31-24-75 amazon-ssm-agent: 2020-04-15 18:27:52 INFO [LongRunningPluginsManager] there aren't any long running plugin to execute
Apr 15 18:27:54 ip-172-31-24-75 amazon-ssm-agent: 2020-04-15 18:27:52 INFO [HealthCheck] HealthCheck reporting agent health.
Apr 15 18:27:54 ip-172-31-24-75 amazon-ssm-agent: 2020-04-15 18:27:52 INFO [MessageGatewayService] listening reply.
Apr 15 18:27:55 ip-172-31-24-75 amazon-ssm-agent: 2020-04-15 18:27:52 INFO [LongRunningPluginsManager] There are no long running plugins currently getting executed - skipping their healthcheck
Apr 15 18:27:55 ip-172-31-24-75 amazon-ssm-agent: 2020-04-15 18:27:52 INFO [StartupProcessor] Executing startup processor tasks
Apr 15 18:27:55 ip-172-31-24-75 amazon-ssm-agent: 2020-04-15 18:27:52 INFO [StartupProcessor] Write to serial port: Amazon SSM Agent v2.3.978.0 is running
Apr 15 18:27:55 ip-172-31-24-75 amazon-ssm-agent: 2020-04-15 18:27:52 INFO [StartupProcessor] Write to serial port: OsProductName: CentOS Linux
Apr 15 18:27:55 ip-172-31-24-75 amazon-ssm-agent: 2020-04-15 18:27:52 INFO [StartupProcessor] Write to serial port: OsVersion: 7.7.1908
Apr 15 18:27:55 ip-172-31-24-75 amazon-ssm-agent: 2020-04-15 18:27:52 INFO [MessageGatewayService] Opening websocket connection to: wss://ssmmessages.us-west-2.amazonaws.com/v1/control-channel/i-072ebddc359f350aa?role=subscribe&stream=input
Apr 15 18:27:55 ip-172-31-24-75 amazon-ssm-agent: 2020-04-15 18:27:52 INFO [MessageGatewayService] Successfully opened websocket connection to: wss://ssmmessages.us-west-2.amazonaws.com/v1/control-channel/i-072ebddc359f350aa?role=subscribe&stream=input
Apr 15 18:27:55 ip-172-31-24-75 amazon-ssm-agent: 2020-04-15 18:27:52 INFO [MessageGatewayService] Starting receiving message from control channel
