Dec  4 17:45:26 seang1c kernel: Initializing cgroup subsys cpuset
Dec  4 17:45:26 seang1c kernel: Initializing cgroup subsys cpu
Dec  4 17:45:26 seang1c kernel: Initializing cgroup subsys cpuacct
Dec  4 17:45:26 seang1c kernel: Linux version 3.10.0-1062.1.2.el7.x86_64 (mockbuild@kbuilder.bsys.centos.org) (gcc version 4.8.5 20150623 (Red Hat 4.8.5-39) (GCC) ) #1 SMP Mon Sep 30 14:19:46 UTC 2019
Dec  4 17:45:26 seang1c kernel: Command line: BOOT_IMAGE=/boot/vmlinuz-3.10.0-1062.1.2.el7.x86_64 root=UUID=0f790447-ebef-4ca0-b229-d0aa1985d57f ro console=ttyS0,115200 console=tty0 console=ttyS0,115200n8 vconsole.font=latarcyrheb-sun16 crashkernel=auto vconsole.keymap=us LANG=en_US.UTF-8
Dec  4 17:45:26 seang1c kernel: e820: BIOS-provided physical RAM map:
Dec  4 17:45:26 seang1c kernel: BIOS-e820: [mem 0x0000000000000000-0x000000000009fbff] usable
Dec  4 17:45:26 seang1c kernel: BIOS-e820: [mem 0x000000000009fc00-0x000000000009ffff] reserved
Dec  4 17:45:26 seang1c kernel: BIOS-e820: [mem 0x00000000000f0000-0x00000000000fffff] reserved
Dec  4 17:45:26 seang1c kernel: BIOS-e820: [mem 0x0000000000100000-0x00000000bfff9fff] usable
Dec  4 17:45:26 seang1c kernel: BIOS-e820: [mem 0x00000000bfffa000-0x00000000bfffffff] reserved
Dec  4 17:45:26 seang1c kernel: BIOS-e820: [mem 0x00000000e0000000-0x00000000e03fffff] reserved
Dec  4 17:45:26 seang1c kernel: BIOS-e820: [mem 0x00000000fffc0000-0x00000000ffffffff] reserved
Dec  4 17:45:26 seang1c kernel: BIOS-e820: [mem 0x0000000100000000-0x000000013c3fffff] usable
Dec  4 17:45:26 seang1c kernel: BIOS-e820: [mem 0x000000013c400000-0x000000013fffffff] reserved
Dec  4 17:45:26 seang1c kernel: NX (Execute Disable) protection: active
Dec  4 17:45:26 seang1c kernel: SMBIOS 2.7 present.
Dec  4 17:45:26 seang1c kernel: DMI: Amazon EC2 t3.medium/, BIOS 1.0 10/16/2017
Dec  4 17:45:26 seang1c kernel: Hypervisor detected: KVM
Dec  4 17:45:26 seang1c kernel: e820: last_pfn = 0x13c400 max_arch_pfn = 0x400000000
Dec  4 17:45:26 seang1c kernel: PAT configuration [0-7]: WB  WC  UC- UC  WB  WP  UC- UC  
Dec  4 17:45:26 seang1c kernel: e820: last_pfn = 0xbfffa max_arch_pfn = 0x400000000
Dec  4 17:45:26 seang1c kernel: Using GB pages for direct mapping
Dec  4 17:45:26 seang1c kernel: RAMDISK: [mem 0x2fe8b000-0x33f3dfff]
Dec  4 17:45:26 seang1c kernel: Early table checksum verification disabled
Dec  4 17:45:26 seang1c kernel: ACPI: RSDP 00000000000f8fa0 00014 (v00 AMAZON)
Dec  4 17:45:26 seang1c kernel: ACPI: RSDT 00000000bfffe360 0003C (v01 AMAZON AMZNRSDT 00000001 AMZN 00000001)
Dec  4 17:45:26 seang1c kernel: ACPI: FACP 00000000bfffff80 00074 (v01 AMAZON AMZNFACP 00000001 AMZN 00000001)
Dec  4 17:45:26 seang1c kernel: ACPI: DSDT 00000000bfffe3a0 010E9 (v01 AMAZON AMZNDSDT 00000001 AMZN 00000001)
Dec  4 17:45:26 seang1c kernel: ACPI: FACS 00000000bfffff40 00040
Dec  4 17:45:26 seang1c kernel: ACPI: SSDT 00000000bffff6c0 0087A (v01 AMAZON AMZNSSDT 00000001 AMZN 00000001)
Dec  4 17:45:26 seang1c kernel: ACPI: APIC 00000000bffff5d0 00076 (v01 AMAZON AMZNAPIC 00000001 AMZN 00000001)
Dec  4 17:45:26 seang1c kernel: ACPI: SRAT 00000000bffff530 000A0 (v01 AMAZON AMZNSRAT 00000001 AMZN 00000001)
Dec  4 17:45:26 seang1c kernel: ACPI: SLIT 00000000bffff4c0 0006C (v01 AMAZON AMZNSLIT 00000001 AMZN 00000001)
Dec  4 17:45:26 seang1c kernel: ACPI: WAET 00000000bffff490 00028 (v01 AMAZON AMZNWAET 00000001 AMZN 00000001)
Dec  4 17:45:26 seang1c kernel: SRAT: PXM 0 -> APIC 0x00 -> Node 0
Dec  4 17:45:26 seang1c kernel: SRAT: PXM 0 -> APIC 0x01 -> Node 0
Dec  4 17:45:26 seang1c kernel: SRAT: Node 0 PXM 0 [mem 0x00000000-0xbfffffff]
Dec  4 17:45:26 seang1c kernel: SRAT: Node 0 PXM 0 [mem 0x100000000-0x13fffffff]
Dec  4 17:45:26 seang1c kernel: NUMA: Node 0 [mem 0x00000000-0xbfffffff] + [mem 0x100000000-0x13c3fffff] -> [mem 0x00000000-0x13c3fffff]
Dec  4 17:45:26 seang1c kernel: NODE_DATA(0) allocated [mem 0x13c3d6000-0x13c3fcfff]
Dec  4 17:45:26 seang1c kernel: Reserving 161MB of memory at 592MB for crashkernel (System RAM: 4035MB)
Dec  4 17:45:26 seang1c kernel: kvm-clock: cpu 0, msr 1:3c385001, primary cpu clock
Dec  4 17:45:26 seang1c kernel: kvm-clock: Using msrs 4b564d01 and 4b564d00
Dec  4 17:45:26 seang1c kernel: kvm-clock: using sched offset of 66007107723 cycles
Dec  4 17:45:26 seang1c kernel: Zone ranges:
Dec  4 17:45:26 seang1c kernel:  DMA      [mem 0x00001000-0x00ffffff]
Dec  4 17:45:26 seang1c kernel:  DMA32    [mem 0x01000000-0xffffffff]
Dec  4 17:45:26 seang1c kernel:  Normal   [mem 0x100000000-0x13c3fffff]
Dec  4 17:45:26 seang1c kernel: Movable zone start for each node
Dec  4 17:45:26 seang1c kernel: Early memory node ranges
Dec  4 17:45:26 seang1c kernel:  node   0: [mem 0x00001000-0x0009efff]
Dec  4 17:45:26 seang1c kernel:  node   0: [mem 0x00100000-0xbfff9fff]
Dec  4 17:45:26 seang1c kernel:  node   0: [mem 0x100000000-0x13c3fffff]
Dec  4 17:45:26 seang1c kernel: Initmem setup node 0 [mem 0x00001000-0x13c3fffff]
Dec  4 17:45:26 seang1c kernel: ACPI: PM-Timer IO Port: 0xb008
Dec  4 17:45:26 seang1c kernel: ACPI: LAPIC (acpi_id[0x00] lapic_id[0x00] enabled)
Dec  4 17:45:26 seang1c kernel: ACPI: LAPIC (acpi_id[0x01] lapic_id[0x01] enabled)
Dec  4 17:45:26 seang1c kernel: ACPI: LAPIC_NMI (acpi_id[0xff] dfl dfl lint[0x1])
Dec  4 17:45:26 seang1c kernel: ACPI: IOAPIC (id[0x00] address[0xfec00000] gsi_base[0])
Dec  4 17:45:26 seang1c kernel: IOAPIC[0]: apic_id 0, version 17, address 0xfec00000, GSI 0-23
Dec  4 17:45:26 seang1c kernel: ACPI: INT_SRC_OVR (bus 0 bus_irq 5 global_irq 5 high level)
Dec  4 17:45:26 seang1c kernel: ACPI: INT_SRC_OVR (bus 0 bus_irq 9 global_irq 9 high level)
Dec  4 17:45:26 seang1c kernel: ACPI: INT_SRC_OVR (bus 0 bus_irq 10 global_irq 10 high level)
Dec  4 17:45:26 seang1c kernel: ACPI: INT_SRC_OVR (bus 0 bus_irq 11 global_irq 11 high level)
Dec  4 17:45:26 seang1c kernel: Using ACPI (MADT) for SMP configuration information
Dec  4 17:45:26 seang1c kernel: smpboot: Allowing 2 CPUs, 0 hotplug CPUs
Dec  4 17:45:26 seang1c kernel: PM: Registered nosave memory: [mem 0x0009f000-0x0009ffff]
Dec  4 17:45:26 seang1c kernel: PM: Registered nosave memory: [mem 0x000a0000-0x000effff]
Dec  4 17:45:26 seang1c kernel: PM: Registered nosave memory: [mem 0x000f0000-0x000fffff]
Dec  4 17:45:26 seang1c kernel: PM: Registered nosave memory: [mem 0xbfffa000-0xbfffffff]
Dec  4 17:45:26 seang1c kernel: PM: Registered nosave memory: [mem 0xc0000000-0xdfffffff]
Dec  4 17:45:26 seang1c kernel: PM: Registered nosave memory: [mem 0xe0000000-0xe03fffff]
Dec  4 17:45:26 seang1c kernel: PM: Registered nosave memory: [mem 0xe0400000-0xfffbffff]
Dec  4 17:45:26 seang1c kernel: PM: Registered nosave memory: [mem 0xfffc0000-0xffffffff]
Dec  4 17:45:26 seang1c kernel: e820: [mem 0xc0000000-0xdfffffff] available for PCI devices
Dec  4 17:45:26 seang1c kernel: Booting paravirtualized kernel on KVM
Dec  4 17:45:26 seang1c kernel: setup_percpu: NR_CPUS:5120 nr_cpumask_bits:2 nr_cpu_ids:2 nr_node_ids:1
Dec  4 17:45:26 seang1c kernel: PERCPU: Embedded 38 pages/cpu @ffff8bdcbc000000 s118784 r8192 d28672 u1048576
Dec  4 17:45:26 seang1c kernel: KVM setup async PF for cpu 0
Dec  4 17:45:26 seang1c kernel: kvm-stealtime: cpu 0, msr 13c01c040
Dec  4 17:45:26 seang1c kernel: PV qspinlock hash table entries: 256 (order: 0, 4096 bytes)
Dec  4 17:45:26 seang1c kernel: Built 1 zonelists in Node order, mobility grouping on.  Total pages: 1016947
Dec  4 17:45:26 seang1c kernel: Policy zone: Normal
Dec  4 17:45:26 seang1c kernel: Kernel command line: BOOT_IMAGE=/boot/vmlinuz-3.10.0-1062.1.2.el7.x86_64 root=UUID=0f790447-ebef-4ca0-b229-d0aa1985d57f ro console=ttyS0,115200 console=tty0 console=ttyS0,115200n8 vconsole.font=latarcyrheb-sun16 crashkernel=auto vconsole.keymap=us LANG=en_US.UTF-8
Dec  4 17:45:26 seang1c kernel: PID hash table entries: 4096 (order: 3, 32768 bytes)
Dec  4 17:45:26 seang1c kernel: x86/fpu: xstate_offset[2]: 0240, xstate_sizes[2]: 0100
Dec  4 17:45:26 seang1c kernel: x86/fpu: xstate_offset[3]: 03c0, xstate_sizes[3]: 0040
Dec  4 17:45:26 seang1c kernel: x86/fpu: xstate_offset[4]: 0400, xstate_sizes[4]: 0040
Dec  4 17:45:26 seang1c kernel: x86/fpu: xstate_offset[5]: 0440, xstate_sizes[5]: 0040
Dec  4 17:45:26 seang1c kernel: x86/fpu: xstate_offset[6]: 0480, xstate_sizes[6]: 0200
Dec  4 17:45:26 seang1c kernel: x86/fpu: xstate_offset[7]: 0680, xstate_sizes[7]: 0400
Dec  4 17:45:26 seang1c kernel: x86/fpu: xstate_offset[8]: 0000, xstate_sizes[8]: 0000
Dec  4 17:45:26 seang1c kernel: x86/fpu: xstate_offset[9]: 0a80, xstate_sizes[9]: 0008
Dec  4 17:45:26 seang1c kernel: xsave: enabled xstate_bv 0x2ff, cntxt size 0xa88 using standard form
Dec  4 17:45:26 seang1c kernel: Memory: 3749684k/5181440k available (7760k kernel code, 1048992k absent, 382764k reserved, 5967k data, 1984k init)
Dec  4 17:45:26 seang1c kernel: SLUB: HWalign=64, Order=0-3, MinObjects=0, CPUs=2, Nodes=1
Dec  4 17:45:26 seang1c kernel: x86/pti: Unmapping kernel while in userspace
Dec  4 17:45:26 seang1c kernel: Hierarchical RCU implementation.
Dec  4 17:45:26 seang1c kernel: #011RCU restricting CPUs from NR_CPUS=5120 to nr_cpu_ids=2.
Dec  4 17:45:26 seang1c kernel: NR_IRQS:327936 nr_irqs:440 0
Dec  4 17:45:26 seang1c kernel: Console: colour VGA+ 80x25
Dec  4 17:45:26 seang1c kernel: console [tty0] enabled
Dec  4 17:45:26 seang1c kernel: console [ttyS0] enabled
Dec  4 17:45:26 seang1c kernel: allocated 16777216 bytes of page_cgroup
Dec  4 17:45:26 seang1c kernel: please try 'cgroup_disable=memory' option if you don't want memory cgroups
Dec  4 17:45:26 seang1c kernel: tsc: Detected 2499.998 MHz processor
Dec  4 17:45:26 seang1c kernel: Calibrating delay loop (skipped) preset value.. 4999.99 BogoMIPS (lpj=2499998)
Dec  4 17:45:26 seang1c kernel: pid_max: default: 32768 minimum: 301
Dec  4 17:45:26 seang1c kernel: Security Framework initialized
Dec  4 17:45:26 seang1c kernel: SELinux:  Initializing.
Dec  4 17:45:26 seang1c kernel: Yama: becoming mindful.
Dec  4 17:45:26 seang1c kernel: Dentry cache hash table entries: 524288 (order: 10, 4194304 bytes)
Dec  4 17:45:26 seang1c kernel: Inode-cache hash table entries: 262144 (order: 9, 2097152 bytes)
Dec  4 17:45:26 seang1c kernel: Mount-cache hash table entries: 8192 (order: 4, 65536 bytes)
Dec  4 17:45:26 seang1c kernel: Mountpoint-cache hash table entries: 8192 (order: 4, 65536 bytes)
Dec  4 17:45:26 seang1c kernel: Initializing cgroup subsys memory
Dec  4 17:45:26 seang1c kernel: Initializing cgroup subsys devices
Dec  4 17:45:26 seang1c kernel: Initializing cgroup subsys freezer
Dec  4 17:45:26 seang1c kernel: Initializing cgroup subsys net_cls
Dec  4 17:45:26 seang1c kernel: Initializing cgroup subsys blkio
Dec  4 17:45:26 seang1c kernel: Initializing cgroup subsys perf_event
Dec  4 17:45:26 seang1c kernel: Initializing cgroup subsys hugetlb
Dec  4 17:45:26 seang1c kernel: Initializing cgroup subsys pids
Dec  4 17:45:26 seang1c kernel: Initializing cgroup subsys net_prio
Dec  4 17:45:26 seang1c kernel: Last level iTLB entries: 4KB 0, 2MB 0, 4MB 0
Dec  4 17:45:26 seang1c kernel: Last level dTLB entries: 4KB 64, 2MB 0, 4MB 0
Dec  4 17:45:26 seang1c kernel: tlb_flushall_shift: 6
Dec  4 17:45:26 seang1c kernel: FEATURE SPEC_CTRL Not Present
Dec  4 17:45:26 seang1c kernel: FEATURE IBPB_SUPPORT Not Present
Dec  4 17:45:26 seang1c kernel: Spectre V1 : Mitigation: Load fences, usercopy/swapgs barriers and __user pointer sanitization
Dec  4 17:45:26 seang1c kernel: Spectre V2 : Vulnerable: Retpoline without IBPB
Dec  4 17:45:26 seang1c kernel: Speculative Store Bypass: Vulnerable
Dec  4 17:45:26 seang1c kernel: MDS: Vulnerable: Clear CPU buffers attempted, no microcode
Dec  4 17:45:26 seang1c kernel: Freeing SMP alternatives: 28k freed
Dec  4 17:45:26 seang1c kernel: ACPI: Core revision 20130517
Dec  4 17:45:26 seang1c kernel: ACPI: All ACPI Tables successfully acquired
Dec  4 17:45:26 seang1c kernel: ftrace: allocating 29538 entries in 116 pages
Dec  4 17:45:26 seang1c kernel: Enabling x2apic
Dec  4 17:45:26 seang1c kernel: Enabled x2apic
Dec  4 17:45:26 seang1c kernel: Switched APIC routing to physical x2apic.
Dec  4 17:45:26 seang1c kernel: ..TIMER: vector=0x30 apic1=0 pin1=0 apic2=-1 pin2=-1
Dec  4 17:45:26 seang1c kernel: smpboot: CPU0: Intel(R) Xeon(R) Platinum 8175M CPU @ 2.50GHz (fam: 06, model: 55, stepping: 04)
Dec  4 17:45:26 seang1c kernel: Performance Events: unsupported p6 CPU model 85 no PMU driver, software events only.
Dec  4 17:45:26 seang1c kernel: KVM setup paravirtual spinlock
Dec  4 17:45:26 seang1c kernel: smpboot: Booting Node   0, Processors  #1 OK
Dec  4 17:45:26 seang1c kernel: kvm-clock: cpu 1, msr 1:3c385041, secondary cpu clock
Dec  4 17:45:26 seang1c kernel: KVM setup async PF for cpu 1
Dec  4 17:45:26 seang1c kernel: kvm-stealtime: cpu 1, msr 13c11c040
Dec  4 17:45:26 seang1c kernel: Brought up 2 CPUs
Dec  4 17:45:26 seang1c kernel: smpboot: Max logical packages: 1
Dec  4 17:45:26 seang1c kernel: smpboot: Total of 2 processors activated (9999.99 BogoMIPS)
Dec  4 17:45:26 seang1c kernel: devtmpfs: initialized
Dec  4 17:45:26 seang1c kernel: x86/mm: Memory block size: 128MB
Dec  4 17:45:26 seang1c kernel: EVM: security.selinux
Dec  4 17:45:26 seang1c kernel: EVM: security.ima
Dec  4 17:45:26 seang1c kernel: EVM: security.capability
Dec  4 17:45:26 seang1c kernel: atomic64 test passed for x86-64 platform with CX8 and with SSE
Dec  4 17:45:26 seang1c kernel: pinctrl core: initialized pinctrl subsystem
Dec  4 17:45:26 seang1c kernel: RTC time: 17:45:18, date: 12/04/19
Dec  4 17:45:26 seang1c kernel: NET: Registered protocol family 16
Dec  4 17:45:26 seang1c kernel: ACPI: bus type PCI registered
Dec  4 17:45:26 seang1c kernel: acpiphp: ACPI Hot Plug PCI Controller Driver version: 0.5
Dec  4 17:45:26 seang1c kernel: PCI: Using configuration type 1 for base access
Dec  4 17:45:26 seang1c kernel: ACPI: Added _OSI(Module Device)
Dec  4 17:45:26 seang1c kernel: ACPI: Added _OSI(Processor Device)
Dec  4 17:45:26 seang1c kernel: ACPI: Added _OSI(3.0 _SCP Extensions)
Dec  4 17:45:26 seang1c kernel: ACPI: Added _OSI(Processor Aggregator Device)
Dec  4 17:45:26 seang1c kernel: ACPI: Added _OSI(Linux-Dell-Video)
Dec  4 17:45:26 seang1c kernel: ACPI: Interpreter enabled
Dec  4 17:45:26 seang1c kernel: ACPI: (supports S0 S4 S5)
Dec  4 17:45:26 seang1c kernel: ACPI: Using IOAPIC for interrupt routing
Dec  4 17:45:26 seang1c kernel: PCI: Using host bridge windows from ACPI; if necessary, use "pci=nocrs" and report a bug
Dec  4 17:45:26 seang1c kernel: ACPI: Enabled 16 GPEs in block 00 to 0F
Dec  4 17:45:26 seang1c kernel: ACPI: PCI Root Bridge [PCI0] (domain 0000 [bus 00-ff])
Dec  4 17:45:26 seang1c kernel: acpi PNP0A03:00: _OSC: OS supports [ASPM ClockPM Segments MSI]
Dec  4 17:45:26 seang1c kernel: acpi PNP0A03:00: _OSC failed (AE_NOT_FOUND); disabling ASPM
Dec  4 17:45:26 seang1c kernel: acpi PNP0A03:00: fail to add MMCONFIG information, can't access extended PCI configuration space under this bridge.
Dec  4 17:45:26 seang1c kernel: acpiphp: Slot [3] registered
Dec  4 17:45:26 seang1c kernel: acpiphp: Slot [4] registered
Dec  4 17:45:26 seang1c kernel: acpiphp: Slot [5] registered
Dec  4 17:45:26 seang1c kernel: acpiphp: Slot [6] registered
Dec  4 17:45:26 seang1c kernel: acpiphp: Slot [7] registered
Dec  4 17:45:26 seang1c kernel: acpiphp: Slot [8] registered
Dec  4 17:45:26 seang1c kernel: acpiphp: Slot [9] registered
Dec  4 17:45:26 seang1c kernel: acpiphp: Slot [10] registered
Dec  4 17:45:26 seang1c kernel: acpiphp: Slot [11] registered
Dec  4 17:45:26 seang1c kernel: acpiphp: Slot [12] registered
Dec  4 17:45:26 seang1c kernel: acpiphp: Slot [13] registered
Dec  4 17:45:26 seang1c kernel: acpiphp: Slot [14] registered
Dec  4 17:45:26 seang1c kernel: acpiphp: Slot [15] registered
Dec  4 17:45:26 seang1c kernel: acpiphp: Slot [16] registered
Dec  4 17:45:26 seang1c kernel: acpiphp: Slot [17] registered
Dec  4 17:45:26 seang1c kernel: acpiphp: Slot [18] registered
Dec  4 17:45:26 seang1c kernel: acpiphp: Slot [19] registered
Dec  4 17:45:26 seang1c kernel: acpiphp: Slot [20] registered
Dec  4 17:45:26 seang1c kernel: acpiphp: Slot [21] registered
Dec  4 17:45:26 seang1c kernel: acpiphp: Slot [22] registered
Dec  4 17:45:26 seang1c kernel: acpiphp: Slot [23] registered
Dec  4 17:45:26 seang1c kernel: acpiphp: Slot [24] registered
Dec  4 17:45:26 seang1c kernel: acpiphp: Slot [25] registered
Dec  4 17:45:26 seang1c kernel: acpiphp: Slot [26] registered
Dec  4 17:45:26 seang1c kernel: acpiphp: Slot [27] registered
Dec  4 17:45:26 seang1c kernel: acpiphp: Slot [28] registered
Dec  4 17:45:26 seang1c kernel: acpiphp: Slot [29] registered
Dec  4 17:45:26 seang1c kernel: acpiphp: Slot [30] registered
Dec  4 17:45:26 seang1c kernel: acpiphp: Slot [31] registered
Dec  4 17:45:26 seang1c kernel: PCI host bridge to bus 0000:00
Dec  4 17:45:26 seang1c kernel: pci_bus 0000:00: root bus resource [io  0x0000-0x0cf7 window]
Dec  4 17:45:26 seang1c kernel: pci_bus 0000:00: root bus resource [io  0x0d00-0xffff window]
Dec  4 17:45:26 seang1c kernel: pci_bus 0000:00: root bus resource [mem 0x000a0000-0x000bffff window]
Dec  4 17:45:26 seang1c kernel: pci_bus 0000:00: root bus resource [mem 0xc0000000-0xfebfffff window]
Dec  4 17:45:26 seang1c kernel: pci_bus 0000:00: root bus resource [bus 00-ff]
Dec  4 17:45:26 seang1c kernel: pci 0000:00:01.3: quirk: [io  0xb000-0xb03f] claimed by PIIX4 ACPI
Dec  4 17:45:26 seang1c kernel: pci 0000:00:01.3: quirk: [io  0xb100-0xb10f] claimed by PIIX4 SMB
Dec  4 17:45:26 seang1c kernel: pci 0000:00:01.3: PIIX4 devres E PIO at fff0-ffff
Dec  4 17:45:26 seang1c kernel: pci 0000:00:01.3: PIIX4 devres F MMIO at ffc00000-ffffffff
Dec  4 17:45:26 seang1c kernel: pci 0000:00:01.3: PIIX4 devres G PIO at fff0-ffff
Dec  4 17:45:26 seang1c kernel: pci 0000:00:01.3: PIIX4 devres H MMIO at ffc00000-ffffffff
Dec  4 17:45:26 seang1c kernel: pci 0000:00:01.3: PIIX4 devres I PIO at fff0-ffff
Dec  4 17:45:26 seang1c kernel: pci 0000:00:01.3: PIIX4 devres J PIO at fff0-ffff
Dec  4 17:45:26 seang1c kernel: ACPI: PCI Interrupt Link [LNKA] (IRQs 5 *10 11)
Dec  4 17:45:26 seang1c kernel: ACPI: PCI Interrupt Link [LNKB] (IRQs 5 *10 11)
Dec  4 17:45:26 seang1c kernel: ACPI: PCI Interrupt Link [LNKC] (IRQs 5 10 *11)
Dec  4 17:45:26 seang1c kernel: ACPI: PCI Interrupt Link [LNKD] (IRQs 5 10 *11)
Dec  4 17:45:26 seang1c kernel: ACPI: PCI Interrupt Link [LNKS] (IRQs *9)
Dec  4 17:45:26 seang1c kernel: vgaarb: device added: PCI:0000:00:03.0,decodes=io+mem,owns=io+mem,locks=none
Dec  4 17:45:26 seang1c kernel: vgaarb: loaded
Dec  4 17:45:26 seang1c kernel: vgaarb: bridge control possible 0000:00:03.0
Dec  4 17:45:26 seang1c kernel: SCSI subsystem initialized
Dec  4 17:45:26 seang1c kernel: ACPI: bus type USB registered
Dec  4 17:45:26 seang1c kernel: usbcore: registered new interface driver usbfs
Dec  4 17:45:26 seang1c kernel: usbcore: registered new interface driver hub
Dec  4 17:45:26 seang1c kernel: usbcore: registered new device driver usb
Dec  4 17:45:26 seang1c kernel: EDAC MC: Ver: 3.0.0
Dec  4 17:45:26 seang1c kernel: PCI: Using ACPI for IRQ routing
Dec  4 17:45:26 seang1c kernel: NetLabel: Initializing
Dec  4 17:45:26 seang1c kernel: NetLabel:  domain hash size = 128
Dec  4 17:45:26 seang1c kernel: NetLabel:  protocols = UNLABELED CIPSOv4
Dec  4 17:45:26 seang1c kernel: NetLabel:  unlabeled traffic allowed by default
Dec  4 17:45:26 seang1c kernel: amd_nb: Cannot enumerate AMD northbridges
Dec  4 17:45:26 seang1c kernel: Switched to clocksource kvm-clock
Dec  4 17:45:26 seang1c kernel: pnp: PnP ACPI init
Dec  4 17:45:26 seang1c kernel: ACPI: bus type PNP registered
Dec  4 17:45:26 seang1c kernel: pnp: PnP ACPI: found 5 devices
Dec  4 17:45:26 seang1c kernel: ACPI: bus type PNP unregistered
Dec  4 17:45:26 seang1c kernel: NET: Registered protocol family 2
Dec  4 17:45:26 seang1c kernel: TCP established hash table entries: 32768 (order: 6, 262144 bytes)
Dec  4 17:45:26 seang1c kernel: TCP bind hash table entries: 32768 (order: 7, 524288 bytes)
Dec  4 17:45:26 seang1c kernel: TCP: Hash tables configured (established 32768 bind 32768)
Dec  4 17:45:26 seang1c kernel: TCP: reno registered
Dec  4 17:45:26 seang1c kernel: UDP hash table entries: 2048 (order: 4, 65536 bytes)
Dec  4 17:45:26 seang1c kernel: UDP-Lite hash table entries: 2048 (order: 4, 65536 bytes)
Dec  4 17:45:26 seang1c kernel: NET: Registered protocol family 1
Dec  4 17:45:26 seang1c kernel: pci 0000:00:00.0: Limiting direct PCI/PCI transfers
Dec  4 17:45:26 seang1c kernel: pci 0000:00:01.0: Activating ISA DMA hang workarounds
Dec  4 17:45:26 seang1c kernel: Unpacking initramfs...
Dec  4 17:45:26 seang1c kernel: Freeing initrd memory: 66252k freed
Dec  4 17:45:26 seang1c kernel: PCI-DMA: Using software bounce buffering for IO (SWIOTLB)
Dec  4 17:45:26 seang1c kernel: software IO TLB [mem 0xbbffa000-0xbfffa000] (64MB) mapped at [ffff8bdc3bffa000-ffff8bdc3fff9fff]
Dec  4 17:45:26 seang1c kernel: RAPL PMU: API unit is 2^-32 Joules, 3 fixed counters, 10737418240 ms ovfl timer
Dec  4 17:45:26 seang1c kernel: RAPL PMU: hw unit of domain pp0-core 2^-0 Joules
Dec  4 17:45:26 seang1c kernel: RAPL PMU: hw unit of domain package 2^-0 Joules
Dec  4 17:45:26 seang1c kernel: RAPL PMU: hw unit of domain dram 2^-16 Joules
Dec  4 17:45:26 seang1c kernel: sha1_ssse3: Using AVX2 optimized SHA-1 implementation
Dec  4 17:45:26 seang1c kernel: sha256_ssse3: Using AVX2 optimized SHA-256 implementation
Dec  4 17:45:26 seang1c kernel: futex hash table entries: 512 (order: 3, 32768 bytes)
Dec  4 17:45:26 seang1c kernel: Initialise system trusted keyring
Dec  4 17:45:26 seang1c kernel: audit: initializing netlink socket (disabled)
Dec  4 17:45:26 seang1c kernel: type=2000 audit(1575481516.813:1): initialized
Dec  4 17:45:26 seang1c kernel: HugeTLB registered 1 GB page size, pre-allocated 0 pages
Dec  4 17:45:26 seang1c kernel: HugeTLB registered 2 MB page size, pre-allocated 0 pages
Dec  4 17:45:26 seang1c kernel: zpool: loaded
Dec  4 17:45:26 seang1c kernel: zbud: loaded
Dec  4 17:45:26 seang1c kernel: VFS: Disk quotas dquot_6.5.2
Dec  4 17:45:26 seang1c kernel: Dquot-cache hash table entries: 512 (order 0, 4096 bytes)
Dec  4 17:45:26 seang1c kernel: msgmni has been set to 7453
Dec  4 17:45:26 seang1c kernel: Key type big_key registered
Dec  4 17:45:26 seang1c kernel: NET: Registered protocol family 38
Dec  4 17:45:26 seang1c kernel: Key type asymmetric registered
Dec  4 17:45:26 seang1c kernel: Asymmetric key parser 'x509' registered
Dec  4 17:45:26 seang1c kernel: Block layer SCSI generic (bsg) driver version 0.4 loaded (major 248)
Dec  4 17:45:26 seang1c kernel: io scheduler noop registered
Dec  4 17:45:26 seang1c kernel: io scheduler deadline registered (default)
Dec  4 17:45:26 seang1c kernel: io scheduler cfq registered
Dec  4 17:45:26 seang1c kernel: io scheduler mq-deadline registered
Dec  4 17:45:26 seang1c kernel: io scheduler kyber registered
Dec  4 17:45:26 seang1c kernel: pci_hotplug: PCI Hot Plug PCI Core version: 0.5
Dec  4 17:45:26 seang1c kernel: pciehp: PCI Express Hot Plug Controller Driver version: 0.4
Dec  4 17:45:26 seang1c kernel: shpchp: Standard Hot Plug PCI Controller Driver version: 0.4
Dec  4 17:45:26 seang1c kernel: input: Power Button as /devices/LNXSYSTM:00/LNXPWRBN:00/input/input0
Dec  4 17:45:26 seang1c kernel: ACPI: Power Button [PWRF]
Dec  4 17:45:26 seang1c kernel: input: Sleep Button as /devices/LNXSYSTM:00/LNXSLPBN:00/input/input1
Dec  4 17:45:26 seang1c kernel: ACPI: Sleep Button [SLPF]
Dec  4 17:45:26 seang1c kernel: GHES: HEST is not enabled!
Dec  4 17:45:26 seang1c kernel: Serial: 8250/16550 driver, 4 ports, IRQ sharing enabled
Dec  4 17:45:26 seang1c kernel: 00:04: ttyS0 at I/O 0x3f8 (irq = 4) is a 16550A
Dec  4 17:45:26 seang1c kernel: Non-volatile memory driver v1.3
Dec  4 17:45:26 seang1c kernel: Linux agpgart interface v0.103
Dec  4 17:45:26 seang1c kernel: crash memory driver: version 1.1
Dec  4 17:45:26 seang1c kernel: rdac: device handler registered
Dec  4 17:45:26 seang1c kernel: hp_sw: device handler registered
Dec  4 17:45:26 seang1c kernel: emc: device handler registered
Dec  4 17:45:26 seang1c kernel: alua: device handler registered
Dec  4 17:45:26 seang1c kernel: libphy: Fixed MDIO Bus: probed
Dec  4 17:45:26 seang1c kernel: ehci_hcd: USB 2.0 'Enhanced' Host Controller (EHCI) Driver
Dec  4 17:45:26 seang1c kernel: ehci-pci: EHCI PCI platform driver
Dec  4 17:45:26 seang1c kernel: ohci_hcd: USB 1.1 'Open' Host Controller (OHCI) Driver
Dec  4 17:45:26 seang1c kernel: ohci-pci: OHCI PCI platform driver
Dec  4 17:45:26 seang1c kernel: uhci_hcd: USB Universal Host Controller Interface driver
Dec  4 17:45:26 seang1c kernel: usbcore: registered new interface driver usbserial_generic
Dec  4 17:45:26 seang1c kernel: usbserial: USB Serial support registered for generic
Dec  4 17:45:26 seang1c kernel: i8042: PNP: PS/2 Controller [PNP0303:KBD,PNP0f13:MOU] at 0x60,0x64 irq 1,12
Dec  4 17:45:26 seang1c kernel: i8042: Warning: Keylock active
Dec  4 17:45:26 seang1c kernel: tsc: Refined TSC clocksource calibration: 2500.011 MHz
Dec  4 17:45:26 seang1c kernel: serio: i8042 KBD port at 0x60,0x64 irq 1
Dec  4 17:45:26 seang1c kernel: mousedev: PS/2 mouse device common for all mice
Dec  4 17:45:26 seang1c kernel: rtc_cmos 00:00: RTC can wake from S4
Dec  4 17:45:26 seang1c kernel: rtc_cmos 00:00: rtc core: registered rtc_cmos as rtc0
Dec  4 17:45:26 seang1c kernel: rtc_cmos 00:00: alarms up to one day, 114 bytes nvram
Dec  4 17:45:26 seang1c kernel: cpuidle: using governor menu
Dec  4 17:45:26 seang1c kernel: hidraw: raw HID events driver (C) Jiri Kosina
Dec  4 17:45:26 seang1c kernel: usbcore: registered new interface driver usbhid
Dec  4 17:45:26 seang1c kernel: usbhid: USB HID core driver
Dec  4 17:45:26 seang1c kernel: drop_monitor: Initializing network drop monitor service
Dec  4 17:45:26 seang1c kernel: TCP: cubic registered
Dec  4 17:45:26 seang1c kernel: Initializing XFRM netlink socket
Dec  4 17:45:26 seang1c kernel: NET: Registered protocol family 10
Dec  4 17:45:26 seang1c kernel: NET: Registered protocol family 17
Dec  4 17:45:26 seang1c kernel: mpls_gso: MPLS GSO support
Dec  4 17:45:26 seang1c kernel: mce: Using 32 MCE banks
Dec  4 17:45:26 seang1c kernel: Loading compiled-in X.509 certificates
Dec  4 17:45:26 seang1c kernel: Loaded X.509 cert 'CentOS Linux kpatch signing key: ea0413152cde1d98ebdca3fe6f0230904c9ef717'
Dec  4 17:45:26 seang1c kernel: Loaded X.509 cert 'CentOS Linux Driver update signing key: 7f421ee0ab69461574bb358861dbe77762a4201b'
Dec  4 17:45:26 seang1c kernel: Loaded X.509 cert 'CentOS Linux kernel signing key: d73fd59bc36e9380c7eb3a1a3232251776595dc3'
Dec  4 17:45:26 seang1c kernel: registered taskstats version 1
Dec  4 17:45:26 seang1c kernel: Key type trusted registered
Dec  4 17:45:26 seang1c kernel: Key type encrypted registered
Dec  4 17:45:26 seang1c kernel: IMA: No TPM chip found, activating TPM-bypass! (rc=-19)
Dec  4 17:45:26 seang1c kernel:  Magic number: 15:376:794
Dec  4 17:45:26 seang1c kernel: rtc_cmos 00:00: setting system clock to 2019-12-04 17:45:25 UTC (1575481525)
Dec  4 17:45:26 seang1c kernel: input: AT Translated Set 2 keyboard as /devices/platform/i8042/serio0/input/input2
Dec  4 17:45:26 seang1c kernel: Freeing unused kernel memory: 1984k freed
Dec  4 17:45:26 seang1c kernel: Write protecting the kernel read-only data: 12288k
Dec  4 17:45:26 seang1c kernel: Freeing unused kernel memory: 420k freed
Dec  4 17:45:26 seang1c kernel: Freeing unused kernel memory: 556k freed
Dec  4 17:45:26 seang1c kernel: random: systemd: uninitialized urandom read (16 bytes read)
Dec  4 17:45:26 seang1c kernel: random: systemd: uninitialized urandom read (16 bytes read)
Dec  4 17:45:26 seang1c kernel: random: systemd: uninitialized urandom read (16 bytes read)
Dec  4 17:45:26 seang1c systemd[1]: systemd 219 running in system mode. (+PAM +AUDIT +SELINUX +IMA -APPARMOR +SMACK +SYSVINIT +UTMP +LIBCRYPTSETUP +GCRYPT +GNUTLS +ACL +XZ +LZ4 -SECCOMP +BLKID +ELFUTILS +KMOD +IDN)
Dec  4 17:45:26 seang1c systemd[1]: Detected virtualization kvm.
Dec  4 17:45:26 seang1c systemd[1]: Detected architecture x86-64.
Dec  4 17:45:26 seang1c systemd[1]: Running in initial RAM disk.
Dec  4 17:45:26 seang1c systemd[1]: No hostname configured.
Dec  4 17:45:26 seang1c systemd[1]: Set hostname to <localhost>.
Dec  4 17:45:26 seang1c systemd[1]: Initializing machine ID from KVM UUID.
Dec  4 17:45:26 seang1c kernel: random: systemd: uninitialized urandom read (16 bytes read)
Dec  4 17:45:26 seang1c kernel: random: systemd: uninitialized urandom read (16 bytes read)
Dec  4 17:45:26 seang1c kernel: random: systemd: uninitialized urandom read (16 bytes read)
Dec  4 17:45:26 seang1c kernel: random: systemd: uninitialized urandom read (16 bytes read)
Dec  4 17:45:26 seang1c kernel: random: systemd: uninitialized urandom read (16 bytes read)
Dec  4 17:45:26 seang1c kernel: random: systemd: uninitialized urandom read (16 bytes read)
Dec  4 17:45:26 seang1c kernel: random: systemd: uninitialized urandom read (16 bytes read)
Dec  4 17:45:26 seang1c systemd[1]: [/run/systemd/generator/dev-disk-by\x2duuid-0f790447\x2debef\x2d4ca0\x2db229\x2dd0aa1985d57f.device.d/timeout.conf:3] Unknown lvalue 'JobRunningTimeoutSec' in section 'Unit'
Dec  4 17:45:26 seang1c systemd[1]: Cannot add dependency job for unit blk-availability.service, ignoring: Unit not found.
Dec  4 17:45:26 seang1c systemd[1]: Reached target Timers.
Dec  4 17:45:26 seang1c systemd[1]: Created slice Root Slice.
Dec  4 17:45:26 seang1c systemd[1]: Listening on Journal Socket.
Dec  4 17:45:26 seang1c systemd[1]: Listening on udev Control Socket.
Dec  4 17:45:26 seang1c systemd[1]: Created slice System Slice.
Dec  4 17:45:26 seang1c systemd[1]: Starting Journal Service...
Dec  4 17:45:26 seang1c systemd[1]: Listening on udev Kernel Socket.
Dec  4 17:45:26 seang1c journal: Journal started
Dec  4 17:45:26 seang1c systemd[1]: Reached target Slices.
Dec  4 17:45:26 seang1c systemd[1]: Starting Setup Virtual Console...
Dec  4 17:45:27 seang1c systemd[1]: Starting Create list of required static device nodes for the current kernel...
Dec  4 17:45:28 seang1c systemd[1]: Reached target Local File Systems.
Dec  4 17:45:28 seang1c systemd[1]: Starting dracut cmdline hook...
Dec  4 17:45:28 seang1c systemd[1]: Starting Apply Kernel Variables...
Dec  4 17:45:28 seang1c systemd[1]: Reached target Swap.
Dec  4 17:45:28 seang1c systemd[1]: Started Journal Service.
Dec  4 17:45:28 seang1c systemd: Started Create list of required static device nodes for the current kernel.
Dec  4 17:45:28 seang1c systemd: Started Apply Kernel Variables.
Dec  4 17:45:28 seang1c systemd: Starting Create Static Device Nodes in /dev...
Dec  4 17:45:28 seang1c systemd: Started Create Static Device Nodes in /dev.
Dec  4 17:45:28 seang1c systemd: Started Setup Virtual Console.
Dec  4 17:45:28 seang1c systemd: Started dracut cmdline hook.
Dec  4 17:45:28 seang1c systemd: Starting dracut pre-udev hook...
Dec  4 17:45:28 seang1c kernel: device-mapper: uevent: version 1.0.3
Dec  4 17:45:28 seang1c kernel: device-mapper: ioctl: 4.37.1-ioctl (2018-04-03) initialised: dm-devel@redhat.com
Dec  4 17:45:29 seang1c kernel: RPC: Registered named UNIX socket transport module.
Dec  4 17:45:29 seang1c kernel: RPC: Registered udp transport module.
Dec  4 17:45:29 seang1c kernel: RPC: Registered tcp transport module.
Dec  4 17:45:29 seang1c kernel: RPC: Registered tcp NFSv4.1 backchannel transport module.
Dec  4 17:45:29 seang1c rpc.statd[241]: Version 1.3.0 starting
Dec  4 17:45:29 seang1c rpc.statd[241]: Initializing NSM state
Dec  4 17:45:29 seang1c rpc.statd[241]: Running as root.  chown /var/lib/nfs/statd to choose different user
Dec  4 17:45:29 seang1c systemd: Started dracut pre-udev hook.
Dec  4 17:45:29 seang1c systemd: Starting udev Kernel Device Manager...
Dec  4 17:45:29 seang1c systemd-udevd: starting version 219
Dec  4 17:45:29 seang1c systemd: Started udev Kernel Device Manager.
Dec  4 17:45:29 seang1c systemd: Starting dracut pre-trigger hook...
Dec  4 17:45:29 seang1c systemd: Started dracut pre-trigger hook.
Dec  4 17:45:29 seang1c systemd: Starting udev Coldplug all Devices...
Dec  4 17:45:29 seang1c systemd: Started udev Coldplug all Devices.
Dec  4 17:45:29 seang1c systemd: Mounting Configuration File System...
Dec  4 17:45:29 seang1c systemd: Starting Open-iSCSI...
Dec  4 17:45:29 seang1c systemd: Starting Show Plymouth Boot Screen...
Dec  4 17:45:29 seang1c iscsid: iSCSI logger with pid=341 started!
Dec  4 17:45:29 seang1c systemd: Failed to parse PID from file /var/run/iscsid.pid: Invalid argument
Dec  4 17:45:29 seang1c systemd: Mounted Configuration File System.
Dec  4 17:45:29 seang1c systemd: Reached target System Initialization.
Dec  4 17:45:29 seang1c systemd: Listening on Open-iSCSI iscsiuio Socket.
Dec  4 17:45:29 seang1c iscsid: iSCSI daemon with pid=342 started!
Dec  4 17:45:29 seang1c systemd: Reached target Sockets.
Dec  4 17:45:29 seang1c kernel: ena: Elastic Network Adapter (ENA) v2.0.3K
Dec  4 17:45:29 seang1c kernel: ena 0000:00:05.0: Elastic Network Adapter (ENA) v2.0.3K
Dec  4 17:45:30 seang1c kernel: ena: ena device version: 0.10
Dec  4 17:45:30 seang1c kernel: ena: ena controller version: 0.0.1 implementation version 1
Dec  4 17:45:30 seang1c systemd: Received SIGRTMIN+20 from PID 345 (plymouthd).
Dec  4 17:45:30 seang1c systemd: Started Show Plymouth Boot Screen.
Dec  4 17:45:30 seang1c systemd: Started Forward Password Requests to Plymouth Directory Watch.
Dec  4 17:45:30 seang1c systemd: Reached target Paths.
Dec  4 17:45:30 seang1c systemd: Reached target Basic System.
Dec  4 17:45:30 seang1c kernel: Loading iSCSI transport class v2.0-870.
Dec  4 17:45:30 seang1c systemd: Started Open-iSCSI.
Dec  4 17:45:30 seang1c systemd: Starting dracut initqueue hook...
Dec  4 17:45:30 seang1c kernel: ena 0000:00:05.0: LLQ is not supported Fallback to host mode policy.
Dec  4 17:45:30 seang1c kernel: ena 0000:00:05.0: creating 2 io queues. queue size: 1024. LLQ is DISABLED
Dec  4 17:45:30 seang1c kernel: ena 0000:00:05.0: Elastic Network Adapter (ENA) found at mem febf4000, mac addr 0a:30:d7:dd:21:1c Queues 2, Placement policy: Regular
Dec  4 17:45:30 seang1c kernel: nvme nvme0: pci function 0000:00:04.0
Dec  4 17:45:30 seang1c kernel: ACPI: PCI Interrupt Link [LNKD] enabled at IRQ 11
Dec  4 17:45:30 seang1c iscsid: can't open InitiatorName configuration file /etc/iscsi/initiatorname.iscsi
Dec  4 17:45:30 seang1c iscsid: Warning: InitiatorName file /etc/iscsi/initiatorname.iscsi does not exist or does not contain a properly formatted InitiatorName. If using software iscsi (iscsi_tcp or ib_iser) or partial offload (bnx2i or cxgbi iscsi), you may not be able to log into or
Dec  4 17:45:30 seang1c iscsid: can't open InitiatorAlias configuration file /etc/iscsi/initiatorname.iscsi
Dec  4 17:45:30 seang1c iscsid: can't open iscsid.safe_logout configuration file /etc/iscsi/iscsid.conf
Dec  4 17:45:31 seang1c systemd: Found device Amazon Elastic Block Store 1.
Dec  4 17:45:31 seang1c kernel: nvme0n1: p1
Dec  4 17:45:31 seang1c kernel: random: fast init done
Dec  4 17:45:31 seang1c systemd: Starting File System Check on /dev/disk/by-uuid/0f790447-ebef-4ca0-b229-d0aa1985d57f...
Dec  4 17:45:32 seang1c systemd-fsck: /sbin/fsck.xfs: XFS file system.
Dec  4 17:45:32 seang1c systemd: Started File System Check on /dev/disk/by-uuid/0f790447-ebef-4ca0-b229-d0aa1985d57f.
Dec  4 17:45:32 seang1c systemd: Started dracut initqueue hook.
Dec  4 17:45:32 seang1c systemd: Starting dracut pre-mount hook...
Dec  4 17:45:32 seang1c systemd: Reached target Remote File Systems (Pre).
Dec  4 17:45:32 seang1c systemd: Reached target Remote File Systems.
Dec  4 17:45:32 seang1c systemd: Started dracut pre-mount hook.
Dec  4 17:45:32 seang1c systemd: Mounting /sysroot...
Dec  4 17:45:32 seang1c kernel: SGI XFS with ACLs, security attributes, no debug enabled
Dec  4 17:45:32 seang1c kernel: XFS (nvme0n1p1): Mounting V4 Filesystem
Dec  4 17:45:33 seang1c kernel: XFS (nvme0n1p1): Ending clean mount
Dec  4 17:45:33 seang1c systemd: Mounted /sysroot.
Dec  4 17:45:33 seang1c systemd: Reached target Initrd Root File System.
Dec  4 17:45:33 seang1c systemd: Starting Reload Configuration from the Real Root...
Dec  4 17:45:33 seang1c systemd: Reloading.
Dec  4 17:45:33 seang1c systemd: [/run/systemd/generator/dev-disk-by\x2duuid-0f790447\x2debef\x2d4ca0\x2db229\x2dd0aa1985d57f.device.d/timeout.conf:3] Unknown lvalue 'JobRunningTimeoutSec' in section 'Unit'
Dec  4 17:45:33 seang1c systemd: Started Reload Configuration from the Real Root.
Dec  4 17:45:33 seang1c systemd: Reached target Initrd File Systems.
Dec  4 17:45:33 seang1c systemd: Reached target Initrd Default Target.
Dec  4 17:45:33 seang1c systemd: Starting dracut pre-pivot and cleanup hook...
Dec  4 17:45:33 seang1c rpcbind[237]: cannot open file = /run/rpcbind/rpcbind.xdr for writing
Dec  4 17:45:33 seang1c rpcbind[237]: cannot save any registration
Dec  4 17:45:33 seang1c rpcbind[237]: cannot open file = /run/rpcbind/portmap.xdr for writing
Dec  4 17:45:33 seang1c rpcbind[237]: cannot save any registration
Dec  4 17:45:33 seang1c systemd: Started dracut pre-pivot and cleanup hook.
Dec  4 17:45:33 seang1c systemd: Starting Cleaning Up and Shutting Down Daemons...
Dec  4 17:45:33 seang1c systemd: Starting Plymouth switch root service...
Dec  4 17:45:33 seang1c systemd: Stopped target Timers.
Dec  4 17:45:33 seang1c systemd: Stopped Cleaning Up and Shutting Down Daemons.
Dec  4 17:45:33 seang1c systemd: Stopped dracut pre-pivot and cleanup hook.
Dec  4 17:45:33 seang1c systemd: Stopped dracut pre-mount hook.
Dec  4 17:45:33 seang1c systemd: Stopped target Initrd Default Target.
Dec  4 17:45:33 seang1c systemd: Stopped target Remote File Systems.
Dec  4 17:45:33 seang1c systemd: Stopped target Remote File Systems (Pre).
Dec  4 17:45:33 seang1c systemd: Stopped target Basic System.
Dec  4 17:45:33 seang1c systemd: Stopped target Paths.
Dec  4 17:45:33 seang1c systemd: Stopped target Slices.
Dec  4 17:45:33 seang1c systemd: Stopped target Sockets.
Dec  4 17:45:33 seang1c systemd: Closed Open-iSCSI iscsiuio Socket.
Dec  4 17:45:33 seang1c systemd: Stopped target System Initialization.
Dec  4 17:45:33 seang1c systemd: Stopped Apply Kernel Variables.
Dec  4 17:45:33 seang1c systemd: Stopped target Local File Systems.
Dec  4 17:45:33 seang1c systemd: Stopped target Swap.
Dec  4 17:45:33 seang1c systemd: Stopped dracut initqueue hook.
Dec  4 17:45:33 seang1c systemd: Stopping Open-iSCSI...
Dec  4 17:45:33 seang1c systemd: Stopped udev Coldplug all Devices.
Dec  4 17:45:33 seang1c systemd: Stopped dracut pre-trigger hook.
Dec  4 17:45:33 seang1c iscsid: iscsid shutting down.
Dec  4 17:45:33 seang1c systemd: Stopping udev Kernel Device Manager...
Dec  4 17:45:33 seang1c systemd: Stopped Open-iSCSI.
Dec  4 17:45:33 seang1c systemd: Stopped udev Kernel Device Manager.
Dec  4 17:45:33 seang1c systemd: Stopped dracut pre-udev hook.
Dec  4 17:45:33 seang1c systemd: Stopped dracut cmdline hook.
Dec  4 17:45:33 seang1c systemd: Stopped Create Static Device Nodes in /dev.
Dec  4 17:45:33 seang1c systemd: Stopped Create list of required static device nodes for the current kernel.
Dec  4 17:45:33 seang1c systemd: Closed udev Kernel Socket.
Dec  4 17:45:33 seang1c systemd: Closed udev Control Socket.
Dec  4 17:45:33 seang1c systemd: Starting Cleanup udevd DB...
Dec  4 17:45:33 seang1c systemd: Started Cleanup udevd DB.
Dec  4 17:45:33 seang1c systemd: Reached target Switch Root.
Dec  4 17:45:34 seang1c systemd: Started Plymouth switch root service.
Dec  4 17:45:34 seang1c systemd: Starting Switch Root...
Dec  4 17:45:34 seang1c systemd: Switching root.
Dec  4 17:45:34 seang1c journal: Journal stopped
Dec  4 17:45:49 seang1c journal: Runtime journal is using 8.0M (max allowed 186.4M, trying to leave 279.7M free of 1.8G available â†’ current limit 186.4M).
Dec  4 17:45:49 seang1c systemd-journald[95]: Received SIGTERM from PID 1 (systemd).
Dec  4 17:45:49 seang1c kernel: type=1404 audit(1575481538.135:2): enforcing=1 old_enforcing=0 auid=4294967295 ses=4294967295
Dec  4 17:45:49 seang1c kernel: type=1403 audit(1575481539.114:3): policy loaded auid=4294967295 ses=4294967295
Dec  4 17:45:49 seang1c systemd[1]: Successfully loaded SELinux policy in 1.117224s.
Dec  4 17:45:49 seang1c kernel: ip_tables: (C) 2000-2006 Netfilter Core Team
Dec  4 17:45:49 seang1c systemd[1]: Inserted module 'ip_tables'
Dec  4 17:45:49 seang1c systemd[1]: Relabelled /dev, /run and /sys/fs/cgroup in 16.003ms.
Dec  4 17:45:49 seang1c journal: Journal started
Dec  4 17:45:49 seang1c systemd: systemd 219 running in system mode. (+PAM +AUDIT +SELINUX +IMA -APPARMOR +SMACK +SYSVINIT +UTMP +LIBCRYPTSETUP +GCRYPT +GNUTLS +ACL +XZ +LZ4 -SECCOMP +BLKID +ELFUTILS +KMOD +IDN)
Dec  4 17:45:49 seang1c systemd: Detected virtualization kvm.
Dec  4 17:45:49 seang1c systemd: Detected architecture x86-64.
Dec  4 17:45:49 seang1c systemd: Set hostname to <seang1c.mylabserver.com>.
Dec  4 17:45:49 seang1c systemd: Starting Flush Journal to Persistent Storage...
Dec  4 17:45:49 seang1c swapon: swapon: /root/swap: insecure permissions 0644, 0600 suggested.
Dec  4 17:45:49 seang1c systemd: Started udev Coldplug all Devices.
Dec  4 17:45:49 seang1c systemd: Started Flush Journal to Persistent Storage.
Dec  4 17:45:49 seang1c kernel: Adding 2097148k swap on /root/swap.  Priority:-2 extents:2 across:3037200k SSFS
Dec  4 17:45:49 seang1c systemd: Activated swap /root/swap.
Dec  4 17:45:49 seang1c systemd: Reached target Swap.
Dec  4 17:45:50 seang1c systemd: Started Configure read-only root support.
Dec  4 17:45:50 seang1c systemd: Starting Load/Save Random Seed...
Dec  4 17:45:50 seang1c kernel: Installing knfsd (copyright (C) 1996 okir@monad.swb.de).
Dec  4 17:45:50 seang1c systemd: Mounted NFSD configuration filesystem.
Dec  4 17:45:50 seang1c systemd: Started Load/Save Random Seed.
Dec  4 17:45:50 seang1c systemd: Started Create Static Device Nodes in /dev.
Dec  4 17:45:50 seang1c systemd: Starting udev Kernel Device Manager...
Dec  4 17:45:50 seang1c systemd-udevd: starting version 219
Dec  4 17:45:53 seang1c systemd: Started udev Kernel Device Manager.
Dec  4 17:45:53 seang1c systemd: Found device /dev/ttyS0.
Dec  4 17:45:53 seang1c kernel: cryptd: max_cpu_qlen set to 1000
Dec  4 17:45:54 seang1c kernel: input: PC Speaker as /devices/platform/pcspkr/input/input3
Dec  4 17:45:54 seang1c kernel: parport_pc 00:03: reported by Plug and Play ACPI
Dec  4 17:45:54 seang1c kernel: AVX2 version of gcm_enc/dec engaged.
Dec  4 17:45:54 seang1c kernel: AES CTR mode by8 optimization enabled
Dec  4 17:45:54 seang1c kernel: piix4_smbus 0000:00:01.3: SMBus Host Controller at 0xb100, revision 255
Dec  4 17:45:54 seang1c kernel: alg: No test for __gcm-aes-aesni (__driver-gcm-aes-aesni)
Dec  4 17:45:54 seang1c kernel: alg: No test for __generic-gcm-aes-aesni (__driver-generic-gcm-aes-aesni)
Dec  4 17:45:54 seang1c systemd: Started Monitoring of LVM2 mirrors, snapshots etc. using dmeventd or progress polling.
Dec  4 17:45:54 seang1c systemd: Reached target Local File Systems (Pre).
Dec  4 17:45:54 seang1c systemd: Reached target Local File Systems.
Dec  4 17:45:54 seang1c systemd: Starting Preprocess NFS configuration...
Dec  4 17:45:54 seang1c systemd: Starting Tell Plymouth To Write Out Runtime Data...
Dec  4 17:45:54 seang1c systemd: Starting Import network configuration from initramfs...
Dec  4 17:45:54 seang1c systemd: Started Preprocess NFS configuration.
Dec  4 17:45:54 seang1c systemd: Starting NFSv4 ID-name mapping service...
Dec  4 17:45:54 seang1c kernel: ppdev: user-space parallel port driver
Dec  4 17:45:54 seang1c systemd: Started Import network configuration from initramfs.
Dec  4 17:45:54 seang1c systemd: Starting Create Volatile Files and Directories...
Dec  4 17:45:55 seang1c systemd: Started NFSv4 ID-name mapping service.
Dec  4 17:45:55 seang1c systemd: Started Create Volatile Files and Directories.
Dec  4 17:45:55 seang1c systemd: Starting Security Auditing Service...
Dec  4 17:45:55 seang1c systemd: Started Tell Plymouth To Write Out Runtime Data.
Dec  4 17:45:56 seang1c auditd[738]: Started dispatcher: /sbin/audispd pid: 740
Dec  4 17:45:56 seang1c audispd: No plugins found, exiting
Dec  4 17:45:56 seang1c kernel: type=1305 audit(1575481556.204:4): audit_pid=738 old=0 auid=4294967295 ses=4294967295 subj=system_u:system_r:auditd_t:s0 res=1
Dec  4 17:45:56 seang1c auditd[738]: Init complete, auditd 2.8.5 listening for events (startup state enable)
Dec  4 17:45:56 seang1c augenrules: /sbin/augenrules: No change
Dec  4 17:45:56 seang1c augenrules: No rules
Dec  4 17:45:56 seang1c augenrules: enabled 1
Dec  4 17:45:56 seang1c augenrules: failure 1
Dec  4 17:45:56 seang1c augenrules: pid 738
Dec  4 17:45:56 seang1c augenrules: rate_limit 0
Dec  4 17:45:56 seang1c augenrules: backlog_limit 320
Dec  4 17:45:56 seang1c augenrules: lost 0
Dec  4 17:45:56 seang1c augenrules: backlog 0
Dec  4 17:45:56 seang1c systemd: Started Security Auditing Service.
Dec  4 17:45:56 seang1c systemd: Starting Update UTMP about System Boot/Shutdown...
Dec  4 17:45:57 seang1c systemd: Started Update UTMP about System Boot/Shutdown.
Dec  4 17:45:57 seang1c systemd: Reached target System Initialization.
Dec  4 17:45:57 seang1c systemd: Listening on Avahi mDNS/DNS-SD Stack Activation Socket.
Dec  4 17:45:57 seang1c systemd: Started Daily Cleanup of Temporary Directories.
Dec  4 17:45:57 seang1c systemd: Reached target Timers.
Dec  4 17:45:57 seang1c systemd: Listening on D-Bus System Message Bus Socket.
Dec  4 17:45:57 seang1c systemd: Starting Initial cloud-init job (pre-networking)...
Dec  4 17:45:57 seang1c systemd: Listening on RPCbind Server Activation Socket.
Dec  4 17:45:57 seang1c systemd: Starting RPC bind service...
Dec  4 17:45:57 seang1c systemd: Listening on Open-iSCSI iscsid Socket.
Dec  4 17:45:57 seang1c systemd: Listening on Open-iSCSI iscsiuio Socket.
Dec  4 17:45:57 seang1c systemd: Reached target Sockets.
Dec  4 17:45:57 seang1c systemd: Started Flexible branding.
Dec  4 17:45:57 seang1c systemd: Reached target Paths.
Dec  4 17:45:57 seang1c systemd: Reached target Basic System.
Dec  4 17:45:57 seang1c systemd: Started irqbalance daemon.
Dec  4 17:45:57 seang1c systemd: Starting NTP client/server...
Dec  4 17:45:57 seang1c systemd: Starting Login Service...
Dec  4 17:45:57 seang1c systemd: Starting Avahi mDNS/DNS-SD Stack...
Dec  4 17:45:57 seang1c systemd: Starting GSSAPI Proxy Daemon...
Dec  4 17:45:57 seang1c systemd: Started D-Bus System Message Bus.
Dec  4 17:45:57 seang1c chronyd[770]: chronyd version 3.4 starting (+CMDMON +NTP +REFCLOCK +RTC +PRIVDROP +SCFILTER +SIGND +ASYNCDNS +SECHASH +IPV6 +DEBUG)
Dec  4 17:45:58 seang1c avahi-daemon[765]: Found user 'avahi' (UID 70) and group 'avahi' (GID 70).
Dec  4 17:45:58 seang1c avahi-daemon[765]: Successfully dropped root privileges.
Dec  4 17:45:58 seang1c avahi-daemon[765]: avahi-daemon 0.6.31 starting up.
Dec  4 17:45:58 seang1c avahi-daemon[765]: WARNING: No NSS support for mDNS detected, consider installing nss-mdns!
Dec  4 17:45:58 seang1c chronyd[770]: Frequency -18.220 +/- 0.365 ppm read from /var/lib/chrony/drift
Dec  4 17:46:02 seang1c avahi-daemon[765]: Successfully called chroot().
Dec  4 17:46:02 seang1c avahi-daemon[765]: Successfully dropped remaining capabilities.
Dec  4 17:46:02 seang1c systemd: Started Avahi mDNS/DNS-SD Stack.
Dec  4 17:46:02 seang1c systemd: Starting Authorization Manager...
Dec  4 17:46:02 seang1c systemd: Starting Dump dmesg to /var/log/dmesg...
Dec  4 17:46:02 seang1c systemd: Started RPC bind service.
Dec  4 17:46:02 seang1c systemd: Started GSSAPI Proxy Daemon.
Dec  4 17:46:02 seang1c systemd: Started NTP client/server.
Dec  4 17:46:02 seang1c systemd: Reached target NFS client services.
Dec  4 17:46:02 seang1c systemd-logind: Watching system buttons on /dev/input/event0 (Power Button)
Dec  4 17:46:02 seang1c systemd-logind: Watching system buttons on /dev/input/event1 (Sleep Button)
Dec  4 17:46:02 seang1c systemd: Started Login Service.
Dec  4 17:46:02 seang1c systemd-logind: New seat seat0.
Dec  4 17:46:02 seang1c avahi-daemon[765]: No service file found in /etc/avahi/services.
Dec  4 17:46:02 seang1c avahi-daemon[765]: Network interface enumeration completed.
Dec  4 17:46:02 seang1c avahi-daemon[765]: Registering HINFO record with values 'X86_64'/'LINUX'.
Dec  4 17:46:02 seang1c avahi-daemon[765]: Server startup complete. Host name is seang1c.local. Local service cookie is 1601981119.
Dec  4 17:46:02 seang1c systemd: Started Dump dmesg to /var/log/dmesg.
Dec  4 17:46:03 seang1c polkitd[783]: Started polkitd version 0.112
Dec  4 17:46:04 seang1c systemd: Started Authorization Manager.
Dec  4 17:46:18 seang1c cloud-init: Cloud-init v. 18.5 running 'init-local' at Wed, 04 Dec 2019 17:46:18 +0000. Up 60.18 seconds.
Dec  4 17:46:19 seang1c kernel: random: crng init done
Dec  4 17:46:23 seang1c avahi-daemon[765]: Registering new address record for fe80::830:d7ff:fedd:211c on ens5.*.
Dec  4 17:46:23 seang1c dhclient[859]: Internet Systems Consortium DHCP Client 4.2.5
Dec  4 17:46:23 seang1c dhclient[859]: Copyright 2004-2013 Internet Systems Consortium.
Dec  4 17:46:23 seang1c dhclient[859]: All rights reserved.
Dec  4 17:46:23 seang1c dhclient[859]: For info, please visit https://www.isc.org/software/dhcp/
Dec  4 17:46:23 seang1c dhclient[859]: 
Dec  4 17:46:23 seang1c dhclient[859]: Listening on LPF/ens5/0a:30:d7:dd:21:1c
Dec  4 17:46:23 seang1c dhclient[859]: Sending on   LPF/ens5/0a:30:d7:dd:21:1c
Dec  4 17:46:23 seang1c dhclient[859]: Sending on   Socket/fallback
Dec  4 17:46:23 seang1c dhclient[859]: DHCPDISCOVER on ens5 to 255.255.255.255 port 67 interval 7 (xid=0x3c5ee00d)
Dec  4 17:46:23 seang1c dhclient[859]: DHCPREQUEST on ens5 to 255.255.255.255 port 67 (xid=0x3c5ee00d)
Dec  4 17:46:23 seang1c dhclient[859]: DHCPOFFER from 172.31.32.1
Dec  4 17:46:23 seang1c dhclient[859]: DHCPACK from 172.31.32.1 (xid=0x3c5ee00d)
Dec  4 17:46:23 seang1c dhclient[859]: bound to 172.31.39.139 -- renewal in 1641 seconds.
Dec  4 17:46:23 seang1c avahi-daemon[765]: Joining mDNS multicast group on interface ens5.IPv4 with address 172.31.39.139.
Dec  4 17:46:23 seang1c avahi-daemon[765]: New relevant interface ens5.IPv4 for mDNS.
Dec  4 17:46:23 seang1c avahi-daemon[765]: Registering new address record for 172.31.39.139 on ens5.IPv4.
Dec  4 17:46:24 seang1c avahi-daemon[765]: Interface ens5.IPv4 no longer relevant for mDNS.
Dec  4 17:46:24 seang1c avahi-daemon[765]: Leaving mDNS multicast group on interface ens5.IPv4 with address 172.31.39.139.
Dec  4 17:46:24 seang1c avahi-daemon[765]: Withdrawing address record for fe80::830:d7ff:fedd:211c on ens5.
Dec  4 17:46:24 seang1c avahi-daemon[765]: Withdrawing address record for 172.31.39.139 on ens5.
Dec  4 17:46:24 seang1c systemd: Started Initial cloud-init job (pre-networking).
Dec  4 17:46:24 seang1c systemd: Reached target Network (Pre).
Dec  4 17:46:24 seang1c systemd: Starting Network Manager...
Dec  4 17:46:25 seang1c NetworkManager[877]: <info>  [1575481585.4461] NetworkManager (version 1.18.0-5.el7_7.1) is starting... (for the first time)
Dec  4 17:46:25 seang1c NetworkManager[877]: <info>  [1575481585.4469] Read config: /etc/NetworkManager/NetworkManager.conf (lib: 10-slaves-order.conf)
Dec  4 17:46:25 seang1c systemd: Started Network Manager.
Dec  4 17:46:25 seang1c NetworkManager[877]: <info>  [1575481585.4734] bus-manager: acquired D-Bus service "org.freedesktop.NetworkManager"
Dec  4 17:46:25 seang1c systemd: Starting Network Manager Wait Online...
Dec  4 17:46:25 seang1c NetworkManager[877]: <info>  [1575481585.4986] manager[0x56318c8c40a0]: monitoring kernel firmware directory '/lib/firmware'.
Dec  4 17:46:25 seang1c dbus[767]: [system] Activating via systemd: service name='org.freedesktop.hostname1' unit='dbus-org.freedesktop.hostname1.service'
Dec  4 17:46:25 seang1c systemd: Starting Hostname Service...
Dec  4 17:46:25 seang1c dbus[767]: [system] Successfully activated service 'org.freedesktop.hostname1'
Dec  4 17:46:25 seang1c systemd: Started Hostname Service.
Dec  4 17:46:25 seang1c NetworkManager[877]: <info>  [1575481585.6520] hostname: hostname: using hostnamed
Dec  4 17:46:25 seang1c NetworkManager[877]: <info>  [1575481585.6520] hostname: hostname changed from (none) to "seang1c.mylabserver.com"
Dec  4 17:46:25 seang1c NetworkManager[877]: <info>  [1575481585.6527] dns-mgr[0x56318c8ab220]: init: dns=default,systemd-resolved rc-manager=file
Dec  4 17:46:25 seang1c dbus[767]: [system] Activating via systemd: service name='org.freedesktop.nm_dispatcher' unit='dbus-org.freedesktop.nm-dispatcher.service'
Dec  4 17:46:25 seang1c systemd: Starting Network Manager Script Dispatcher Service...
Dec  4 17:46:25 seang1c dbus[767]: [system] Successfully activated service 'org.freedesktop.nm_dispatcher'
Dec  4 17:46:25 seang1c systemd: Started Network Manager Script Dispatcher Service.
Dec  4 17:46:26 seang1c NetworkManager[877]: <info>  [1575481586.0034] settings: Loaded settings plugin: SettingsPluginIfcfg ("/usr/lib64/NetworkManager/1.18.0-5.el7_7.1/libnm-settings-plugin-ifcfg-rh.so")
Dec  4 17:46:26 seang1c NetworkManager[877]: <info>  [1575481586.0120] settings: Loaded settings plugin: NMSIbftPlugin ("/usr/lib64/NetworkManager/1.18.0-5.el7_7.1/libnm-settings-plugin-ibft.so")
Dec  4 17:46:26 seang1c NetworkManager[877]: <info>  [1575481586.0121] settings: Loaded settings plugin: NMSKeyfilePlugin (internal)
Dec  4 17:46:26 seang1c NetworkManager[877]: <info>  [1575481586.0183] ifcfg-rh: new connection /etc/sysconfig/network-scripts/ifcfg-ens5 (8126c120-a964-e959-ff98-ac4973344505,"System ens5")
Dec  4 17:46:26 seang1c NetworkManager[877]: <info>  [1575481586.0189] ifcfg-rh: new connection /etc/sysconfig/network-scripts/ifcfg-eth0 (5fb06bd0-0bb0-7ffb-45f1-d6edd65f3e03,"System eth0")
Dec  4 17:46:26 seang1c NetworkManager[877]: <info>  [1575481586.2194] manager: rfkill: Wi-Fi enabled by radio killswitch; enabled by state file
Dec  4 17:46:26 seang1c NetworkManager[877]: <info>  [1575481586.2195] manager: rfkill: WWAN enabled by radio killswitch; enabled by state file
Dec  4 17:46:26 seang1c NetworkManager[877]: <info>  [1575481586.2196] manager: Networking is enabled by state file
Dec  4 17:46:26 seang1c nm-dispatcher: req:1 'hostname': new request (5 scripts)
Dec  4 17:46:26 seang1c nm-dispatcher: req:1 'hostname': start running ordered scripts...
Dec  4 17:46:26 seang1c NetworkManager[877]: <info>  [1575481586.2236] dhcp-init: Using DHCP client 'dhclient'
Dec  4 17:46:26 seang1c NetworkManager[877]: <info>  [1575481586.3771] Loaded device plugin: NMWifiFactory (/usr/lib64/NetworkManager/1.18.0-5.el7_7.1/libnm-device-plugin-wifi.so)
Dec  4 17:46:26 seang1c NetworkManager[877]: <info>  [1575481586.3860] device (lo): carrier: link connected
Dec  4 17:46:26 seang1c NetworkManager[877]: <info>  [1575481586.3863] manager: (lo): new Generic device (/org/freedesktop/NetworkManager/Devices/1)
Dec  4 17:46:26 seang1c NetworkManager[877]: <info>  [1575481586.3880] manager: (ens5): new Ethernet device (/org/freedesktop/NetworkManager/Devices/2)
Dec  4 17:46:26 seang1c NetworkManager[877]: <info>  [1575481586.3890] device (ens5): state change: unmanaged -> unavailable (reason 'managed', sys-iface-state: 'external')
Dec  4 17:46:26 seang1c kernel: IPv6: ADDRCONF(NETDEV_UP): ens5: link is not ready
Dec  4 17:46:26 seang1c kernel: IPv6: ADDRCONF(NETDEV_UP): ens5: link is not ready
Dec  4 17:46:26 seang1c kernel: IPv6: ADDRCONF(NETDEV_CHANGE): ens5: link becomes ready
Dec  4 17:46:26 seang1c NetworkManager[877]: <info>  [1575481586.4111] device (ens5): carrier: link connected
Dec  4 17:46:26 seang1c nm-dispatcher: req:2 'connectivity-change': new request (5 scripts)
Dec  4 17:46:26 seang1c NetworkManager[877]: <info>  [1575481586.4196] device (ens5): state change: unavailable -> disconnected (reason 'none', sys-iface-state: 'managed')
Dec  4 17:46:26 seang1c NetworkManager[877]: <info>  [1575481586.4208] policy: auto-activating connection 'System ens5' (8126c120-a964-e959-ff98-ac4973344505)
Dec  4 17:46:26 seang1c NetworkManager[877]: <info>  [1575481586.4261] device (ens5): Activation: starting connection 'System ens5' (8126c120-a964-e959-ff98-ac4973344505)
Dec  4 17:46:26 seang1c NetworkManager[877]: <info>  [1575481586.4315] device (ens5): state change: disconnected -> prepare (reason 'none', sys-iface-state: 'managed')
Dec  4 17:46:26 seang1c NetworkManager[877]: <info>  [1575481586.4339] manager: NetworkManager state is now CONNECTING
Dec  4 17:46:26 seang1c NetworkManager[877]: <info>  [1575481586.4345] device (ens5): state change: prepare -> config (reason 'none', sys-iface-state: 'managed')
Dec  4 17:46:26 seang1c NetworkManager[877]: <info>  [1575481586.4357] device (ens5): state change: config -> ip-config (reason 'none', sys-iface-state: 'managed')
Dec  4 17:46:26 seang1c NetworkManager[877]: <info>  [1575481586.4372] dhcp4 (ens5): activation: beginning transaction (timeout in 45 seconds)
Dec  4 17:46:26 seang1c NetworkManager[877]: <info>  [1575481586.4410] dhcp4 (ens5): dhclient started with pid 902
Dec  4 17:46:26 seang1c avahi-daemon[765]: Registering new address record for fe80::830:d7ff:fedd:211c on ens5.*.
Dec  4 17:46:26 seang1c dhclient[902]: DHCPDISCOVER on ens5 to 255.255.255.255 port 67 interval 4 (xid=0x332070d8)
Dec  4 17:46:26 seang1c dhclient[902]: DHCPREQUEST on ens5 to 255.255.255.255 port 67 (xid=0x332070d8)
Dec  4 17:46:26 seang1c dhclient[902]: DHCPOFFER from 172.31.32.1
Dec  4 17:46:26 seang1c dhclient[902]: DHCPACK from 172.31.32.1 (xid=0x332070d8)
Dec  4 17:46:26 seang1c NetworkManager[877]: <info>  [1575481586.4713] dhcp4 (ens5):   address 172.31.39.139
Dec  4 17:46:26 seang1c NetworkManager[877]: <info>  [1575481586.4713] dhcp4 (ens5):   plen 20 (255.255.240.0)
Dec  4 17:46:26 seang1c NetworkManager[877]: <info>  [1575481586.4713] dhcp4 (ens5):   gateway 172.31.32.1
Dec  4 17:46:26 seang1c NetworkManager[877]: <info>  [1575481586.4713] dhcp4 (ens5):   lease time 3600
Dec  4 17:46:26 seang1c NetworkManager[877]: <info>  [1575481586.4714] dhcp4 (ens5):   hostname 'ip-172-31-39-139'
Dec  4 17:46:26 seang1c NetworkManager[877]: <info>  [1575481586.4714] dhcp4 (ens5):   nameserver '172.31.0.2'
Dec  4 17:46:26 seang1c NetworkManager[877]: <info>  [1575481586.4714] dhcp4 (ens5):   domain name 'us-west-2.compute.internal'
Dec  4 17:46:26 seang1c NetworkManager[877]: <info>  [1575481586.4714] dhcp4 (ens5): state changed unknown -> bound
Dec  4 17:46:26 seang1c NetworkManager[877]: <info>  [1575481586.4725] device (ens5): state change: ip-config -> ip-check (reason 'none', sys-iface-state: 'managed')
Dec  4 17:46:26 seang1c avahi-daemon[765]: Joining mDNS multicast group on interface ens5.IPv4 with address 172.31.39.139.
Dec  4 17:46:26 seang1c avahi-daemon[765]: New relevant interface ens5.IPv4 for mDNS.
Dec  4 17:46:26 seang1c avahi-daemon[765]: Registering new address record for 172.31.39.139 on ens5.IPv4.
Dec  4 17:46:26 seang1c NetworkManager[877]: <info>  [1575481586.4733] device (ens5): state change: ip-check -> secondaries (reason 'none', sys-iface-state: 'managed')
Dec  4 17:46:26 seang1c NetworkManager[877]: <info>  [1575481586.4735] device (ens5): state change: secondaries -> activated (reason 'none', sys-iface-state: 'managed')
Dec  4 17:46:26 seang1c NetworkManager[877]: <info>  [1575481586.4741] manager: NetworkManager state is now CONNECTED_LOCAL
Dec  4 17:46:26 seang1c dhclient[902]: bound to 172.31.39.139 -- renewal in 1793 seconds.
Dec  4 17:46:26 seang1c NetworkManager[877]: <info>  [1575481586.9708] manager: NetworkManager state is now CONNECTED_SITE
Dec  4 17:46:26 seang1c NetworkManager[877]: <info>  [1575481586.9710] policy: set 'System ens5' (ens5) as default for IPv4 routing and DNS
Dec  4 17:46:26 seang1c NetworkManager[877]: <info>  [1575481586.9741] device (ens5): Activation: successful, device activated.
Dec  4 17:46:26 seang1c NetworkManager[877]: <info>  [1575481586.9748] manager: NetworkManager state is now CONNECTED_GLOBAL
Dec  4 17:46:26 seang1c nm-dispatcher: req:2 'connectivity-change': start running ordered scripts...
Dec  4 17:46:26 seang1c nm-dispatcher: req:3 'up' [ens5]: new request (5 scripts)
Dec  4 17:46:26 seang1c NetworkManager[877]: <info>  [1575481586.9768] manager: startup complete
Dec  4 17:46:26 seang1c nm-dispatcher: req:4 'connectivity-change': new request (5 scripts)
Dec  4 17:46:26 seang1c systemd: Started Network Manager Wait Online.
Dec  4 17:46:26 seang1c systemd: Starting LSB: Bring up/down networking...
Dec  4 17:46:27 seang1c nm-dispatcher: req:3 'up' [ens5]: start running ordered scripts...
Dec  4 17:46:28 seang1c nm-dispatcher: req:4 'connectivity-change': start running ordered scripts...
Dec  4 17:46:29 seang1c network: Bringing up loopback interface:  [  OK  ]
Dec  4 17:46:29 seang1c network: Bringing up interface ens5:  [  OK  ]
Dec  4 17:46:29 seang1c NetworkManager[877]: <info>  [1575481589.6676] agent-manager: req[0x56318c917c90, :1.23/nmcli-connect/0]: agent registered
Dec  4 17:46:29 seang1c NetworkManager[877]: <info>  [1575481589.6693] audit: op="connection-activate" uuid="5fb06bd0-0bb0-7ffb-45f1-d6edd65f3e03" name="System eth0" result="fail" reason="No suitable device found for this connection (device ens5 not available because profile is not compatible with device (mismatching interface name))."
Dec  4 17:46:29 seang1c network: Bringing up interface eth0:  Error: Connection activation failed: No suitable device found for this connection (device ens5 not available because profile is not compatible with device (mismatching interface name)).
Dec  4 17:46:29 seang1c network: [FAILED]
Dec  4 17:46:29 seang1c systemd: network.service: control process exited, code=exited status=1
Dec  4 17:46:29 seang1c systemd: Failed to start LSB: Bring up/down networking.
Dec  4 17:46:29 seang1c systemd: Unit network.service entered failed state.
Dec  4 17:46:29 seang1c systemd: network.service failed.
Dec  4 17:46:29 seang1c systemd: Reached target Network.
Dec  4 17:46:29 seang1c systemd: Starting Dynamic System Tuning Daemon...
Dec  4 17:46:29 seang1c systemd: Starting Postfix Mail Transport Agent...
Dec  4 17:46:29 seang1c systemd: Started Linux Academy Websh (Wetty) Web Terminal.
Dec  4 17:46:29 seang1c systemd: Starting Logout off all iSCSI sessions on shutdown...
Dec  4 17:46:29 seang1c systemd: Starting Remote desktop service (VNC)...
Dec  4 17:46:29 seang1c systemd: Starting Initial cloud-init job (metadata service crawler)...
Dec  4 17:46:29 seang1c systemd: Started Logout off all iSCSI sessions on shutdown.
Dec  4 17:46:29 seang1c systemd: Starting Availability of block devices...
Dec  4 17:46:29 seang1c systemd: Reached target Remote File Systems (Pre).
Dec  4 17:46:29 seang1c systemd: Reached target Remote File Systems.
Dec  4 17:46:29 seang1c systemd: Started Availability of block devices.
Dec  4 17:46:30 seang1c cloud-init: Cloud-init v. 18.5 running 'init' at Wed, 04 Dec 2019 17:46:30 +0000. Up 71.41 seconds.
Dec  4 17:46:30 seang1c cloud-init: ci-info: ++++++++++++++++++++++++++++++++++++++Net device info+++++++++++++++++++++++++++++++++++++++
Dec  4 17:46:30 seang1c cloud-init: ci-info: +--------+------+-----------------------------+---------------+--------+-------------------+
Dec  4 17:46:30 seang1c cloud-init: ci-info: | Device |  Up  |           Address           |      Mask     | Scope  |     Hw-Address    |
Dec  4 17:46:30 seang1c cloud-init: ci-info: +--------+------+-----------------------------+---------------+--------+-------------------+
Dec  4 17:46:30 seang1c cloud-init: ci-info: |  ens5  | True |        172.31.39.139        | 255.255.240.0 | global | 0a:30:d7:dd:21:1c |
Dec  4 17:46:30 seang1c cloud-init: ci-info: |  ens5  | True | fe80::830:d7ff:fedd:211c/64 |       .       |  link  | 0a:30:d7:dd:21:1c |
Dec  4 17:46:30 seang1c cloud-init: ci-info: |   lo   | True |          127.0.0.1          |   255.0.0.0   |  host  |         .         |
Dec  4 17:46:30 seang1c cloud-init: ci-info: |   lo   | True |           ::1/128           |       .       |  host  |         .         |
Dec  4 17:46:30 seang1c cloud-init: ci-info: +--------+------+-----------------------------+---------------+--------+-------------------+
Dec  4 17:46:30 seang1c cloud-init: ci-info: +++++++++++++++++++++++++++++Route IPv4 info+++++++++++++++++++++++++++++
Dec  4 17:46:30 seang1c cloud-init: ci-info: +-------+-------------+-------------+---------------+-----------+-------+
Dec  4 17:46:30 seang1c cloud-init: ci-info: | Route | Destination |   Gateway   |    Genmask    | Interface | Flags |
Dec  4 17:46:30 seang1c cloud-init: ci-info: +-------+-------------+-------------+---------------+-----------+-------+
Dec  4 17:46:30 seang1c cloud-init: ci-info: |   0   |   0.0.0.0   | 172.31.32.1 |    0.0.0.0    |    ens5   |   UG  |
Dec  4 17:46:30 seang1c cloud-init: ci-info: |   1   | 172.31.32.0 |   0.0.0.0   | 255.255.240.0 |    ens5   |   U   |
Dec  4 17:46:30 seang1c cloud-init: ci-info: +-------+-------------+-------------+---------------+-----------+-------+
Dec  4 17:46:30 seang1c cloud-init: ci-info: +++++++++++++++++++Route IPv6 info+++++++++++++++++++
Dec  4 17:46:30 seang1c cloud-init: ci-info: +-------+-------------+---------+-----------+-------+
Dec  4 17:46:30 seang1c cloud-init: ci-info: | Route | Destination | Gateway | Interface | Flags |
Dec  4 17:46:30 seang1c cloud-init: ci-info: +-------+-------------+---------+-----------+-------+
Dec  4 17:46:30 seang1c cloud-init: ci-info: |   9   |  fe80::/64  |    ::   |    ens5   |   U   |
Dec  4 17:46:30 seang1c cloud-init: ci-info: |   13  |   ff00::/8  |    ::   |    ens5   |   U   |
Dec  4 17:46:30 seang1c cloud-init: ci-info: +-------+-------------+---------+-----------+-------+
Dec  4 17:46:31 seang1c systemd: Started Postfix Mail Transport Agent.
Dec  4 17:46:31 seang1c systemd: Started Initial cloud-init job (metadata service crawler).
Dec  4 17:46:31 seang1c systemd: Reached target Network is Online.
Dec  4 17:46:31 seang1c systemd: Starting System Logging Service...
Dec  4 17:46:31 seang1c systemd: Started amazon-ssm-agent.
Dec  4 17:46:31 seang1c systemd: Starting NFS Mount Daemon...
Dec  4 17:46:31 seang1c systemd: Starting NFS status monitor for NFSv2/3 locking....
Dec  4 17:46:31 seang1c systemd: Reached target Cloud-config availability.
Dec  4 17:46:31 seang1c systemd: Starting Apply the settings specified in cloud-config...
Dec  4 17:46:31 seang1c systemd: Starting OpenSSH Server Key Generation...
Dec  4 17:46:31 seang1c systemd: Starting Permit User Sessions...
Dec  4 17:46:31 seang1c systemd: Started Permit User Sessions.
Dec  4 17:46:31 seang1c systemd: Starting Wait for Plymouth Boot Screen to Quit...
Dec  4 17:46:31 seang1c systemd: Started Command Scheduler.
Dec  4 17:46:31 seang1c systemd: Starting Terminate Plymouth Boot Screen...
Dec  4 17:46:31 seang1c systemd: Received SIGRTMIN+21 from PID 345 (plymouthd).
Dec  4 17:46:31 seang1c systemd: Started Wait for Plymouth Boot Screen to Quit.
Dec  4 17:46:31 seang1c systemd: Started Terminate Plymouth Boot Screen.
Dec  4 17:46:31 seang1c systemd: Started Serial Getty on ttyS0.
Dec  4 17:46:31 seang1c systemd: Started Getty on tty1.
Dec  4 17:46:31 seang1c systemd: Reached target Login Prompts.
Dec  4 17:46:31 seang1c rpc.statd[1310]: Version 1.3.0 starting
Dec  4 17:46:31 seang1c rpc.statd[1310]: Flags: TI-RPC
Dec  4 17:46:32 seang1c systemd: Started NFS status monitor for NFSv2/3 locking..
Dec  4 17:46:32 seang1c rsyslogd: [origin software="rsyslogd" swVersion="8.24.0-41.el7_7" x-pid="1289" x-info="http://www.rsyslog.com"] start
Dec  4 17:46:32 seang1c systemd: Started System Logging Service.
Dec  4 17:46:32 seang1c rpc.mountd[1316]: Version 1.3.0 starting
Dec  4 17:46:32 seang1c systemd: Started NFS Mount Daemon.
Dec  4 17:46:32 seang1c systemd: Starting NFS server and services...
Dec  4 17:46:32 seang1c systemd: Created slice User Slice of cloud_user.
Dec  4 17:46:32 seang1c systemd: Started Session c1 of user cloud_user.
Dec  4 17:46:32 seang1c cloud-init: Cloud-init v. 18.5 running 'modules:config' at Wed, 04 Dec 2019 17:46:32 +0000. Up 73.45 seconds.
Dec  4 17:46:32 seang1c sshd-keygen: Generating SSH2 RSA host key: [  OK  ]
Dec  4 17:46:32 seang1c sshd-keygen: Generating SSH2 ECDSA host key: [  OK  ]
Dec  4 17:46:32 seang1c sshd-keygen: Generating SSH2 ED25519 host key: [  OK  ]
Dec  4 17:46:32 seang1c systemd: Started OpenSSH Server Key Generation.
Dec  4 17:46:32 seang1c systemd: Starting OpenSSH server daemon...
Dec  4 17:46:32 seang1c kernel: NFSD: starting 90-second grace period (net ffffffffa4d12a40)
Dec  4 17:46:32 seang1c systemd: Reloading GSSAPI Proxy Daemon.
Dec  4 17:46:32 seang1c systemd: Reloaded GSSAPI Proxy Daemon.
Dec  4 17:46:32 seang1c systemd: Started NFS server and services.
Dec  4 17:46:32 seang1c systemd: Starting Notify NFS peers of a restart...
Dec  4 17:46:32 seang1c sm-notify[1380]: Version 1.3.0 starting
Dec  4 17:46:32 seang1c systemd: Started Notify NFS peers of a restart.
Dec  4 17:46:32 seang1c systemd: Started Apply the settings specified in cloud-config.
Dec  4 17:46:32 seang1c systemd: Started Dynamic System Tuning Daemon.
Dec  4 17:46:32 seang1c systemd: Starting Execute cloud user/final scripts...
Dec  4 17:46:32 seang1c systemd: Started OpenSSH server daemon.
Dec  4 17:46:33 seang1c cloud-init: Cloud-init v. 18.5 running 'modules:final' at Wed, 04 Dec 2019 17:46:33 +0000. Up 74.28 seconds.
Dec  4 17:46:33 seang1c cloud-init: % Total    % Received % Xferd  Average Speed   Time    Time     Time  Current
Dec  4 17:46:33 seang1c cloud-init: Dload  Upload   Total   Spent    Left  Speed
Dec  4 17:46:33 seang1c cloud-init: 0     0    0     0    0     0      0      0 --:--:-- --:--:-- --:--:--     0#015100    13  100    13    0     0   7784      0 --:--:-- --:--:-- --:--:-- 13000
Dec  4 17:46:33 seang1c systemd-hostnamed: Changed static host name to 'peteelizalde2c.mylabserver.com'
Dec  4 17:46:33 seang1c NetworkManager[877]: <info>  [1575481593.6330] hostname: hostname changed from "seang1c.mylabserver.com" to "peteelizalde2c.mylabserver.com"
Dec  4 17:46:33 seang1c nm-dispatcher: req:5 'hostname': new request (5 scripts)
Dec  4 17:46:33 seang1c systemd-hostnamed: Changed host name to 'peteelizalde2c.mylabserver.com'
Dec  4 17:46:33 seang1c nm-dispatcher: req:5 'hostname': start running ordered scripts...
Dec  4 17:46:33 seang1c NetworkManager[877]: <info>  [1575481593.6387] policy: set-hostname: set hostname to 'peteelizalde2c.mylabserver.com' (from system configuration)
Dec  4 17:46:33 seang1c systemd: Reloading.
Dec  4 17:46:33 seang1c nm-dispatcher: req:6 'hostname': new request (5 scripts)
Dec  4 17:46:33 seang1c nm-dispatcher: req:6 'hostname': start running ordered scripts...
Dec  4 17:46:33 seang1c systemd: Stopping Linux Academy Websh (Wetty) Web Terminal...
Dec  4 17:46:33 seang1c start-websh.sh: /opt/websh/start-websh.sh: line 2:  1148 Terminated              /bin/sh -c '$(ls -d /opt/websh/.nvm/versions/node/* | sort -rV | head -n1)/bin/node /opt/websh/node_modules/wetty.js/index.js --sslkey /opt/websh/ssl/key.pem --sslcert /opt/websh/ssl/cert.pem -p 31297 --base / --title "Linux Academy Web Terminal"'
Dec  4 17:46:33 seang1c systemd: linux-academy-websh.service: main process exited, code=exited, status=143/n/a
Dec  4 17:46:33 seang1c systemd: Stopped Linux Academy Websh (Wetty) Web Terminal.
Dec  4 17:46:33 seang1c systemd: Unit linux-academy-websh.service entered failed state.
Dec  4 17:46:33 seang1c systemd: linux-academy-websh.service failed.
Dec  4 17:46:33 seang1c systemd: Started Linux Academy Websh (Wetty) Web Terminal.
Dec  4 17:46:35 seang1c amazon-ssm-agent: 2019/12/04 17:46:35 Failed to load instance info from vault. RegistrationKey does not exist.
Dec  4 17:46:35 seang1c amazon-ssm-agent: Error occurred fetching the seelog config file path:  open /etc/amazon/ssm/seelog.xml: no such file or directory
Dec  4 17:46:35 seang1c amazon-ssm-agent: Initializing new seelog logger
Dec  4 17:46:35 seang1c amazon-ssm-agent: New Seelog Logger Creation Complete
Dec  4 17:46:35 seang1c amazon-ssm-agent: 2019-12-04 17:46:35 INFO Create new startup processor
Dec  4 17:46:35 seang1c amazon-ssm-agent: 2019-12-04 17:46:35 INFO [LongRunningPluginsManager] registered plugins: {}
Dec  4 17:46:35 seang1c amazon-ssm-agent: 2019-12-04 17:46:35 INFO Initializing bookkeeping folders
Dec  4 17:46:35 seang1c amazon-ssm-agent: 2019-12-04 17:46:35 INFO removing the completed state files
Dec  4 17:46:35 seang1c amazon-ssm-agent: 2019-12-04 17:46:35 INFO Initializing bookkeeping folders for long running plugins
Dec  4 17:46:35 seang1c amazon-ssm-agent: 2019-12-04 17:46:35 INFO Initializing replies folder for MDS reply requests that couldn't reach the service
Dec  4 17:46:35 seang1c amazon-ssm-agent: 2019-12-04 17:46:35 INFO Initializing healthcheck folders for long running plugins
Dec  4 17:46:35 seang1c amazon-ssm-agent: 2019-12-04 17:46:35 INFO Initializing locations for inventory plugin
Dec  4 17:46:35 seang1c amazon-ssm-agent: 2019-12-04 17:46:35 INFO Initializing default location for custom inventory
Dec  4 17:46:35 seang1c amazon-ssm-agent: 2019-12-04 17:46:35 INFO Initializing default location for file inventory
Dec  4 17:46:35 seang1c amazon-ssm-agent: 2019-12-04 17:46:35 INFO Initializing default location for role inventory
Dec  4 17:46:35 seang1c amazon-ssm-agent: 2019-12-04 17:46:35 INFO Init the cloudwatchlogs publisher
Dec  4 17:46:35 seang1c amazon-ssm-agent: 2019-12-04 17:46:35 INFO [instanceID=i-09af207d8528b4d8a] Successfully loaded platform independent plugin aws:runDockerAction
Dec  4 17:46:35 seang1c amazon-ssm-agent: 2019-12-04 17:46:35 INFO [instanceID=i-09af207d8528b4d8a] Successfully loaded platform independent plugin aws:refreshAssociation
Dec  4 17:46:35 seang1c amazon-ssm-agent: 2019-12-04 17:46:35 INFO [instanceID=i-09af207d8528b4d8a] Successfully loaded platform independent plugin aws:configurePackage
Dec  4 17:46:35 seang1c amazon-ssm-agent: 2019-12-04 17:46:35 INFO [instanceID=i-09af207d8528b4d8a] Successfully loaded platform independent plugin aws:configureDocker
Dec  4 17:46:35 seang1c amazon-ssm-agent: 2019-12-04 17:46:35 INFO [instanceID=i-09af207d8528b4d8a] Successfully loaded platform independent plugin aws:downloadContent
Dec  4 17:46:35 seang1c amazon-ssm-agent: 2019-12-04 17:46:35 INFO [instanceID=i-09af207d8528b4d8a] Successfully loaded platform independent plugin aws:runDocument
Dec  4 17:46:35 seang1c amazon-ssm-agent: 2019-12-04 17:46:35 INFO [instanceID=i-09af207d8528b4d8a] Successfully loaded platform independent plugin aws:softwareInventory
Dec  4 17:46:35 seang1c amazon-ssm-agent: 2019-12-04 17:46:35 INFO [instanceID=i-09af207d8528b4d8a] Successfully loaded platform independent plugin aws:runPowerShellScript
Dec  4 17:46:35 seang1c amazon-ssm-agent: 2019-12-04 17:46:35 INFO [instanceID=i-09af207d8528b4d8a] Successfully loaded platform independent plugin aws:updateSsmAgent
Dec  4 17:46:35 seang1c amazon-ssm-agent: 2019-12-04 17:46:35 INFO [instanceID=i-09af207d8528b4d8a] Successfully loaded platform dependent plugin aws:runShellScript
Dec  4 17:46:35 seang1c amazon-ssm-agent: 2019-12-04 17:46:35 INFO Starting Agent: amazon-ssm-agent - v2.3.722.0
Dec  4 17:46:35 seang1c amazon-ssm-agent: 2019-12-04 17:46:35 INFO OS: linux, Arch: amd64
Dec  4 17:46:35 seang1c amazon-ssm-agent: datastore file /var/lib/amazon/ssm/i-09af207d8528b4d8a/longrunningplugins/datastore/store doesn't exist - no long running plugins to execute
Dec  4 17:46:36 seang1c amazon-ssm-agent: 2019-12-04 17:46:35 INFO [MessagingDeliveryService] Starting document processing engine...
Dec  4 17:46:36 seang1c amazon-ssm-agent: 2019-12-04 17:46:35 INFO [MessagingDeliveryService] [EngineProcessor] Starting
Dec  4 17:46:36 seang1c amazon-ssm-agent: 2019-12-04 17:46:35 INFO [MessagingDeliveryService] [EngineProcessor] Initial processing
Dec  4 17:46:36 seang1c NetworkManager[877]: <info>  [1575481596.1975] dhcp6 (ens5): activation: beginning transaction (timeout in 45 seconds)
Dec  4 17:46:36 seang1c NetworkManager[877]: <info>  [1575481596.2067] dhcp6 (ens5): dhclient started with pid 1549
Dec  4 17:46:36 seang1c NetworkManager[877]: <info>  [1575481596.2082] policy: set 'System ens5' (ens5) as default for IPv6 routing and DNS
Dec  4 17:46:36 seang1c dhclient[1549]: PRC: Previous lease is devoid of active addresses.  Re-initializing.
Dec  4 17:46:36 seang1c runuser: Session terminated, killing shell... ...killed.
Dec  4 17:46:36 seang1c systemd: vncserver@:1.service: control process exited, code=exited status=1
Dec  4 17:46:36 seang1c systemd: Stopped Remote desktop service (VNC).
Dec  4 17:46:36 seang1c systemd: Unit vncserver@:1.service entered failed state.
Dec  4 17:46:36 seang1c systemd: vncserver@:1.service failed.
Dec  4 17:46:36 seang1c systemd: Starting Remote desktop service (VNC)...
Dec  4 17:46:36 seang1c systemd: Removed slice User Slice of cloud_user.
Dec  4 17:46:36 seang1c systemd: Created slice User Slice of cloud_user.
Dec  4 17:46:36 seang1c amazon-ssm-agent: 2019-12-04 17:46:35 INFO [MessagingDeliveryService] Starting message polling
Dec  4 17:46:36 seang1c systemd: Started Session c2 of user cloud_user.
Dec  4 17:46:36 seang1c amazon-ssm-agent: 2019-12-04 17:46:35 INFO [MessagingDeliveryService] Starting send replies to MDS
Dec  4 17:46:36 seang1c amazon-ssm-agent: 2019-12-04 17:46:35 INFO [instanceID=i-09af207d8528b4d8a] Starting association polling
Dec  4 17:46:36 seang1c amazon-ssm-agent: 2019-12-04 17:46:35 INFO [MessagingDeliveryService] [Association] [EngineProcessor] Starting
Dec  4 17:46:36 seang1c amazon-ssm-agent: 2019-12-04 17:46:35 INFO [MessagingDeliveryService] [Association] Launching response handler
Dec  4 17:46:36 seang1c amazon-ssm-agent: 2019-12-04 17:46:35 INFO [MessagingDeliveryService] [Association] [EngineProcessor] Initial processing
Dec  4 17:46:36 seang1c amazon-ssm-agent: 2019-12-04 17:46:35 INFO [MessagingDeliveryService] [Association] Initializing association scheduling service
Dec  4 17:46:36 seang1c amazon-ssm-agent: 2019-12-04 17:46:35 INFO [MessagingDeliveryService] [Association] Association scheduling service initialized
Dec  4 17:46:37 seang1c amazon-ssm-agent: 2019-12-04 17:46:35 INFO [MessageGatewayService] Starting session document processing engine...
Dec  4 17:46:37 seang1c amazon-ssm-agent: 2019-12-04 17:46:35 INFO [MessageGatewayService] [EngineProcessor] Starting
Dec  4 17:46:37 seang1c dhclient[1549]: XMT: Solicit on ens5, interval 1070ms.
Dec  4 17:46:37 seang1c dhclient[1549]: RCV: Advertise message on ens5 from fe80::85e:29ff:fef8:b652.
Dec  4 17:46:37 seang1c dhclient[1549]: XMT: Request on ens5, interval 1000ms.
Dec  4 17:46:37 seang1c dhclient[1549]: RCV: Reply message on ens5 from fe80::85e:29ff:fef8:b652.
Dec  4 17:46:37 seang1c amazon-ssm-agent: 2019-12-04 17:46:35 INFO [MessageGatewayService] SSM Agent is trying to setup control channel for Session Manager module.
Dec  4 17:46:37 seang1c NetworkManager[877]: <info>  [1575481597.3204] dhcp6 (ens5):   valid_lft 450
Dec  4 17:46:37 seang1c NetworkManager[877]: <info>  [1575481597.3206] dhcp6 (ens5):   preferred_lft 150
Dec  4 17:46:37 seang1c NetworkManager[877]: <info>  [1575481597.3206] dhcp6 (ens5):   address 2600:1f14:ec4:9802:b62d:284:3556:70ed
Dec  4 17:46:37 seang1c NetworkManager[877]: <info>  [1575481597.3206] dhcp6 (ens5): state changed unknown -> bound, event ID="d7:dd:21:1c|1575481597"
Dec  4 17:46:37 seang1c avahi-daemon[765]: Registering new address record for 2600:1f14:ec4:9802:b62d:284:3556:70ed on ens5.*.
Dec  4 17:46:37 seang1c avahi-daemon[765]: Withdrawing address record for fe80::830:d7ff:fedd:211c on ens5.
Dec  4 17:46:37 seang1c nm-dispatcher: req:7 'dhcp6-change' [ens5]: new request (5 scripts)
Dec  4 17:46:37 seang1c nm-dispatcher: req:7 'dhcp6-change' [ens5]: start running ordered scripts...
Dec  4 17:46:37 seang1c amazon-ssm-agent: 2019-12-04 17:46:35 INFO [MessageGatewayService] Setting up websocket for controlchannel for instance: i-09af207d8528b4d8a, requestId: 17e6a0eb-fd57-4c50-9b60-8450df49f170
Dec  4 17:46:37 seang1c amazon-ssm-agent: 2019-12-04 17:46:35 INFO [OfflineService] Starting document processing engine...
Dec  4 17:46:37 seang1c amazon-ssm-agent: 2019-12-04 17:46:35 INFO [OfflineService] [EngineProcessor] Starting
Dec  4 17:46:37 seang1c amazon-ssm-agent: 2019-12-04 17:46:35 INFO [OfflineService] [EngineProcessor] Initial processing
Dec  4 17:46:37 seang1c amazon-ssm-agent: 2019-12-04 17:46:35 INFO [OfflineService] Starting message polling
Dec  4 17:46:37 seang1c amazon-ssm-agent: 2019-12-04 17:46:35 INFO [OfflineService] Starting send replies to MDS
Dec  4 17:46:37 seang1c amazon-ssm-agent: 2019-12-04 17:46:35 INFO [LongRunningPluginsManager] starting long running plugin manager
Dec  4 17:46:38 seang1c amazon-ssm-agent: 2019-12-04 17:46:35 INFO [LongRunningPluginsManager] there aren't any long running plugin to execute
Dec  4 17:46:38 seang1c amazon-ssm-agent: 2019-12-04 17:46:35 INFO [HealthCheck] HealthCheck reporting agent health.
Dec  4 17:46:38 seang1c amazon-ssm-agent: 2019-12-04 17:46:35 INFO [LongRunningPluginsManager] There are no long running plugins currently getting executed - skipping their healthcheck
Dec  4 17:46:38 seang1c amazon-ssm-agent: 2019-12-04 17:46:35 INFO [MessageGatewayService] listening reply.
Dec  4 17:46:38 seang1c amazon-ssm-agent: 2019-12-04 17:46:35 INFO [StartupProcessor] Executing startup processor tasks
Dec  4 17:46:38 seang1c amazon-ssm-agent: 2019-12-04 17:46:35 INFO [StartupProcessor] Write to serial port: Amazon SSM Agent v2.3.722.0 is running
Dec  4 17:46:38 seang1c amazon-ssm-agent: 2019-12-04 17:46:35 INFO [StartupProcessor] Write to serial port: OsProductName: CentOS Linux
Dec  4 17:46:38 seang1c amazon-ssm-agent: 2019-12-04 17:46:35 INFO [StartupProcessor] Write to serial port: OsVersion: 7
Dec  4 17:46:38 seang1c amazon-ssm-agent: 2019-12-04 17:46:35 INFO [MessageGatewayService] Opening websocket connection to: wss://ssmmessages.us-west-2.amazonaws.com/v1/control-channel/i-09af207d8528b4d8a?role=subscribe&stream=input
Dec  4 17:46:38 seang1c amazon-ssm-agent: 2019-12-04 17:46:35 INFO [MessageGatewayService] Successfully opened websocket connection to: wss://ssmmessages.us-west-2.amazonaws.com/v1/control-channel/i-09af207d8528b4d8a?role=subscribe&stream=input
Dec  4 17:46:39 seang1c amazon-ssm-agent: 2019-12-04 17:46:35 INFO [MessageGatewayService] Starting receiving message from control channel
Dec  4 17:46:39 seang1c amazon-ssm-agent: 2019-12-04 17:46:35 INFO [MessageGatewayService] [EngineProcessor] Initial processing
Dec  4 17:46:39 seang1c systemd-logind: New session 1 of user cloud_user.
Dec  4 17:46:39 seang1c systemd: Started Session 1 of user cloud_user.
Dec  4 17:46:39 seang1c systemd-logind: Removed session 1.
Dec  4 17:46:41 seang1c runuser: New 'peteelizalde2c.mylabserver.com:1 (cloud_user)' desktop is peteelizalde2c.mylabserver.com:1
Dec  4 17:46:41 seang1c runuser: Starting applications specified in /home/cloud_user/.vnc/xstartup
Dec  4 17:46:41 seang1c runuser: Log file is /home/cloud_user/.vnc/peteelizalde2c.mylabserver.com:1.log
Dec  4 17:46:41 seang1c systemd: New main PID 1678 does not belong to service, and PID file is not owned by root. Refusing.
Dec  4 17:46:41 seang1c systemd: New main PID 1678 does not belong to service, and PID file is not owned by root. Refusing.
Dec  4 17:46:41 seang1c systemd: Failed to start Remote desktop service (VNC).
Dec  4 17:46:41 seang1c systemd: Unit vncserver@:1.service entered failed state.
Dec  4 17:46:41 seang1c systemd: vncserver@:1.service failed.
Dec  4 17:46:41 seang1c cloud-init: Job for vncserver@:1.service failed because a configured resource limit was exceeded. See "systemctl status vncserver@:1.service" and "journalctl -xe" for details.
Dec  4 17:46:41 seang1c cloud-init: 2019-12-04 17:46:41,281 - util.py[WARNING]: Failed running /var/lib/cloud/instance/scripts/part-001 [1]
Dec  4 17:46:41 seang1c cloud-init: 2019-12-04 17:46:41,287 - cc_scripts_user.py[WARNING]: Failed to run module scripts-user (scripts in /var/lib/cloud/instance/scripts)
Dec  4 17:46:41 seang1c cloud-init: 2019-12-04 17:46:41,288 - util.py[WARNING]: Running module scripts-user (<module 'cloudinit.config.cc_scripts_user' from '/usr/lib/python2.7/site-packages/cloudinit/config/cc_scripts_user.pyc'>) failed
Dec  4 17:46:41 seang1c ec2: 
Dec  4 17:46:41 seang1c ec2: #############################################################
Dec  4 17:46:41 seang1c ec2: -----BEGIN SSH HOST KEY FINGERPRINTS-----
Dec  4 17:46:41 seang1c ec2: 256 SHA256:gX9bxunAUXuQBw/878hg6+nGobk6jFDhyzNwY+y08+Y no comment (ECDSA)
Dec  4 17:46:41 seang1c ec2: 256 SHA256:3x62WA1psb4BnWq9jg5/ZE5zMwxIi0jfYiD+Yv1R8UI no comment (ED25519)
Dec  4 17:46:41 seang1c ec2: 2048 SHA256:uxJSgP4rDzo0ZS7EI2RVod6qAzZTWvpgjWa4e3hpyf8 no comment (RSA)
Dec  4 17:46:41 seang1c ec2: -----END SSH HOST KEY FINGERPRINTS-----
Dec  4 17:46:41 seang1c ec2: #############################################################
Dec  4 17:46:41 seang1c cloud-init: Cloud-init v. 18.5 finished at Wed, 04 Dec 2019 17:46:41 +0000. Datasource DataSourceEc2Local.  Up 82.64 seconds
Dec  4 17:46:41 seang1c systemd: cloud-final.service: main process exited, code=exited, status=1/FAILURE
Dec  4 17:46:41 seang1c systemd: Failed to start Execute cloud user/final scripts.
Dec  4 17:46:41 seang1c systemd: Unit cloud-final.service entered failed state.
Dec  4 17:46:41 seang1c systemd: cloud-final.service failed.
Dec  4 17:46:41 seang1c systemd: Reached target Multi-User System.
Dec  4 17:46:41 seang1c systemd: Starting Update UTMP about System Runlevel Changes...
Dec  4 17:46:41 seang1c systemd: Started Update UTMP about System Runlevel Changes.
Dec  4 17:46:41 seang1c systemd: Startup finished in 7.473s (kernel) + 11.794s (initrd) + 1min 3.426s (userspace) = 1min 22.695s.
Dec  4 17:46:41 seang1c amazon-ssm-agent: 2019-12-04 17:46:41 INFO [MessagingDeliveryService] [messageID=aws.ssm.a76bfc39-21f3-42cf-a55a-c0dbb8362ab6.i-09af207d8528b4d8a] Validating SSM parameters
Dec  4 17:46:41 seang1c amazon-ssm-agent: 2019-12-04 17:46:41 INFO [MessagingDeliveryService] Sending reply {
Dec  4 17:46:41 seang1c amazon-ssm-agent: "additionalInfo": {
Dec  4 17:46:41 seang1c amazon-ssm-agent: "agent": {
Dec  4 17:46:41 seang1c amazon-ssm-agent: "lang": "en-US",
Dec  4 17:46:41 seang1c amazon-ssm-agent: "name": "amazon-ssm-agent",
Dec  4 17:46:41 seang1c amazon-ssm-agent: "os": "",
Dec  4 17:46:41 seang1c amazon-ssm-agent: "osver": "1",
Dec  4 17:46:41 seang1c amazon-ssm-agent: "ver": ""
Dec  4 17:46:41 seang1c amazon-ssm-agent: },
Dec  4 17:46:41 seang1c amazon-ssm-agent: "dateTime": "2019-12-04T17:46:41.838Z",
Dec  4 17:46:41 seang1c amazon-ssm-agent: "runId": "",
Dec  4 17:46:41 seang1c amazon-ssm-agent: "runtimeStatusCounts": null
Dec  4 17:46:41 seang1c amazon-ssm-agent: },
Dec  4 17:46:41 seang1c amazon-ssm-agent: "documentStatus": "InProgress",
Dec  4 17:46:41 seang1c amazon-ssm-agent: "documentTraceOutput": "",
Dec  4 17:46:41 seang1c amazon-ssm-agent: "runtimeStatus": null
Dec  4 17:46:41 seang1c amazon-ssm-agent: }
Dec  4 17:46:42 seang1c amazon-ssm-agent: 2019-12-04 17:46:41 INFO [MessagingDeliveryService] SendReply Response{
Dec  4 17:46:42 seang1c amazon-ssm-agent: Description: "Reply 7e750383-0acc-431f-aea2-53473b6d7fcd was successfully sent.",
Dec  4 17:46:42 seang1c amazon-ssm-agent: MessageId: "aws.ssm.a76bfc39-21f3-42cf-a55a-c0dbb8362ab6.i-09af207d8528b4d8a",
Dec  4 17:46:42 seang1c amazon-ssm-agent: ReplyId: "7e750383-0acc-431f-aea2-53473b6d7fcd",
Dec  4 17:46:42 seang1c amazon-ssm-agent: ReplyStatus: "QUEUED"
Dec  4 17:46:42 seang1c amazon-ssm-agent: }
Dec  4 17:46:42 seang1c amazon-ssm-agent: 2019-12-04 17:46:41 INFO [MessagingDeliveryService] [messageID=aws.ssm.d6b40598-956b-4fdf-ace3-73b0e1681c37.i-09af207d8528b4d8a] Validating SSM parameters
Dec  4 17:46:42 seang1c amazon-ssm-agent: 2019-12-04 17:46:41 INFO [MessagingDeliveryService] [EngineProcessor] [OutOfProcExecuter] [a76bfc39-21f3-42cf-a55a-c0dbb8362ab6] failed to read the default channel root directory: open /var/lib/amazon/ssm/i-09af207d8528b4d8a/channels: no such file or directory, creating a new Channel
Dec  4 17:46:42 seang1c amazon-ssm-agent: 2019-12-04 17:46:41 INFO [MessagingDeliveryService] [EngineProcessor] [OutOfProcExecuter] [a76bfc39-21f3-42cf-a55a-c0dbb8362ab6] inter process communication started
Dec  4 17:46:42 seang1c amazon-ssm-agent: 2019-12-04 17:46:41 INFO [MessagingDeliveryService] Sending reply {
Dec  4 17:46:42 seang1c amazon-ssm-agent: "additionalInfo": {
Dec  4 17:46:42 seang1c amazon-ssm-agent: "agent": {
Dec  4 17:46:42 seang1c amazon-ssm-agent: "lang": "en-US",
Dec  4 17:46:42 seang1c amazon-ssm-agent: "name": "amazon-ssm-agent",
Dec  4 17:46:42 seang1c amazon-ssm-agent: "os": "",
Dec  4 17:46:42 seang1c amazon-ssm-agent: "osver": "1",
Dec  4 17:46:42 seang1c amazon-ssm-agent: "ver": ""
Dec  4 17:46:42 seang1c amazon-ssm-agent: },
Dec  4 17:46:42 seang1c amazon-ssm-agent: "dateTime": "2019-12-04T17:46:41.950Z",
Dec  4 17:46:42 seang1c amazon-ssm-agent: "runId": "",
Dec  4 17:46:42 seang1c amazon-ssm-agent: "runtimeStatusCounts": null
Dec  4 17:46:42 seang1c amazon-ssm-agent: },
Dec  4 17:46:42 seang1c amazon-ssm-agent: "documentStatus": "InProgress",
Dec  4 17:46:42 seang1c amazon-ssm-agent: "documentTraceOutput": "",
Dec  4 17:46:42 seang1c amazon-ssm-agent: "runtimeStatus": null
Dec  4 17:46:42 seang1c amazon-ssm-agent: }
Dec  4 17:46:42 seang1c amazon-ssm-agent: 2019-12-04 17:46:42 INFO [MessagingDeliveryService] SendReply Response{
Dec  4 17:46:42 seang1c amazon-ssm-agent: Description: "Reply eec492ef-cb00-438c-bf35-308a53fbb015 was successfully sent.",
Dec  4 17:46:42 seang1c amazon-ssm-agent: MessageId: "aws.ssm.d6b40598-956b-4fdf-ace3-73b0e1681c37.i-09af207d8528b4d8a",
Dec  4 17:46:42 seang1c amazon-ssm-agent: ReplyId: "eec492ef-cb00-438c-bf35-308a53fbb015",
Dec  4 17:46:42 seang1c amazon-ssm-agent: ReplyStatus: "QUEUED"
Dec  4 17:46:42 seang1c amazon-ssm-agent: }
Dec  4 17:46:42 seang1c amazon-ssm-agent: 2019-12-04 17:46:42 INFO [MessagingDeliveryService] [EngineProcessor] [OutOfProcExecuter] [d6b40598-956b-4fdf-ace3-73b0e1681c37] channel: d6b40598-956b-4fdf-ace3-73b0e1681c37 not found, creating a new file channel...
Dec  4 17:46:42 seang1c amazon-ssm-agent: 2019-12-04 17:46:42 INFO [MessagingDeliveryService] [messageID=aws.ssm.f52eea41-c94d-48e9-8735-bbbcf8a70b4d.i-09af207d8528b4d8a] Validating SSM parameters
Dec  4 17:46:42 seang1c amazon-ssm-agent: 2019-12-04 17:46:42 INFO [MessagingDeliveryService] [EngineProcessor] [OutOfProcExecuter] [d6b40598-956b-4fdf-ace3-73b0e1681c37] inter process communication started
Dec  4 17:46:42 seang1c amazon-ssm-agent: 2019-12-04 17:46:42 INFO [MessagingDeliveryService] Sending reply {
Dec  4 17:46:42 seang1c amazon-ssm-agent: "additionalInfo": {
Dec  4 17:46:42 seang1c amazon-ssm-agent: "agent": {
Dec  4 17:46:42 seang1c amazon-ssm-agent: "lang": "en-US",
Dec  4 17:46:42 seang1c amazon-ssm-agent: "name": "amazon-ssm-agent",
Dec  4 17:46:42 seang1c amazon-ssm-agent: "os": "",
Dec  4 17:46:42 seang1c amazon-ssm-agent: "osver": "1",
Dec  4 17:46:42 seang1c amazon-ssm-agent: "ver": ""
Dec  4 17:46:42 seang1c amazon-ssm-agent: },
Dec  4 17:46:42 seang1c amazon-ssm-agent: "dateTime": "2019-12-04T17:46:42.074Z",
Dec  4 17:46:42 seang1c amazon-ssm-agent: "runId": "",
Dec  4 17:46:42 seang1c amazon-ssm-agent: "runtimeStatusCounts": null
Dec  4 17:46:42 seang1c amazon-ssm-agent: },
Dec  4 17:46:42 seang1c amazon-ssm-agent: "documentStatus": "InProgress",
Dec  4 17:46:42 seang1c amazon-ssm-agent: "documentTraceOutput": "",
Dec  4 17:46:42 seang1c amazon-ssm-agent: "runtimeStatus": null
Dec  4 17:46:42 seang1c amazon-ssm-agent: }
Dec  4 17:46:43 seang1c amazon-ssm-agent: 2019-12-04 17:46:42 INFO [MessagingDeliveryService] SendReply Response{
Dec  4 17:46:43 seang1c amazon-ssm-agent: Description: "Reply 571acc39-e895-4994-a2aa-2ccb67e8ddde was successfully sent.",
Dec  4 17:46:43 seang1c amazon-ssm-agent: MessageId: "aws.ssm.f52eea41-c94d-48e9-8735-bbbcf8a70b4d.i-09af207d8528b4d8a",
Dec  4 17:46:43 seang1c amazon-ssm-agent: ReplyId: "571acc39-e895-4994-a2aa-2ccb67e8ddde",
Dec  4 17:46:43 seang1c amazon-ssm-agent: ReplyStatus: "QUEUED"
Dec  4 17:46:43 seang1c amazon-ssm-agent: }
Dec  4 17:46:43 seang1c amazon-ssm-agent: 2019-12-04 17:46:42 INFO [MessagingDeliveryService] [messageID=aws.ssm.ca1e09f8-bcbb-45b0-8062-b12ada4fa8f6.i-09af207d8528b4d8a] Validating SSM parameters
Dec  4 17:46:43 seang1c amazon-ssm-agent: 2019-12-04 17:46:42 INFO [MessagingDeliveryService] Sending reply {
Dec  4 17:46:43 seang1c amazon-ssm-agent: "additionalInfo": {
Dec  4 17:46:43 seang1c amazon-ssm-agent: "agent": {
Dec  4 17:46:43 seang1c amazon-ssm-agent: "lang": "en-US",
Dec  4 17:46:43 seang1c amazon-ssm-agent: "name": "amazon-ssm-agent",
Dec  4 17:46:43 seang1c amazon-ssm-agent: "os": "",
Dec  4 17:46:43 seang1c amazon-ssm-agent: "osver": "1",
Dec  4 17:46:43 seang1c amazon-ssm-agent: "ver": ""
Dec  4 17:46:43 seang1c amazon-ssm-agent: },
Dec  4 17:46:43 seang1c amazon-ssm-agent: "dateTime": "2019-12-04T17:46:42.284Z",
Dec  4 17:46:43 seang1c amazon-ssm-agent: "runId": "",
Dec  4 17:46:43 seang1c amazon-ssm-agent: "runtimeStatusCounts": null
Dec  4 17:46:43 seang1c amazon-ssm-agent: },
Dec  4 17:46:43 seang1c amazon-ssm-agent: "documentStatus": "InProgress",
Dec  4 17:46:43 seang1c amazon-ssm-agent: "documentTraceOutput": "",
Dec  4 17:46:43 seang1c amazon-ssm-agent: "runtimeStatus": null
Dec  4 17:46:43 seang1c amazon-ssm-agent: }
Dec  4 17:46:43 seang1c amazon-ssm-agent: 2019-12-04 17:46:42 INFO [MessagingDeliveryService] SendReply Response{
Dec  4 17:46:43 seang1c amazon-ssm-agent: Description: "Reply 978a04c4-c25c-421d-ba02-be6a2b9f05d3 was successfully sent.",
Dec  4 17:46:43 seang1c amazon-ssm-agent: MessageId: "aws.ssm.ca1e09f8-bcbb-45b0-8062-b12ada4fa8f6.i-09af207d8528b4d8a",
Dec  4 17:46:43 seang1c amazon-ssm-agent: ReplyId: "978a04c4-c25c-421d-ba02-be6a2b9f05d3",
Dec  4 17:46:43 seang1c amazon-ssm-agent: ReplyStatus: "QUEUED"
Dec  4 17:46:43 seang1c amazon-ssm-agent: }
Dec  4 17:46:43 seang1c amazon-ssm-agent: 2019-12-04 17:46:42 INFO [MessagingDeliveryService] [EngineProcessor] [OutOfProcExecuter] [f52eea41-c94d-48e9-8735-bbbcf8a70b4d] channel: f52eea41-c94d-48e9-8735-bbbcf8a70b4d not found, creating a new file channel...
Dec  4 17:46:43 seang1c amazon-ssm-agent: 2019-12-04 17:46:42 INFO [MessagingDeliveryService] [EngineProcessor] [OutOfProcExecuter] [ca1e09f8-bcbb-45b0-8062-b12ada4fa8f6] channel: ca1e09f8-bcbb-45b0-8062-b12ada4fa8f6 not found, creating a new file channel...
Dec  4 17:46:43 seang1c amazon-ssm-agent: 2019-12-04 17:46:42 INFO [MessagingDeliveryService] [EngineProcessor] [OutOfProcExecuter] [f52eea41-c94d-48e9-8735-bbbcf8a70b4d] inter process communication started
Dec  4 17:46:43 seang1c amazon-ssm-agent: 2019-12-04 17:46:42 INFO [MessagingDeliveryService] [EngineProcessor] [OutOfProcExecuter] [ca1e09f8-bcbb-45b0-8062-b12ada4fa8f6] inter process communication started
Dec  4 17:46:46 seang1c amazon-ssm-agent: 2019-12-04 17:46:46 INFO [MessagingDeliveryService] [EngineProcessor] sending reply for plugin update: runsuppliedcommands
Dec  4 17:46:46 seang1c amazon-ssm-agent: 2019-12-04 17:46:46 INFO [MessagingDeliveryService] received plugin: runsuppliedcommands result from Processor
Dec  4 17:46:46 seang1c amazon-ssm-agent: 2019-12-04 17:46:46 INFO [MessagingDeliveryService] Sending reply {
Dec  4 17:46:46 seang1c amazon-ssm-agent: "additionalInfo": {
Dec  4 17:46:46 seang1c amazon-ssm-agent: "agent": {
Dec  4 17:46:46 seang1c amazon-ssm-agent: "lang": "en-US",
Dec  4 17:46:46 seang1c amazon-ssm-agent: "name": "amazon-ssm-agent",
Dec  4 17:46:46 seang1c amazon-ssm-agent: "os": "",
Dec  4 17:46:46 seang1c amazon-ssm-agent: "osver": "1",
Dec  4 17:46:46 seang1c amazon-ssm-agent: "ver": ""
Dec  4 17:46:46 seang1c amazon-ssm-agent: },
Dec  4 17:46:46 seang1c amazon-ssm-agent: "dateTime": "2019-12-04T17:46:46.121Z",
Dec  4 17:46:46 seang1c amazon-ssm-agent: "runId": "",
Dec  4 17:46:46 seang1c amazon-ssm-agent: "runtimeStatusCounts": {
Dec  4 17:46:46 seang1c amazon-ssm-agent: "Success": 1
Dec  4 17:46:46 seang1c amazon-ssm-agent: }
Dec  4 17:46:46 seang1c amazon-ssm-agent: },
Dec  4 17:46:46 seang1c amazon-ssm-agent: "documentStatus": "InProgress",
Dec  4 17:46:46 seang1c amazon-ssm-agent: "documentTraceOutput": "",
Dec  4 17:46:46 seang1c amazon-ssm-agent: "runtimeStatus": {
Dec  4 17:46:46 seang1c amazon-ssm-agent: "runsuppliedcommands": {
Dec  4 17:46:46 seang1c amazon-ssm-agent: "status": "Success",
Dec  4 17:46:46 seang1c amazon-ssm-agent: "code": 0,
Dec  4 17:46:46 seang1c amazon-ssm-agent: "name": "aws:runShellScript",
Dec  4 17:46:46 seang1c amazon-ssm-agent: "output": "\n----------ERROR-------\n  % Total    % Received % Xferd  Average Speed   Time    Time     Time  Current\n                                 Dload  Upload   Total   Spent    Left  Speed\n\r  0     0    0     0    0     0      0      0 --:--:-- --:--:-- --:--:--     0\r100    13  100    13    0     0  16839      0 --:--:-- --:--:-- --:--:-- 13000\n",
Dec  4 17:46:46 seang1c amazon-ssm-agent: "startDateTime": "2019-12-04T17:46:46.028Z",
Dec  4 17:46:46 seang1c amazon-ssm-agent: "endDateTime": "2019-12-04T17:46:46.062Z",
Dec  4 17:46:46 seang1c amazon-ssm-agent: "outputS3BucketName": "",
Dec  4 17:46:46 seang1c amazon-ssm-agent: "outputS3KeyPrefix": "",
Dec  4 17:46:46 seang1c amazon-ssm-agent: "stepName": "",
Dec  4 17:46:46 seang1c amazon-ssm-agent: "standardOutput": "",
Dec  4 17:46:46 seang1c amazon-ssm-agent: "standardError": "  % Total    % Received % Xferd  Average Speed   Time    Time     Time  Current\n                                 Dload  Upload   Total   Spent    Left  Speed\n\r  0     0    0     0    0     0      0      0 --:--:-- --:--:-- --:--:--     0\r100    13  100    13    0     0  16839      0 --:--:-- --:--:-- --:--:-- 13000\n"
Dec  4 17:46:46 seang1c amazon-ssm-agent: }
Dec  4 17:46:46 seang1c amazon-ssm-agent: }
Dec  4 17:46:46 seang1c amazon-ssm-agent: }
Dec  4 17:46:46 seang1c amazon-ssm-agent: 2019-12-04 17:46:46 INFO [MessagingDeliveryService] [EngineProcessor] [OutOfProcExecuter] [f52eea41-c94d-48e9-8735-bbbcf8a70b4d] requested terminate messaging worker, destroying the channel
Dec  4 17:46:46 seang1c amazon-ssm-agent: 2019-12-04 17:46:46 INFO [MessagingDeliveryService] [EngineProcessor] [OutOfProcExecuter] [f52eea41-c94d-48e9-8735-bbbcf8a70b4d] channel /var/lib/amazon/ssm/i-09af207d8528b4d8a/channels/f52eea41-c94d-48e9-8735-bbbcf8a70b4d requested close
Dec  4 17:46:46 seang1c amazon-ssm-agent: 2019-12-04 17:46:46 INFO [MessagingDeliveryService] [EngineProcessor] [OutOfProcExecuter] [f52eea41-c94d-48e9-8735-bbbcf8a70b4d] Executer closed
Dec  4 17:46:46 seang1c amazon-ssm-agent: 2019-12-04 17:46:46 INFO [MessagingDeliveryService] [EngineProcessor] sending document: f52eea41-c94d-48e9-8735-bbbcf8a70b4d complete response
Dec  4 17:46:46 seang1c amazon-ssm-agent: 2019-12-04 17:46:46 INFO [MessagingDeliveryService] [EngineProcessor] [OutOfProcExecuter] [f52eea41-c94d-48e9-8735-bbbcf8a70b4d] channel /var/lib/amazon/ssm/i-09af207d8528b4d8a/channels/f52eea41-c94d-48e9-8735-bbbcf8a70b4d closed
Dec  4 17:46:46 seang1c amazon-ssm-agent: 2019-12-04 17:46:46 INFO [MessagingDeliveryService] [EngineProcessor] [OutOfProcExecuter] [ca1e09f8-bcbb-45b0-8062-b12ada4fa8f6] requested terminate messaging worker, destroying the channel
Dec  4 17:46:46 seang1c amazon-ssm-agent: 2019-12-04 17:46:46 INFO [MessagingDeliveryService] [EngineProcessor] [OutOfProcExecuter] [ca1e09f8-bcbb-45b0-8062-b12ada4fa8f6] channel /var/lib/amazon/ssm/i-09af207d8528b4d8a/channels/ca1e09f8-bcbb-45b0-8062-b12ada4fa8f6 requested close
